
Optional file libmchp_peripheral.a not found

Optional file libmchp_peripheral_32MX430F064H.a not found
Archive member included to satisfy reference by file (symbol)

/opt/microchip/xc32/v4.10/bin/bin/../../lib/gcc/pic32mx/8.3.1/../../../../pic32mx/lib/libpic32.a(memcpy.o)
                              build/default/production/_ext/308758920/usb_device.o (memcpy)
/opt/microchip/xc32/v4.10/bin/bin/../../lib/gcc/pic32mx/8.3.1/../../../../pic32mx/lib/libpic32.a(default-on-reset.o)
                              /tmp/ccAppTAF.o (_on_reset)
/opt/microchip/xc32/v4.10/bin/bin/../../lib/gcc/pic32mx/8.3.1/../../../../pic32mx/lib/libpic32.a(default-on-bootstrap.o)
                              /tmp/ccAppTAF.o (_on_bootstrap)
/opt/microchip/xc32/v4.10/bin/bin/../../lib/gcc/pic32mx/8.3.1/../../../../pic32mx/lib/libpic32.a(default-nmi-handler.o)
                              /tmp/ccAppTAF.o (_nmi_handler)
/opt/microchip/xc32/v4.10/bin/bin/../../lib/gcc/pic32mx/8.3.1/../../../../pic32mx/lib/libpic32.a(pic32_data_init.o)
                              /tmp/ccAppTAF.o (__pic32_data_init)
/opt/microchip/xc32/v4.10/bin/bin/../../lib/gcc/pic32mx/8.3.1/../../../../pic32mx/lib/libpic32.a(general-exception.o)
                              /tmp/ccAppTAF.o (_general_exception_context)
/opt/microchip/xc32/v4.10/bin/bin/../../lib/gcc/pic32mx/8.3.1/../../../../pic32mx/lib/libpic32.a(vector0.o)
                              /tmp/ccJ976rW.o (__vector_dispatch_0)
/opt/microchip/xc32/v4.10/bin/bin/../../lib/gcc/pic32mx/8.3.1/../../../../pic32mx/lib/libpic32.a(vector1.o)
                              /tmp/ccJ976rW.o (__vector_dispatch_1)
/opt/microchip/xc32/v4.10/bin/bin/../../lib/gcc/pic32mx/8.3.1/../../../../pic32mx/lib/libpic32.a(vector2.o)
                              /tmp/ccJ976rW.o (__vector_dispatch_2)
/opt/microchip/xc32/v4.10/bin/bin/../../lib/gcc/pic32mx/8.3.1/../../../../pic32mx/lib/libpic32.a(vector3.o)
                              /tmp/ccJ976rW.o (__vector_dispatch_3)
/opt/microchip/xc32/v4.10/bin/bin/../../lib/gcc/pic32mx/8.3.1/../../../../pic32mx/lib/libpic32.a(vector4.o)
                              /tmp/ccJ976rW.o (__vector_dispatch_4)
/opt/microchip/xc32/v4.10/bin/bin/../../lib/gcc/pic32mx/8.3.1/../../../../pic32mx/lib/libpic32.a(vector5.o)
                              /tmp/ccJ976rW.o (__vector_dispatch_5)
/opt/microchip/xc32/v4.10/bin/bin/../../lib/gcc/pic32mx/8.3.1/../../../../pic32mx/lib/libpic32.a(vector6.o)
                              /tmp/ccJ976rW.o (__vector_dispatch_6)
/opt/microchip/xc32/v4.10/bin/bin/../../lib/gcc/pic32mx/8.3.1/../../../../pic32mx/lib/libpic32.a(vector7.o)
                              /tmp/ccJ976rW.o (__vector_dispatch_7)
/opt/microchip/xc32/v4.10/bin/bin/../../lib/gcc/pic32mx/8.3.1/../../../../pic32mx/lib/libpic32.a(vector8.o)
                              /tmp/ccJ976rW.o (__vector_dispatch_8)
/opt/microchip/xc32/v4.10/bin/bin/../../lib/gcc/pic32mx/8.3.1/../../../../pic32mx/lib/libpic32.a(vector9.o)
                              /tmp/ccJ976rW.o (__vector_dispatch_9)
/opt/microchip/xc32/v4.10/bin/bin/../../lib/gcc/pic32mx/8.3.1/../../../../pic32mx/lib/libpic32.a(vector10.o)
                              /tmp/ccJ976rW.o (__vector_dispatch_10)
/opt/microchip/xc32/v4.10/bin/bin/../../lib/gcc/pic32mx/8.3.1/../../../../pic32mx/lib/libpic32.a(vector11.o)
                              /tmp/ccJ976rW.o (__vector_dispatch_11)
/opt/microchip/xc32/v4.10/bin/bin/../../lib/gcc/pic32mx/8.3.1/../../../../pic32mx/lib/libpic32.a(vector12.o)
                              /tmp/ccJ976rW.o (__vector_dispatch_12)
/opt/microchip/xc32/v4.10/bin/bin/../../lib/gcc/pic32mx/8.3.1/../../../../pic32mx/lib/libpic32.a(vector13.o)
                              /tmp/ccJ976rW.o (__vector_dispatch_13)
/opt/microchip/xc32/v4.10/bin/bin/../../lib/gcc/pic32mx/8.3.1/../../../../pic32mx/lib/libpic32.a(vector14.o)
                              /tmp/ccJ976rW.o (__vector_dispatch_14)
/opt/microchip/xc32/v4.10/bin/bin/../../lib/gcc/pic32mx/8.3.1/../../../../pic32mx/lib/libpic32.a(vector15.o)
                              /tmp/ccJ976rW.o (__vector_dispatch_15)
/opt/microchip/xc32/v4.10/bin/bin/../../lib/gcc/pic32mx/8.3.1/../../../../pic32mx/lib/libpic32.a(vector16.o)
                              /tmp/ccJ976rW.o (__vector_dispatch_16)
/opt/microchip/xc32/v4.10/bin/bin/../../lib/gcc/pic32mx/8.3.1/../../../../pic32mx/lib/libpic32.a(vector17.o)
                              /tmp/ccJ976rW.o (__vector_dispatch_17)
/opt/microchip/xc32/v4.10/bin/bin/../../lib/gcc/pic32mx/8.3.1/../../../../pic32mx/lib/libpic32.a(vector18.o)
                              /tmp/ccJ976rW.o (__vector_dispatch_18)
/opt/microchip/xc32/v4.10/bin/bin/../../lib/gcc/pic32mx/8.3.1/../../../../pic32mx/lib/libpic32.a(vector19.o)
                              /tmp/ccJ976rW.o (__vector_dispatch_19)
/opt/microchip/xc32/v4.10/bin/bin/../../lib/gcc/pic32mx/8.3.1/../../../../pic32mx/lib/libpic32.a(vector20.o)
                              /tmp/ccJ976rW.o (__vector_dispatch_20)
[...]
Memory Configuration

Name             Origin             Length             Attributes
kseg0_program_mem 0x000000009d000000 0x0000000000010000 xr
kseg0_boot_mem   0x000000009fc00490 0x0000000000000970
exception_mem    0x000000009fc01000 0x0000000000001000
kseg1_boot_mem   0x00000000bfc00000 0x0000000000000490
debug_exec_mem   0x00000000bfc02000 0x0000000000000ff0
config3          0x00000000bfc02ff0 0x0000000000000004
config2          0x00000000bfc02ff4 0x0000000000000004
config1          0x00000000bfc02ff8 0x0000000000000004
config0          0x00000000bfc02ffc 0x0000000000000004
kseg1_data_mem   0x00000000a0000000 0x0000000000004000 w !x
sfrs             0x00000000bf800000 0x0000000000100000
configsfrs       0x00000000bfc02ff0 0x0000000000000010
*default*        0x0000000000000000 0xffffffffffffffff

Linker script and memory map

LOAD /opt/microchip/xc32/v4.10/bin/bin/../../lib/gcc/pic32mx/8.3.1/../../../../pic32mx/lib/debug-exception-return.o
LOAD build/default/production/_ext/2128569739/drv_usbfs.o
LOAD build/default/production/_ext/2128569739/drv_usbfs_device.o
LOAD build/default/production/_ext/60165520/plib_clk.o
LOAD build/default/production/_ext/1865200349/plib_evic.o
LOAD build/default/production/_ext/1865254177/plib_gpio.o
LOAD build/default/production/_ext/163028504/xc32_monitor.o
LOAD build/default/production/_ext/1881668453/sys_int.o
LOAD build/default/production/_ext/308758920/usb_device.o
LOAD build/default/production/_ext/308758920/usb_device_cdc.o
LOAD build/default/production/_ext/308758920/usb_device_cdc_acm.o
LOAD build/default/production/_ext/1171490990/initialization.o
LOAD build/default/production/_ext/1171490990/interrupts.o
LOAD build/default/production/_ext/1171490990/exceptions.o
LOAD build/default/production/_ext/1171490990/usb_device_init_data.o
LOAD build/default/production/_ext/1171490990/tasks.o
LOAD build/default/production/_ext/1360937237/main.o
LOAD build/default/production/_ext/1360937237/app.o
LOAD build/default/production/_ext/1360937237/cdc.o
                0x0000000000000001                __MPLAB_BUILD = 0x1
                0x0000000000000400                PROVIDE (_min_stack_size = 0x400)
START GROUP
LOAD libmchp_peripheral.a
END GROUP
START GROUP
LOAD libmchp_peripheral_32MX430F064H.a
END GROUP
                0x0000000000000001                PROVIDE (_vector_spacing = 0x1)
                0x000000009fc01000                PROVIDE (_ebase_address = 0x9fc01000)
                0x00000000bfc00000                _RESET_ADDR = 0xbfc00000
                0x00000000bfc00380                _BEV_EXCPT_ADDR = 0xbfc00380
                0x00000000bfc00480                _DBG_EXCPT_ADDR = 0xbfc00480
                0x00000000bfc02000                _DBG_CODE_ADDR = 0xbfc02000
                0x0000000000000ff0                _DBG_CODE_SIZE = 0xff0
                0x000000009fc01180                _GEN_EXCPT_ADDR = (_ebase_address + 0x180)

.config_BFC02FF0
                0x00000000bfc02ff0        0x4
 *(.config_BFC02FF0)
 .config_BFC02FF0
                0x00000000bfc02ff0        0x4 build/default/production/_ext/1171490990/initialization.o
                0x00000000bfc02ff0                __config_BFC02FF0

.config_BFC02FF4
                0x00000000bfc02ff4        0x4
 *(.config_BFC02FF4)
 .config_BFC02FF4
                0x00000000bfc02ff4        0x4 build/default/production/_ext/1171490990/initialization.o
                0x00000000bfc02ff4                __config_BFC02FF4

.config_BFC02FF8
                0x00000000bfc02ff8        0x4
 *(.config_BFC02FF8)
 .config_BFC02FF8
                0x00000000bfc02ff8        0x4 build/default/production/_ext/1171490990/initialization.o
                0x00000000bfc02ff8                __config_BFC02FF8

.config_BFC02FFC
                0x00000000bfc02ffc        0x4
 *(.config_BFC02FFC)
 .config_BFC02FFC
                0x00000000bfc02ffc        0x4 build/default/production/_ext/1171490990/initialization.o
                0x00000000bfc02ffc                __config_BFC02FFC

.reset          0x00000000bfc00000      0x19c
 *(.reset)
 .reset         0x00000000bfc00000        0x8 /tmp/ccAppTAF.o
                0x00000000bfc00000                _reset
 *(.reset.startup)
 .reset.startup
                0x00000000bfc00008      0x194 /tmp/ccAppTAF.o
                0x00000000bfc00008                _startup

.bev_excpt      0x00000000bfc00380       0x10
 *(.bev_handler)
 .bev_handler   0x00000000bfc00380       0x10 /tmp/ccAppTAF.o

.dbg_excpt      0x00000000bfc00480        0x0
                0x00000000bfc00480                . = (. + DEFINED (_DEBUGGER)?0x8:0x0)

.dbg_code       0x00000000bfc02000        0x0
                0x00000000bfc02000                . = (. + DEFINED (_DEBUGGER)?_DBG_CODE_SIZE:0x0)

.app_excpt      0x000000009fc01180       0x10
 *(.gen_handler)
 .gen_handler   0x000000009fc01180       0x10 /tmp/ccAppTAF.o

.vector_0       0x000000009fc01200        0x8
 *(.vector_0)
 .vector_0      0x000000009fc01200        0x8 /opt/microchip/xc32/v4.10/bin/bin/../../lib/gcc/pic32mx/8.3.1/../../../../pic32mx/lib/libpic32.a(vector0.o)
                0x000000009fc01200                __vector_dispatch_0
                0x0000000000000001                ASSERT (((_vector_spacing == 0x0) || (SIZEOF (.vector_0) <= (_vector_spacing << 0x5))), function at exception vector 0 too large)

.vector_1       0x000000009fc01220        0x8
 *(.vector_1)
 .vector_1      0x000000009fc01220        0x8 /opt/microchip/xc32/v4.10/bin/bin/../../lib/gcc/pic32mx/8.3.1/../../../../pic32mx/lib/libpic32.a(vector1.o)
                0x000000009fc01220                __vector_dispatch_1
                0x0000000000000001                ASSERT (((_vector_spacing == 0x0) || (SIZEOF (.vector_1) <= (_vector_spacing << 0x5))), function at exception vector 1 too large)

.vector_2       0x000000009fc01240        0x8
 *(.vector_2)
 .vector_2      0x000000009fc01240        0x8 /opt/microchip/xc32/v4.10/bin/bin/../../lib/gcc/pic32mx/8.3.1/../../../../pic32mx/lib/libpic32.a(vector2.o)
                0x000000009fc01240                __vector_dispatch_2
                0x0000000000000001                ASSERT (((_vector_spacing == 0x0) || (SIZEOF (.vector_2) <= (_vector_spacing << 0x5))), function at exception vector 2 too large)

.vector_3       0x000000009fc01260        0x8
 *(.vector_3)
 .vector_3      0x000000009fc01260        0x8 /opt/microchip/xc32/v4.10/bin/bin/../../lib/gcc/pic32mx/8.3.1/../../../../pic32mx/lib/libpic32.a(vector3.o)
                0x000000009fc01260                __vector_dispatch_3
                0x0000000000000001                ASSERT (((_vector_spacing == 0x0) || (SIZEOF (.vector_3) <= (_vector_spacing << 0x5))), function at exception vector 3 too large)

.vector_4       0x000000009fc01280        0x8
 *(.vector_4)
 .vector_4      0x000000009fc01280        0x8 /opt/microchip/xc32/v4.10/bin/bin/../../lib/gcc/pic32mx/8.3.1/../../../../pic32mx/lib/libpic32.a(vector4.o)
                0x000000009fc01280                __vector_dispatch_4
                0x0000000000000001                ASSERT (((_vector_spacing == 0x0) || (SIZEOF (.vector_4) <= (_vector_spacing << 0x5))), function at exception vector 4 too large)

.vector_5       0x000000009fc012a0        0x8
 *(.vector_5)
 .vector_5      0x000000009fc012a0        0x8 /opt/microchip/xc32/v4.10/bin/bin/../../lib/gcc/pic32mx/8.3.1/../../../../pic32mx/lib/libpic32.a(vector5.o)
                0x000000009fc012a0                __vector_dispatch_5
                0x0000000000000001                ASSERT (((_vector_spacing == 0x0) || (SIZEOF (.vector_5) <= (_vector_spacing << 0x5))), function at exception vector 5 too large)

.vector_6       0x000000009fc012c0        0x8
 *(.vector_6)
 .vector_6      0x000000009fc012c0        0x8 /opt/microchip/xc32/v4.10/bin/bin/../../lib/gcc/pic32mx/8.3.1/../../../../pic32mx/lib/libpic32.a(vector6.o)
                0x000000009fc012c0                __vector_dispatch_6
                0x0000000000000001                ASSERT (((_vector_spacing == 0x0) || (SIZEOF (.vector_6) <= (_vector_spacing << 0x5))), function at exception vector 6 too large)

.vector_7       0x000000009fc012e0        0x8
 *(.vector_7)
 .vector_7      0x000000009fc012e0        0x8 /opt/microchip/xc32/v4.10/bin/bin/../../lib/gcc/pic32mx/8.3.1/../../../../pic32mx/lib/libpic32.a(vector7.o)
                0x000000009fc012e0                __vector_dispatch_7
                0x0000000000000001                ASSERT (((_vector_spacing == 0x0) || (SIZEOF (.vector_7) <= (_vector_spacing << 0x5))), function at exception vector 7 too large)

.vector_8       0x000000009fc01300        0x8
 *(.vector_8)
 .vector_8      0x000000009fc01300        0x8 /opt/microchip/xc32/v4.10/bin/bin/../../lib/gcc/pic32mx/8.3.1/../../../../pic32mx/lib/libpic32.a(vector8.o)
                0x000000009fc01300                __vector_dispatch_8
                0x0000000000000001                ASSERT (((_vector_spacing == 0x0) || (SIZEOF (.vector_8) <= (_vector_spacing << 0x5))), function at exception vector 8 too large)

.vector_9       0x000000009fc01320        0x8
 *(.vector_9)
 .vector_9      0x000000009fc01320        0x8 /opt/microchip/xc32/v4.10/bin/bin/../../lib/gcc/pic32mx/8.3.1/../../../../pic32mx/lib/libpic32.a(vector9.o)
                0x000000009fc01320                __vector_dispatch_9
                0x0000000000000001                ASSERT (((_vector_spacing == 0x0) || (SIZEOF (.vector_9) <= (_vector_spacing << 0x5))), function at exception vector 9 too large)

.vector_10      0x000000009fc01340        0x8
 *(.vector_10)
 .vector_10     0x000000009fc01340        0x8 /opt/microchip/xc32/v4.10/bin/bin/../../lib/gcc/pic32mx/8.3.1/../../../../pic32mx/lib/libpic32.a(vector10.o)
                0x000000009fc01340                __vector_dispatch_10
                0x0000000000000001                ASSERT (((_vector_spacing == 0x0) || (SIZEOF (.vector_10) <= (_vector_spacing << 0x5))), function at exception vector 10 too large)

.vector_11      0x000000009fc01360        0x8
 *(.vector_11)
 .vector_11     0x000000009fc01360        0x8 /opt/microchip/xc32/v4.10/bin/bin/../../lib/gcc/pic32mx/8.3.1/../../../../pic32mx/lib/libpic32.a(vector11.o)
                0x000000009fc01360                __vector_dispatch_11
                0x0000000000000001                ASSERT (((_vector_spacing == 0x0) || (SIZEOF (.vector_11) <= (_vector_spacing << 0x5))), function at exception vector 11 too large)

.vector_12      0x000000009fc01380        0x8
 *(.vector_12)
 .vector_12     0x000000009fc01380        0x8 /opt/microchip/xc32/v4.10/bin/bin/../../lib/gcc/pic32mx/8.3.1/../../../../pic32mx/lib/libpic32.a(vector12.o)
                0x000000009fc01380                __vector_dispatch_12
                0x0000000000000001                ASSERT (((_vector_spacing == 0x0) || (SIZEOF (.vector_12) <= (_vector_spacing << 0x5))), function at exception vector 12 too large)

.vector_13      0x000000009fc013a0        0x8
 *(.vector_13)
 .vector_13     0x000000009fc013a0        0x8 /opt/microchip/xc32/v4.10/bin/bin/../../lib/gcc/pic32mx/8.3.1/../../../../pic32mx/lib/libpic32.a(vector13.o)
                0x000000009fc013a0                __vector_dispatch_13
                0x0000000000000001                ASSERT (((_vector_spacing == 0x0) || (SIZEOF (.vector_13) <= (_vector_spacing << 0x5))), function at exception vector 13 too large)

.vector_14      0x000000009fc013c0        0x8
 *(.vector_14)
 .vector_14     0x000000009fc013c0        0x8 /opt/microchip/xc32/v4.10/bin/bin/../../lib/gcc/pic32mx/8.3.1/../../../../pic32mx/lib/libpic32.a(vector14.o)
                0x000000009fc013c0                __vector_dispatch_14
                0x0000000000000001                ASSERT (((_vector_spacing == 0x0) || (SIZEOF (.vector_14) <= (_vector_spacing << 0x5))), function at exception vector 14 too large)

.vector_15      0x000000009fc013e0        0x8
 *(.vector_15)
 .vector_15     0x000000009fc013e0        0x8 /opt/microchip/xc32/v4.10/bin/bin/../../lib/gcc/pic32mx/8.3.1/../../../../pic32mx/lib/libpic32.a(vector15.o)
                0x000000009fc013e0                __vector_dispatch_15
                0x0000000000000001                ASSERT (((_vector_spacing == 0x0) || (SIZEOF (.vector_15) <= (_vector_spacing << 0x5))), function at exception vector 15 too large)

.vector_16      0x000000009fc01400        0x8
 *(.vector_16)
 .vector_16     0x000000009fc01400        0x8 /opt/microchip/xc32/v4.10/bin/bin/../../lib/gcc/pic32mx/8.3.1/../../../../pic32mx/lib/libpic32.a(vector16.o)
                0x000000009fc01400                __vector_dispatch_16
                0x0000000000000001                ASSERT (((_vector_spacing == 0x0) || (SIZEOF (.vector_16) <= (_vector_spacing << 0x5))), function at exception vector 16 too large)

.vector_17      0x000000009fc01420        0x8
 *(.vector_17)
 .vector_17     0x000000009fc01420        0x8 /opt/microchip/xc32/v4.10/bin/bin/../../lib/gcc/pic32mx/8.3.1/../../../../pic32mx/lib/libpic32.a(vector17.o)
                0x000000009fc01420                __vector_dispatch_17
                0x0000000000000001                ASSERT (((_vector_spacing == 0x0) || (SIZEOF (.vector_17) <= (_vector_spacing << 0x5))), function at exception vector 17 too large)

.vector_18      0x000000009fc01440        0x8
 *(.vector_18)
 .vector_18     0x000000009fc01440        0x8 /opt/microchip/xc32/v4.10/bin/bin/../../lib/gcc/pic32mx/8.3.1/../../../../pic32mx/lib/libpic32.a(vector18.o)
                0x000000009fc01440                __vector_dispatch_18
                0x0000000000000001                ASSERT (((_vector_spacing == 0x0) || (SIZEOF (.vector_18) <= (_vector_spacing << 0x5))), function at exception vector 18 too large)

.vector_19      0x000000009fc01460        0x8
 *(.vector_19)
 .vector_19     0x000000009fc01460        0x8 /opt/microchip/xc32/v4.10/bin/bin/../../lib/gcc/pic32mx/8.3.1/../../../../pic32mx/lib/libpic32.a(vector19.o)
                0x000000009fc01460                __vector_dispatch_19
                0x0000000000000001                ASSERT (((_vector_spacing == 0x0) || (SIZEOF (.vector_19) <= (_vector_spacing << 0x5))), function at exception vector 19 too large)

.vector_20      0x000000009fc01480        0x8
 *(.vector_20)
 .vector_20     0x000000009fc01480        0x8 /opt/microchip/xc32/v4.10/bin/bin/../../lib/gcc/pic32mx/8.3.1/../../../../pic32mx/lib/libpic32.a(vector20.o)
                0x000000009fc01480                __vector_dispatch_20
                0x0000000000000001                ASSERT (((_vector_spacing == 0x0) || (SIZEOF (.vector_20) <= (_vector_spacing << 0x5))), function at exception vector 20 too large)

.vector_21      0x000000009fc014a0        0x8
 *(.vector_21)
 .vector_21     0x000000009fc014a0        0x8 /opt/microchip/xc32/v4.10/bin/bin/../../lib/gcc/pic32mx/8.3.1/../../../../pic32mx/lib/libpic32.a(vector21.o)
                0x000000009fc014a0                __vector_dispatch_21
                0x0000000000000001                ASSERT (((_vector_spacing == 0x0) || (SIZEOF (.vector_21) <= (_vector_spacing << 0x5))), function at exception vector 21 too large)

.vector_22      0x000000009fc014c0        0x8
 *(.vector_22)
 .vector_22     0x000000009fc014c0        0x8 /opt/microchip/xc32/v4.10/bin/bin/../../lib/gcc/pic32mx/8.3.1/../../../../pic32mx/lib/libpic32.a(vector22.o)
                0x000000009fc014c0                __vector_dispatch_22
                0x0000000000000001                ASSERT (((_vector_spacing == 0x0) || (SIZEOF (.vector_22) <= (_vector_spacing << 0x5))), function at exception vector 22 too large)

.vector_23      0x000000009fc014e0        0x8
 *(.vector_23)
 .vector_23     0x000000009fc014e0        0x8 /opt/microchip/xc32/v4.10/bin/bin/../../lib/gcc/pic32mx/8.3.1/../../../../pic32mx/lib/libpic32.a(vector23.o)
                0x000000009fc014e0                __vector_dispatch_23
                0x0000000000000001                ASSERT (((_vector_spacing == 0x0) || (SIZEOF (.vector_23) <= (_vector_spacing << 0x5))), function at exception vector 23 too large)

.vector_24      0x000000009fc01500        0x8
 *(.vector_24)
 .vector_24     0x000000009fc01500        0x8 /opt/microchip/xc32/v4.10/bin/bin/../../lib/gcc/pic32mx/8.3.1/../../../../pic32mx/lib/libpic32.a(vector24.o)
                0x000000009fc01500                __vector_dispatch_24
                0x0000000000000001                ASSERT (((_vector_spacing == 0x0) || (SIZEOF (.vector_24) <= (_vector_spacing << 0x5))), function at exception vector 24 too large)

.vector_25      0x000000009fc01520        0x8
 *(.vector_25)
 .vector_25     0x000000009fc01520        0x8 /opt/microchip/xc32/v4.10/bin/bin/../../lib/gcc/pic32mx/8.3.1/../../../../pic32mx/lib/libpic32.a(vector25.o)
                0x000000009fc01520                __vector_dispatch_25
                0x0000000000000001                ASSERT (((_vector_spacing == 0x0) || (SIZEOF (.vector_25) <= (_vector_spacing << 0x5))), function at exception vector 25 too large)

.vector_26      0x000000009fc01540        0x8
 *(.vector_26)
 .vector_26     0x000000009fc01540        0x8 /opt/microchip/xc32/v4.10/bin/bin/../../lib/gcc/pic32mx/8.3.1/../../../../pic32mx/lib/libpic32.a(vector26.o)
                0x000000009fc01540                __vector_dispatch_26
                0x0000000000000001                ASSERT (((_vector_spacing == 0x0) || (SIZEOF (.vector_26) <= (_vector_spacing << 0x5))), function at exception vector 26 too large)

.vector_27      0x000000009fc01560        0x8
 *(.vector_27)
 .vector_27     0x000000009fc01560        0x8 /opt/microchip/xc32/v4.10/bin/bin/../../lib/gcc/pic32mx/8.3.1/../../../../pic32mx/lib/libpic32.a(vector27.o)
                0x000000009fc01560                __vector_dispatch_27
                0x0000000000000001                ASSERT (((_vector_spacing == 0x0) || (SIZEOF (.vector_27) <= (_vector_spacing << 0x5))), function at exception vector 27 too large)

.vector_28      0x000000009fc01580        0x8
 *(.vector_28)
 .vector_28     0x000000009fc01580        0x8 /opt/microchip/xc32/v4.10/bin/bin/../../lib/gcc/pic32mx/8.3.1/../../../../pic32mx/lib/libpic32.a(vector28.o)
                0x000000009fc01580                __vector_dispatch_28
                0x0000000000000001                ASSERT (((_vector_spacing == 0x0) || (SIZEOF (.vector_28) <= (_vector_spacing << 0x5))), function at exception vector 28 too large)

.vector_29      0x000000009fc015a0        0x8
 *(.vector_29)
 .vector_29     0x000000009fc015a0        0x8 build/default/production/_ext/1171490990/interrupts.o
                0x000000009fc015a0                __vector_dispatch_29
                0x0000000000000001                ASSERT (((_vector_spacing == 0x0) || (SIZEOF (.vector_29) <= (_vector_spacing << 0x5))), function at exception vector 29 too large)

.vector_30      0x000000009fc015c0        0x8
 *(.vector_30)
 .vector_30     0x000000009fc015c0        0x8 /opt/microchip/xc32/v4.10/bin/bin/../../lib/gcc/pic32mx/8.3.1/../../../../pic32mx/lib/libpic32.a(vector30.o)
                0x000000009fc015c0                __vector_dispatch_30
                0x0000000000000001                ASSERT (((_vector_spacing == 0x0) || (SIZEOF (.vector_30) <= (_vector_spacing << 0x5))), function at exception vector 30 too large)

.vector_31      0x000000009fc015e0        0x8
 *(.vector_31)
 .vector_31     0x000000009fc015e0        0x8 /opt/microchip/xc32/v4.10/bin/bin/../../lib/gcc/pic32mx/8.3.1/../../../../pic32mx/lib/libpic32.a(vector31.o)
                0x000000009fc015e0                __vector_dispatch_31
                0x0000000000000001                ASSERT (((_vector_spacing == 0x0) || (SIZEOF (.vector_31) <= (_vector_spacing << 0x5))), function at exception vector 31 too large)

.vector_32      0x000000009fc01600        0x8
 *(.vector_32)
 .vector_32     0x000000009fc01600        0x8 /opt/microchip/xc32/v4.10/bin/bin/../../lib/gcc/pic32mx/8.3.1/../../../../pic32mx/lib/libpic32.a(vector32.o)
                0x000000009fc01600                __vector_dispatch_32
                0x0000000000000001                ASSERT (((_vector_spacing == 0x0) || (SIZEOF (.vector_32) <= (_vector_spacing << 0x5))), function at exception vector 32 too large)

.vector_33      0x000000009fc01620        0x8
 *(.vector_33)
 .vector_33     0x000000009fc01620        0x8 /opt/microchip/xc32/v4.10/bin/bin/../../lib/gcc/pic32mx/8.3.1/../../../../pic32mx/lib/libpic32.a(vector33.o)
                0x000000009fc01620                __vector_dispatch_33
                0x0000000000000001                ASSERT (((_vector_spacing == 0x0) || (SIZEOF (.vector_33) <= (_vector_spacing << 0x5))), function at exception vector 33 too large)

.vector_34      0x000000009fc01640        0x8
 *(.vector_34)
 .vector_34     0x000000009fc01640        0x8 /opt/microchip/xc32/v4.10/bin/bin/../../lib/gcc/pic32mx/8.3.1/../../../../pic32mx/lib/libpic32.a(vector34.o)
                0x000000009fc01640                __vector_dispatch_34
                0x0000000000000001                ASSERT (((_vector_spacing == 0x0) || (SIZEOF (.vector_34) <= (_vector_spacing << 0x5))), function at exception vector 34 too large)

.vector_35      0x000000009fc01660        0x8
 *(.vector_35)
 .vector_35     0x000000009fc01660        0x8 /opt/microchip/xc32/v4.10/bin/bin/../../lib/gcc/pic32mx/8.3.1/../../../../pic32mx/lib/libpic32.a(vector35.o)
                0x000000009fc01660                __vector_dispatch_35
                0x0000000000000001                ASSERT (((_vector_spacing == 0x0) || (SIZEOF (.vector_35) <= (_vector_spacing << 0x5))), function at exception vector 35 too large)

.vector_36      0x000000009fc01680        0x8
 *(.vector_36)
 .vector_36     0x000000009fc01680        0x8 /opt/microchip/xc32/v4.10/bin/bin/../../lib/gcc/pic32mx/8.3.1/../../../../pic32mx/lib/libpic32.a(vector36.o)
                0x000000009fc01680                __vector_dispatch_36
                0x0000000000000001                ASSERT (((_vector_spacing == 0x0) || (SIZEOF (.vector_36) <= (_vector_spacing << 0x5))), function at exception vector 36 too large)

.vector_37      0x000000009fc016a0        0x8
 *(.vector_37)
 .vector_37     0x000000009fc016a0        0x8 /opt/microchip/xc32/v4.10/bin/bin/../../lib/gcc/pic32mx/8.3.1/../../../../pic32mx/lib/libpic32.a(vector37.o)
                0x000000009fc016a0                __vector_dispatch_37
                0x0000000000000001                ASSERT (((_vector_spacing == 0x0) || (SIZEOF (.vector_37) <= (_vector_spacing << 0x5))), function at exception vector 37 too large)

.vector_38      0x000000009fc016c0        0x8
 *(.vector_38)
 .vector_38     0x000000009fc016c0        0x8 /opt/microchip/xc32/v4.10/bin/bin/../../lib/gcc/pic32mx/8.3.1/../../../../pic32mx/lib/libpic32.a(vector38.o)
                0x000000009fc016c0                __vector_dispatch_38
                0x0000000000000001                ASSERT (((_vector_spacing == 0x0) || (SIZEOF (.vector_38) <= (_vector_spacing << 0x5))), function at exception vector 38 too large)

.vector_39      0x000000009fc016e0        0x8
 *(.vector_39)
 .vector_39     0x000000009fc016e0        0x8 /opt/microchip/xc32/v4.10/bin/bin/../../lib/gcc/pic32mx/8.3.1/../../../../pic32mx/lib/libpic32.a(vector39.o)
                0x000000009fc016e0                __vector_dispatch_39
                0x0000000000000001                ASSERT (((_vector_spacing == 0x0) || (SIZEOF (.vector_39) <= (_vector_spacing << 0x5))), function at exception vector 39 too large)

.vector_40      0x000000009fc01700        0x8
 *(.vector_40)
 .vector_40     0x000000009fc01700        0x8 /opt/microchip/xc32/v4.10/bin/bin/../../lib/gcc/pic32mx/8.3.1/../../../../pic32mx/lib/libpic32.a(vector40.o)
                0x000000009fc01700                __vector_dispatch_40
                0x0000000000000001                ASSERT (((_vector_spacing == 0x0) || (SIZEOF (.vector_40) <= (_vector_spacing << 0x5))), function at exception vector 40 too large)

.vector_41      0x000000009fc01720        0x8
 *(.vector_41)
 .vector_41     0x000000009fc01720        0x8 /opt/microchip/xc32/v4.10/bin/bin/../../lib/gcc/pic32mx/8.3.1/../../../../pic32mx/lib/libpic32.a(vector41.o)
                0x000000009fc01720                __vector_dispatch_41
                0x0000000000000001                ASSERT (((_vector_spacing == 0x0) || (SIZEOF (.vector_41) <= (_vector_spacing << 0x5))), function at exception vector 41 too large)

.vector_42      0x000000009fc01740        0x8
 *(.vector_42)
 .vector_42     0x000000009fc01740        0x8 /opt/microchip/xc32/v4.10/bin/bin/../../lib/gcc/pic32mx/8.3.1/../../../../pic32mx/lib/libpic32.a(vector42.o)
                0x000000009fc01740                __vector_dispatch_42
                0x0000000000000001                ASSERT (((_vector_spacing == 0x0) || (SIZEOF (.vector_42) <= (_vector_spacing << 0x5))), function at exception vector 42 too large)

.vector_43      0x000000009fc01760        0x8
 *(.vector_43)
 .vector_43     0x000000009fc01760        0x8 /opt/microchip/xc32/v4.10/bin/bin/../../lib/gcc/pic32mx/8.3.1/../../../../pic32mx/lib/libpic32.a(vector43.o)
                0x000000009fc01760                __vector_dispatch_43
                0x0000000000000001                ASSERT (((_vector_spacing == 0x0) || (SIZEOF (.vector_43) <= (_vector_spacing << 0x5))), function at exception vector 43 too large)

.vector_44      0x000000009fc01780        0x8
 *(.vector_44)
 .vector_44     0x000000009fc01780        0x8 /opt/microchip/xc32/v4.10/bin/bin/../../lib/gcc/pic32mx/8.3.1/../../../../pic32mx/lib/libpic32.a(vector44.o)
                0x000000009fc01780                __vector_dispatch_44
                0x0000000000000001                ASSERT (((_vector_spacing == 0x0) || (SIZEOF (.vector_44) <= (_vector_spacing << 0x5))), function at exception vector 44 too large)

.vector_45      0x000000009fc017a0        0x8
 *(.vector_45)
 .vector_45     0x000000009fc017a0        0x8 /opt/microchip/xc32/v4.10/bin/bin/../../lib/gcc/pic32mx/8.3.1/../../../../pic32mx/lib/libpic32.a(vector45.o)
                0x000000009fc017a0                __vector_dispatch_45
                0x0000000000000001                ASSERT (((_vector_spacing == 0x0) || (SIZEOF (.vector_45) <= (_vector_spacing << 0x5))), function at exception vector 45 too large)

.vector_46      0x000000009fc017c0        0x0
 *(.vector_46)
                0x0000000000000001                ASSERT (((_vector_spacing == 0x0) || (SIZEOF (.vector_46) <= (_vector_spacing << 0x5))), function at exception vector 46 too large)

.vector_47      0x000000009fc017e0        0x0
 *(.vector_47)
                0x0000000000000001                ASSERT (((_vector_spacing == 0x0) || (SIZEOF (.vector_47) <= (_vector_spacing << 0x5))), function at exception vector 47 too large)

.vector_48      0x000000009fc01800        0x0
 *(.vector_48)
                0x0000000000000001                ASSERT (((_vector_spacing == 0x0) || (SIZEOF (.vector_48) <= (_vector_spacing << 0x5))), function at exception vector 48 too large)

.vector_49      0x000000009fc01820        0x0
 *(.vector_49)
                0x0000000000000001                ASSERT (((_vector_spacing == 0x0) || (SIZEOF (.vector_49) <= (_vector_spacing << 0x5))), function at exception vector 49 too large)

.vector_50      0x000000009fc01840        0x0
 *(.vector_50)
                0x0000000000000001                ASSERT (((_vector_spacing == 0x0) || (SIZEOF (.vector_50) <= (_vector_spacing << 0x5))), function at exception vector 50 too large)

.vector_51      0x000000009fc01860        0x0
 *(.vector_51)
                0x0000000000000001                ASSERT (((_vector_spacing == 0x0) || (SIZEOF (.vector_51) <= (_vector_spacing << 0x5))), function at exception vector 51 too large)

.vector_52      0x000000009fc01880        0x0
 *(.vector_52)
                0x0000000000000001                ASSERT (((_vector_spacing == 0x0) || (SIZEOF (.vector_52) <= (_vector_spacing << 0x5))), function at exception vector 52 too large)

.vector_53      0x000000009fc018a0        0x0
 *(.vector_53)
                0x0000000000000001                ASSERT (((_vector_spacing == 0x0) || (SIZEOF (.vector_53) <= (_vector_spacing << 0x5))), function at exception vector 53 too large)

.vector_54      0x000000009fc018c0        0x0
 *(.vector_54)
                0x0000000000000001                ASSERT (((_vector_spacing == 0x0) || (SIZEOF (.vector_54) <= (_vector_spacing << 0x5))), function at exception vector 54 too large)

.vector_55      0x000000009fc018e0        0x0
 *(.vector_55)
                0x0000000000000001                ASSERT (((_vector_spacing == 0x0) || (SIZEOF (.vector_55) <= (_vector_spacing << 0x5))), function at exception vector 55 too large)

.vector_56      0x000000009fc01900        0x0
 *(.vector_56)
                0x0000000000000001                ASSERT (((_vector_spacing == 0x0) || (SIZEOF (.vector_56) <= (_vector_spacing << 0x5))), function at exception vector 56 too large)

.vector_57      0x000000009fc01920        0x0
 *(.vector_57)
                0x0000000000000001                ASSERT (((_vector_spacing == 0x0) || (SIZEOF (.vector_57) <= (_vector_spacing << 0x5))), function at exception vector 57 too large)

.vector_58      0x000000009fc01940        0x0
 *(.vector_58)
                0x0000000000000001                ASSERT (((_vector_spacing == 0x0) || (SIZEOF (.vector_58) <= (_vector_spacing << 0x5))), function at exception vector 58 too large)

.vector_59      0x000000009fc01960        0x0
 *(.vector_59)
                0x0000000000000001                ASSERT (((_vector_spacing == 0x0) || (SIZEOF (.vector_59) <= (_vector_spacing << 0x5))), function at exception vector 59 too large)

.vector_60      0x000000009fc01980        0x0
 *(.vector_60)
                0x0000000000000001                ASSERT (((_vector_spacing == 0x0) || (SIZEOF (.vector_60) <= (_vector_spacing << 0x5))), function at exception vector 60 too large)

.vector_61      0x000000009fc019a0        0x0
 *(.vector_61)
                0x0000000000000001                ASSERT (((_vector_spacing == 0x0) || (SIZEOF (.vector_61) <= (_vector_spacing << 0x5))), function at exception vector 61 too large)

.vector_62      0x000000009fc019c0        0x0
 *(.vector_62)
                0x0000000000000001                ASSERT (((_vector_spacing == 0x0) || (SIZEOF (.vector_62) <= (_vector_spacing << 0x5))), function at exception vector 62 too large)

.vector_63      0x000000009fc019e0        0x0
 *(.vector_63)
                0x0000000000000001                ASSERT (((_vector_spacing == 0x0) || (SIZEOF (.vector_63) <= (_vector_spacing << 0x5))), function at exception vector 63 too large)

.startup
 *(.startup)

.text           0x000000009d000000        0x0
 *(.stub .gnu.linkonce.t.*)
 *(.text.*personality*)
 *(.mips16.fn.*)
 *(.mips16.call.*)
 *(.gnu.warning)
                0x000000009d000000                . = ALIGN (0x4)

.init           0x000000009d000000        0x0
 *crti.o(.init)
 *crtbegin.o(.init)
 *(EXCLUDE_FILE(*crtn.o *crtend?.o *crtend.o) .init)
 *crtend.o(.init)
 *crtn.o(.init)
                0x000000009d000000                . = ALIGN (0x4)

.fini           0x000000009d000000        0x0
 *(.fini)
                0x000000009d000000                . = ALIGN (0x4)

.preinit_array  0x000000009d000000        0x0
                [!provide]                        PROVIDE (__preinit_array_start = .)
 *(.preinit_array)
                [!provide]                        PROVIDE (__preinit_array_end = .)
                0x000000009d000000                . = ALIGN (0x4)

.init_array     0x000000009d000000        0x0
                [!provide]                        PROVIDE (__init_array_start = .)
 *(SORT_BY_NAME(.init_array.*))
 *(.init_array)
                [!provide]                        PROVIDE (__init_array_end = .)
                0x000000009d000000                . = ALIGN (0x4)

.fini_array     0x000000009d000000        0x0
                [!provide]                        PROVIDE (__fini_array_start = .)
 *(SORT_BY_NAME(.fini_array.*))
 *(.fini_array)
                [!provide]                        PROVIDE (__fini_array_end = .)
                0x000000009d000000                . = ALIGN (0x4)

.ctors          0x000000009d000000        0x0
 *crtbegin.o(.ctors)
 *crtbegin?.o(.ctors)
 *(EXCLUDE_FILE(*crtend?.o *crtend.o) .ctors)
 *(SORT_BY_NAME(.ctors.*))
 *(.ctors)
                0x000000009d000000                . = ALIGN (0x4)

.dtors          0x000000009d000000        0x0
 *crtbegin.o(.dtors)
 *crtbegin?.o(.dtors)
 *(EXCLUDE_FILE(*crtend?.o *crtend.o) .dtors)
 *(SORT_BY_NAME(.dtors.*))
 *(.dtors)
                0x000000009d000000                . = ALIGN (0x4)

.rodata         0x000000009d000000        0x0
 *(.gnu.linkonce.r.*)
 *(.rodata1)
                0x000000009d000000                . = ALIGN (0x4)

.sdata2         0x000000009d000000        0x0
 *(.sdata2 .sdata2.* .gnu.linkonce.s2.*)
                0x000000009d000000                . = ALIGN (0x4)

.sbss2          0x000000009d000000        0x0
 *(.sbss2 .sbss2.* .gnu.linkonce.sb2.*)
                0x000000009d000000                . = ALIGN (0x4)

.eh_frame_hdr
 *(.eh_frame_hdr)
                0x000000009d000000                . = ALIGN (0x4)

.eh_frame
 *(.eh_frame)
                0x000000009d000000                . = ALIGN (0x4)

.gcc_except_table
 *(.gcc_except_table .gcc_except_table.*)
                0x000000009d000000                . = ALIGN (0x4)

.dbg_data       0x00000000a0000000        0x0
                0x00000000a0000000                . = (. + DEFINED (_DEBUGGER)?0x200:0x0)

.jcr            0x00000000a0000000        0x0
 *(.jcr)
                0x00000000a0000000                . = ALIGN (0x4)

.eh_frame
 *(.eh_frame)
                0x00000000a0000000                . = ALIGN (0x4)

.gcc_except_table
 *(.gcc_except_table .gcc_except_table.*)
                0x00000000a0000000                . = ALIGN (0x4)

.persist        0x00000000a0000000        0x0
                0x00000000a0000000                _persist_begin = .
 *(.persist .persist.*)
                0x00000000a0000000                . = ALIGN (0x4)
                0x00000000a0000000                _persist_end = .

.data           0x00000000a0000000        0x0
 *(.gnu.linkonce.d.*)
 *(.data1)
                0x00000000a0000000                . = ALIGN (0x4)
                0x00000000a0000000                . = .
                0x00000000a0007ff0                _gp = (ALIGN (0x10) + 0x7ff0)

.got            0x00000000a0000000        0x0
 *(.got.plt)
 *(.got)
                0x00000000a0000000                . = ALIGN (0x4)

.sdata          0x00000000a0000000        0x8
                0x00000000a0000000                _sdata_begin = .
 *(.sdata .sdata.* .gnu.linkonce.s.*)
 .sdata         0x00000000a0000000        0x7 build/default/production/_ext/1360937237/cdc.o
                0x00000000a0000000                lineCoding
                0x00000000a0000008                . = ALIGN (0x4)
 *fill*         0x00000000a0000007        0x1 
                0x00000000a0000008                _sdata_end = .

.lit8
 *(.lit8)

.lit4
 *(.lit4)
                0x00000000a0000008                . = ALIGN (0x4)
                0x00000000a0000008                _data_end = .
                0x00000000a0000008                _bss_begin = .

.sbss           0x00000000a0000008       0x14
                0x00000000a0000008                _sbss_begin = .
 *(.dynsbss)
 *(.sbss .sbss.* .gnu.linkonce.sb.*)
 .sbss          0x00000000a0000008        0x2 build/default/production/_ext/308758920/usb_device_cdc.o
                0x00000000a0000008                gUSBDeviceCdcCommonDataObj
 *fill*         0x00000000a000000a        0x2 
 .sbss          0x00000000a000000c        0x8 build/default/production/_ext/1171490990/initialization.o
                0x00000000a000000c                sysObj
 .sbss          0x00000000a0000014        0x6 build/default/production/_ext/1360937237/cdc.o
                0x00000000a0000014                controlLineStateData
                0x00000000a0000018                breakDuration
 *(.scommon)
                0x00000000a000001a                _sbss_end = .
                0x00000000a000001c                . = ALIGN (0x4)
 *fill*         0x00000000a000001a        0x2 

.bss            0x00000000a000001c        0x0
 *(.dynbss)
 *(COMMON)
                0x00000000a000001c                . = ALIGN ((. != 0x0)?0x4:0x1)
                0x00000000a000001c                . = ALIGN (0x4)
                0x00000000a000001c                _end = .
                0x00000000a000001c                _bss_end = .
                0x0000000000004000                _bmxdudba_address = LENGTH (kseg1_data_mem)
                0x0000000000004000                _bmxdupba_address = LENGTH (kseg1_data_mem)

/DISCARD/
 *(.pdr)
 *(.rel.dyn)
 *(.note.GNU-stack)
 *(.note.GNU-stack)
 *(.gnu_debuglink)
 *(.gnu.lto_*)
 *(.discard)

.gptab.sdata
 *(.gptab.data)
 *(.gptab.sdata)

.gptab.sbss
 *(.gptab.bss)
 *(.gptab.sbss)

.mdebug.abi32   0x0000000000000000        0x0
 *(.mdebug.abi32)
 .mdebug.abi32  0x0000000000000000        0x0 build/default/production/_ext/2128569739/drv_usbfs.o
 .mdebug.abi32  0x0000000000000000        0x0 build/default/production/_ext/2128569739/drv_usbfs_device.o
 .mdebug.abi32  0x0000000000000000        0x0 build/default/production/_ext/60165520/plib_clk.o
 .mdebug.abi32  0x0000000000000000        0x0 build/default/production/_ext/1865200349/plib_evic.o
 .mdebug.abi32  0x0000000000000000        0x0 build/default/production/_ext/1865254177/plib_gpio.o
 .mdebug.abi32  0x0000000000000000        0x0 build/default/production/_ext/163028504/xc32_monitor.o
 .mdebug.abi32  0x0000000000000000        0x0 build/default/production/_ext/1881668453/sys_int.o
 .mdebug.abi32  0x0000000000000000        0x0 build/default/production/_ext/308758920/usb_device.o
 .mdebug.abi32  0x0000000000000000        0x0 build/default/production/_ext/308758920/usb_device_cdc.o
 .mdebug.abi32  0x0000000000000000        0x0 build/default/production/_ext/308758920/usb_device_cdc_acm.o
 .mdebug.abi32  0x0000000000000000        0x0 build/default/production/_ext/1171490990/initialization.o
 .mdebug.abi32  0x0000000000000000        0x0 build/default/production/_ext/1171490990/interrupts.o
 .mdebug.abi32  0x0000000000000000        0x0 build/default/production/_ext/1171490990/exceptions.o
 .mdebug.abi32  0x0000000000000000        0x0 build/default/production/_ext/1171490990/usb_device_init_data.o
 .mdebug.abi32  0x0000000000000000        0x0 build/default/production/_ext/1171490990/tasks.o
 .mdebug.abi32  0x0000000000000000        0x0 build/default/production/_ext/1360937237/main.o
 .mdebug.abi32  0x0000000000000000        0x0 build/default/production/_ext/1360937237/app.o
 .mdebug.abi32  0x0000000000000000        0x0 build/default/production/_ext/1360937237/cdc.o
 .mdebug.abi32  0x0000000000000000        0x0 /opt/microchip/xc32/v4.10/bin/bin/../../lib/gcc/pic32mx/8.3.1/../../../../pic32mx/lib/libpic32.a(default-on-reset.o)
 .mdebug.abi32  0x0000000000000000        0x0 /opt/microchip/xc32/v4.10/bin/bin/../../lib/gcc/pic32mx/8.3.1/../../../../pic32mx/lib/libpic32.a(default-on-bootstrap.o)
 .mdebug.abi32  0x0000000000000000        0x0 /opt/microchip/xc32/v4.10/bin/bin/../../lib/gcc/pic32mx/8.3.1/../../../../pic32mx/lib/libpic32.a(defaultinterrupt.o)

.mdebug.abiN32
 *(.mdebug.abiN32)

.mdebug.abi64
 *(.mdebug.abi64)

.mdebug.abiO64
 *(.mdebug.abiO64)

.mdebug.eabi32
 *(.mdebug.eabi32)

.mdebug.eabi64
 *(.mdebug.eabi64)

.gcc_compiled_long32
 *(.gcc_compiled_long32)

.gcc_compiled_long64
 *(.gcc_compiled_long64)

.stab
 *(.stab)

.stabstr
 *(.stabstr)

.stab.excl
 *(.stab.excl)

.stab.exclstr
 *(.stab.exclstr)

.stab.index
 *(.stab.index)

.stab.indexstr
 *(.stab.indexstr)

.comment        0x0000000000000000       0x2b
 *(.comment)
 .comment       0x0000000000000000       0x2b build/default/production/_ext/2128569739/drv_usbfs.o
                                         0x2c (size before relaxing)
 .comment       0x000000000000002b       0x2c build/default/production/_ext/2128569739/drv_usbfs_device.o
 .comment       0x000000000000002b       0x2c build/default/production/_ext/60165520/plib_clk.o
 .comment       0x000000000000002b       0x2c build/default/production/_ext/1865200349/plib_evic.o
 .comment       0x000000000000002b       0x2c build/default/production/_ext/1865254177/plib_gpio.o
 .comment       0x000000000000002b       0x2c build/default/production/_ext/163028504/xc32_monitor.o
 .comment       0x000000000000002b       0x2c build/default/production/_ext/1881668453/sys_int.o
 .comment       0x000000000000002b       0x2c build/default/production/_ext/308758920/usb_device.o
 .comment       0x000000000000002b       0x2c build/default/production/_ext/308758920/usb_device_cdc.o
 .comment       0x000000000000002b       0x2c build/default/production/_ext/308758920/usb_device_cdc_acm.o
 .comment       0x000000000000002b       0x2c build/default/production/_ext/1171490990/initialization.o
 .comment       0x000000000000002b       0x2c build/default/production/_ext/1171490990/interrupts.o
 .comment       0x000000000000002b       0x2c build/default/production/_ext/1171490990/exceptions.o
 .comment       0x000000000000002b       0x2c build/default/production/_ext/1171490990/usb_device_init_data.o
 .comment       0x000000000000002b       0x2c build/default/production/_ext/1171490990/tasks.o
 .comment       0x000000000000002b       0x2c build/default/production/_ext/1360937237/main.o
 .comment       0x000000000000002b       0x2c build/default/production/_ext/1360937237/app.o
 .comment       0x000000000000002b       0x2c build/default/production/_ext/1360937237/cdc.o
 .comment       0x000000000000002b       0x2c /opt/microchip/xc32/v4.10/bin/bin/../../lib/gcc/pic32mx/8.3.1/../../../../pic32mx/lib/libpic32.a(default-on-reset.o)
 .comment       0x000000000000002b       0x2c /opt/microchip/xc32/v4.10/bin/bin/../../lib/gcc/pic32mx/8.3.1/../../../../pic32mx/lib/libpic32.a(default-on-bootstrap.o)
 .comment       0x000000000000002b       0x2c /opt/microchip/xc32/v4.10/bin/bin/../../lib/gcc/pic32mx/8.3.1/../../../../pic32mx/lib/libpic32.a(defaultinterrupt.o)

.debug
 *.elf(.debug)
 *(.debug)

.line
 *.elf(.line)
 *(.line)

.debug_srcinfo
 *.elf(.debug_srcinfo)
 *(.debug_srcinfo)

.debug_sfnames
 *.elf(.debug_sfnames)
 *(.debug_sfnames)

.debug_aranges  0x0000000000000000      0x640
 *.elf(.debug_aranges)
 *(.debug_aranges)
 .debug_aranges
                0x0000000000000000       0x68 build/default/production/_ext/2128569739/drv_usbfs.o
 .debug_aranges
                0x0000000000000068       0xc0 build/default/production/_ext/2128569739/drv_usbfs_device.o
 .debug_aranges
                0x0000000000000128       0x20 build/default/production/_ext/60165520/plib_clk.o
 .debug_aranges
                0x0000000000000148       0x68 build/default/production/_ext/1865200349/plib_evic.o
 .debug_aranges
                0x00000000000001b0       0x60 build/default/production/_ext/1865254177/plib_gpio.o
 .debug_aranges
                0x0000000000000210       0x28 build/default/production/_ext/163028504/xc32_monitor.o
 .debug_aranges
                0x0000000000000238       0x40 build/default/production/_ext/1881668453/sys_int.o
 .debug_aranges
                0x0000000000000278      0x1a0 build/default/production/_ext/308758920/usb_device.o
 .debug_aranges
                0x0000000000000418       0x88 build/default/production/_ext/308758920/usb_device_cdc.o
 .debug_aranges
                0x00000000000004a0       0x20 build/default/production/_ext/308758920/usb_device_cdc_acm.o
 .debug_aranges
                0x00000000000004c0       0x20 build/default/production/_ext/1171490990/initialization.o
 .debug_aranges
                0x00000000000004e0       0x20 build/default/production/_ext/1171490990/interrupts.o
 .debug_aranges
                0x0000000000000500       0x28 build/default/production/_ext/1171490990/exceptions.o
 .debug_aranges
                0x0000000000000528       0x18 build/default/production/_ext/1171490990/usb_device_init_data.o
 .debug_aranges
                0x0000000000000540       0x20 build/default/production/_ext/1171490990/tasks.o
 .debug_aranges
                0x0000000000000560       0x20 build/default/production/_ext/1360937237/main.o
 .debug_aranges
                0x0000000000000580       0x30 build/default/production/_ext/1360937237/app.o
 .debug_aranges
                0x00000000000005b0       0x30 build/default/production/_ext/1360937237/cdc.o
 .debug_aranges
                0x00000000000005e0       0x20 /opt/microchip/xc32/v4.10/bin/bin/../../lib/gcc/pic32mx/8.3.1/../../../../pic32mx/lib/libpic32.a(default-on-reset.o)
 .debug_aranges
                0x0000000000000600       0x20 /opt/microchip/xc32/v4.10/bin/bin/../../lib/gcc/pic32mx/8.3.1/../../../../pic32mx/lib/libpic32.a(default-on-bootstrap.o)
 .debug_aranges
                0x0000000000000620       0x20 /opt/microchip/xc32/v4.10/bin/bin/../../lib/gcc/pic32mx/8.3.1/../../../../pic32mx/lib/libpic32.a(defaultinterrupt.o)

.debug_pubnames
 *.elf(.debug_pubnames)
 *(.debug_pubnames)

.debug_info     0x0000000000000000    0x13b63
 *.elf(.debug_info .gnu.linkonce.wi.*)
 *(.debug_info .gnu.linkonce.wi.*)
 .debug_info    0x0000000000000000     0x2c1b build/default/production/_ext/2128569739/drv_usbfs.o
 .debug_info    0x0000000000002c1b     0x606d build/default/production/_ext/2128569739/drv_usbfs_device.o
 .debug_info    0x0000000000008c88      0x3e9 build/default/production/_ext/60165520/plib_clk.o
 .debug_info    0x0000000000009071      0x4f5 build/default/production/_ext/1865200349/plib_evic.o
 .debug_info    0x0000000000009566      0x367 build/default/production/_ext/1865254177/plib_gpio.o
 .debug_info    0x00000000000098cd       0xe7 build/default/production/_ext/163028504/xc32_monitor.o
 .debug_info    0x00000000000099b4      0x451 build/default/production/_ext/1881668453/sys_int.o
 .debug_info    0x0000000000009e05     0x3a85 build/default/production/_ext/308758920/usb_device.o
 .debug_info    0x000000000000d88a     0x2047 build/default/production/_ext/308758920/usb_device_cdc.o
 .debug_info    0x000000000000f8d1      0x954 build/default/production/_ext/308758920/usb_device_cdc_acm.o
 .debug_info    0x0000000000010225      0xe07 build/default/production/_ext/1171490990/initialization.o
 .debug_info    0x000000000001102c       0xbd build/default/production/_ext/1171490990/interrupts.o
 .debug_info    0x00000000000110e9      0x2a1 build/default/production/_ext/1171490990/exceptions.o
 .debug_info    0x000000000001138a     0x1697 build/default/production/_ext/1171490990/usb_device_init_data.o
 .debug_info    0x0000000000012a21      0x146 build/default/production/_ext/1171490990/tasks.o
 .debug_info    0x0000000000012b67       0xe2 build/default/production/_ext/1360937237/main.o
 .debug_info    0x0000000000012c49      0x5ed build/default/production/_ext/1360937237/app.o
 .debug_info    0x0000000000013236      0x86f build/default/production/_ext/1360937237/cdc.o
 .debug_info    0x0000000000013aa5       0x3f /opt/microchip/xc32/v4.10/bin/bin/../../lib/gcc/pic32mx/8.3.1/../../../../pic32mx/lib/libpic32.a(default-on-reset.o)
 .debug_info    0x0000000000013ae4       0x3f /opt/microchip/xc32/v4.10/bin/bin/../../lib/gcc/pic32mx/8.3.1/../../../../pic32mx/lib/libpic32.a(default-on-bootstrap.o)
 .debug_info    0x0000000000013b23       0x40 /opt/microchip/xc32/v4.10/bin/bin/../../lib/gcc/pic32mx/8.3.1/../../../../pic32mx/lib/libpic32.a(defaultinterrupt.o)

.debug_abbrev   0x0000000000000000     0x2345
 *.elf(.debug_abbrev)
 *(.debug_abbrev)
 .debug_abbrev  0x0000000000000000      0x464 build/default/production/_ext/2128569739/drv_usbfs.o
 .debug_abbrev  0x0000000000000464      0x529 build/default/production/_ext/2128569739/drv_usbfs_device.o
 .debug_abbrev  0x000000000000098d       0xd8 build/default/production/_ext/60165520/plib_clk.o
 .debug_abbrev  0x0000000000000a65      0x102 build/default/production/_ext/1865200349/plib_evic.o
 .debug_abbrev  0x0000000000000b67       0xf9 build/default/production/_ext/1865254177/plib_gpio.o
 .debug_abbrev  0x0000000000000c60       0x9e build/default/production/_ext/163028504/xc32_monitor.o
 .debug_abbrev  0x0000000000000cfe      0x165 build/default/production/_ext/1881668453/sys_int.o
 .debug_abbrev  0x0000000000000e63      0x3b5 build/default/production/_ext/308758920/usb_device.o
 .debug_abbrev  0x0000000000001218      0x409 build/default/production/_ext/308758920/usb_device_cdc.o
 .debug_abbrev  0x0000000000001621      0x1f6 build/default/production/_ext/308758920/usb_device_cdc_acm.o
 .debug_abbrev  0x0000000000001817      0x27b build/default/production/_ext/1171490990/initialization.o
 .debug_abbrev  0x0000000000001a92       0x67 build/default/production/_ext/1171490990/interrupts.o
 .debug_abbrev  0x0000000000001af9       0x9f build/default/production/_ext/1171490990/exceptions.o
 .debug_abbrev  0x0000000000001b98      0x204 build/default/production/_ext/1171490990/usb_device_init_data.o
 .debug_abbrev  0x0000000000001d9c       0xbd build/default/production/_ext/1171490990/tasks.o
 .debug_abbrev  0x0000000000001e59       0x82 build/default/production/_ext/1360937237/main.o
 .debug_abbrev  0x0000000000001edb      0x1e1 build/default/production/_ext/1360937237/app.o
 .debug_abbrev  0x00000000000020bc      0x1fc build/default/production/_ext/1360937237/cdc.o
 .debug_abbrev  0x00000000000022b8       0x2e /opt/microchip/xc32/v4.10/bin/bin/../../lib/gcc/pic32mx/8.3.1/../../../../pic32mx/lib/libpic32.a(default-on-reset.o)
 .debug_abbrev  0x00000000000022e6       0x2e /opt/microchip/xc32/v4.10/bin/bin/../../lib/gcc/pic32mx/8.3.1/../../../../pic32mx/lib/libpic32.a(default-on-bootstrap.o)
 .debug_abbrev  0x0000000000002314       0x31 /opt/microchip/xc32/v4.10/bin/bin/../../lib/gcc/pic32mx/8.3.1/../../../../pic32mx/lib/libpic32.a(defaultinterrupt.o)

.debug_line     0x0000000000000000     0x7587
 *.elf(.debug_line)
 *(.debug_line)
 .debug_line    0x0000000000000000      0xa9c build/default/production/_ext/2128569739/drv_usbfs.o
 .debug_line    0x0000000000000a9c     0x228c build/default/production/_ext/2128569739/drv_usbfs_device.o
 .debug_line    0x0000000000002d28      0x179 build/default/production/_ext/60165520/plib_clk.o
 .debug_line    0x0000000000002ea1      0x2c7 build/default/production/_ext/1865200349/plib_evic.o
 .debug_line    0x0000000000003168      0x279 build/default/production/_ext/1865254177/plib_gpio.o
 .debug_line    0x00000000000033e1       0xed build/default/production/_ext/163028504/xc32_monitor.o
 .debug_line    0x00000000000034ce      0x1db build/default/production/_ext/1881668453/sys_int.o
 .debug_line    0x00000000000036a9     0x18d9 build/default/production/_ext/308758920/usb_device.o
 .debug_line    0x0000000000004f82      0xd66 build/default/production/_ext/308758920/usb_device_cdc.o
 .debug_line    0x0000000000005ce8      0x266 build/default/production/_ext/308758920/usb_device_cdc_acm.o
 .debug_line    0x0000000000005f4e      0x519 build/default/production/_ext/1171490990/initialization.o
 .debug_line    0x0000000000006467       0x90 build/default/production/_ext/1171490990/interrupts.o
 .debug_line    0x00000000000064f7      0x177 build/default/production/_ext/1171490990/exceptions.o
 .debug_line    0x000000000000666e      0x3c5 build/default/production/_ext/1171490990/usb_device_init_data.o
 .debug_line    0x0000000000006a33      0x1e1 build/default/production/_ext/1171490990/tasks.o
 .debug_line    0x0000000000006c14       0xcd build/default/production/_ext/1360937237/main.o
 .debug_line    0x0000000000006ce1      0x31a build/default/production/_ext/1360937237/app.o
 .debug_line    0x0000000000006ffb      0x36d build/default/production/_ext/1360937237/cdc.o
 .debug_line    0x0000000000007368       0xa8 /opt/microchip/xc32/v4.10/bin/bin/../../lib/gcc/pic32mx/8.3.1/../../../../pic32mx/lib/libpic32.a(default-on-reset.o)
 .debug_line    0x0000000000007410       0xac /opt/microchip/xc32/v4.10/bin/bin/../../lib/gcc/pic32mx/8.3.1/../../../../pic32mx/lib/libpic32.a(default-on-bootstrap.o)
 .debug_line    0x00000000000074bc       0xcb /opt/microchip/xc32/v4.10/bin/bin/../../lib/gcc/pic32mx/8.3.1/../../../../pic32mx/lib/libpic32.a(defaultinterrupt.o)

.debug_frame    0x0000000000000000      0xf50
 *.elf(.debug_frame)
 *(.debug_frame)
 .debug_frame   0x0000000000000000       0xf8 build/default/production/_ext/2128569739/drv_usbfs.o
 .debug_frame   0x00000000000000f8      0x260 build/default/production/_ext/2128569739/drv_usbfs_device.o
 .debug_frame   0x0000000000000358       0x20 build/default/production/_ext/60165520/plib_clk.o
 .debug_frame   0x0000000000000378       0xd4 build/default/production/_ext/1865200349/plib_evic.o
 .debug_frame   0x000000000000044c       0xa0 build/default/production/_ext/1865254177/plib_gpio.o
 .debug_frame   0x00000000000004ec       0x30 build/default/production/_ext/163028504/xc32_monitor.o
 .debug_frame   0x000000000000051c       0xa0 build/default/production/_ext/1881668453/sys_int.o
 .debug_frame   0x00000000000005bc      0x588 build/default/production/_ext/308758920/usb_device.o
 .debug_frame   0x0000000000000b44      0x190 build/default/production/_ext/308758920/usb_device_cdc.o
 .debug_frame   0x0000000000000cd4       0x30 build/default/production/_ext/308758920/usb_device_cdc_acm.o
 .debug_frame   0x0000000000000d04       0x2c build/default/production/_ext/1171490990/initialization.o
 .debug_frame   0x0000000000000d30       0x68 build/default/production/_ext/1171490990/interrupts.o
 .debug_frame   0x0000000000000d98       0x40 build/default/production/_ext/1171490990/exceptions.o
 .debug_frame   0x0000000000000dd8       0x2c build/default/production/_ext/1171490990/tasks.o
 .debug_frame   0x0000000000000e04       0x28 build/default/production/_ext/1360937237/main.o
 .debug_frame   0x0000000000000e2c       0x60 build/default/production/_ext/1360937237/app.o
 .debug_frame   0x0000000000000e8c       0x64 build/default/production/_ext/1360937237/cdc.o
 .debug_frame   0x0000000000000ef0       0x20 /opt/microchip/xc32/v4.10/bin/bin/../../lib/gcc/pic32mx/8.3.1/../../../../pic32mx/lib/libpic32.a(default-on-reset.o)
 .debug_frame   0x0000000000000f10       0x20 /opt/microchip/xc32/v4.10/bin/bin/../../lib/gcc/pic32mx/8.3.1/../../../../pic32mx/lib/libpic32.a(default-on-bootstrap.o)
 .debug_frame   0x0000000000000f30       0x20 /opt/microchip/xc32/v4.10/bin/bin/../../lib/gcc/pic32mx/8.3.1/../../../../pic32mx/lib/libpic32.a(defaultinterrupt.o)

.debug_str      0x0000000000000000    0x15638
 *.elf(.debug_str)
 *(.debug_str)
 .debug_str     0x0000000000000000     0x273b build/default/production/_ext/2128569739/drv_usbfs.o
 .debug_str     0x000000000000273b     0x32f8 build/default/production/_ext/2128569739/drv_usbfs_device.o
 .debug_str     0x0000000000005a33      0x403 build/default/production/_ext/60165520/plib_clk.o
 .debug_str     0x0000000000005e36      0xa82 build/default/production/_ext/1865200349/plib_evic.o
 .debug_str     0x00000000000068b8      0x417 build/default/production/_ext/1865254177/plib_gpio.o
 .debug_str     0x0000000000006ccf      0x279 build/default/production/_ext/163028504/xc32_monitor.o
 .debug_str     0x0000000000006f48      0xa57 build/default/production/_ext/1881668453/sys_int.o
 .debug_str     0x000000000000799f     0x3344 build/default/production/_ext/308758920/usb_device.o
 .debug_str     0x000000000000ace3     0x24ec build/default/production/_ext/308758920/usb_device_cdc.o
 .debug_str     0x000000000000d1cf      0xde4 build/default/production/_ext/308758920/usb_device_cdc_acm.o
 .debug_str     0x000000000000dfb3     0x1740 build/default/production/_ext/1171490990/initialization.o
 .debug_str     0x000000000000f6f3      0x2e3 build/default/production/_ext/1171490990/interrupts.o
 .debug_str     0x000000000000f9d6      0x91c build/default/production/_ext/1171490990/exceptions.o
 .debug_str     0x00000000000102f2     0x25cb build/default/production/_ext/1171490990/usb_device_init_data.o
 .debug_str     0x00000000000128bd      0x335 build/default/production/_ext/1171490990/tasks.o
 .debug_str     0x0000000000012bf2      0x2c8 build/default/production/_ext/1360937237/main.o
 .debug_str     0x0000000000012eba      0xd76 build/default/production/_ext/1360937237/app.o
 .debug_str     0x0000000000013c30      0xfed build/default/production/_ext/1360937237/cdc.o
 .debug_str     0x0000000000014c1d      0x353 /opt/microchip/xc32/v4.10/bin/bin/../../lib/gcc/pic32mx/8.3.1/../../../../pic32mx/lib/libpic32.a(default-on-reset.o)
 .debug_str     0x0000000000014f70      0x35b /opt/microchip/xc32/v4.10/bin/bin/../../lib/gcc/pic32mx/8.3.1/../../../../pic32mx/lib/libpic32.a(default-on-bootstrap.o)
 .debug_str     0x00000000000152cb      0x36d /opt/microchip/xc32/v4.10/bin/bin/../../lib/gcc/pic32mx/8.3.1/../../../../pic32mx/lib/libpic32.a(defaultinterrupt.o)

.debug_loc      0x0000000000000000     0x8cf1
 *.elf(.debug_loc)
 *(.debug_loc)
 .debug_loc     0x0000000000000000      0x6be build/default/production/_ext/2128569739/drv_usbfs.o
 .debug_loc     0x00000000000006be     0x40e2 build/default/production/_ext/2128569739/drv_usbfs_device.o
 .debug_loc     0x00000000000047a0       0xef build/default/production/_ext/1865200349/plib_evic.o
 .debug_loc     0x000000000000488f      0x172 build/default/production/_ext/1865254177/plib_gpio.o
 .debug_loc     0x0000000000004a01       0xe8 build/default/production/_ext/1881668453/sys_int.o
 .debug_loc     0x0000000000004ae9     0x2714 build/default/production/_ext/308758920/usb_device.o
 .debug_loc     0x00000000000071fd     0x1491 build/default/production/_ext/308758920/usb_device_cdc.o
 .debug_loc     0x000000000000868e      0x25a build/default/production/_ext/308758920/usb_device_cdc_acm.o
 .debug_loc     0x00000000000088e8       0x25 build/default/production/_ext/1171490990/initialization.o
 .debug_loc     0x000000000000890d      0x196 build/default/production/_ext/1360937237/app.o
 .debug_loc     0x0000000000008aa3      0x24e build/default/production/_ext/1360937237/cdc.o

.debug_macinfo
 *.elf(.debug_macinfo)
 *(.debug_macinfo)

.debug_weaknames
 *.elf(.debug_weaknames)
 *(.debug_weaknames)

.debug_funcnames
 *.elf(.debug_funcnames)
 *(.debug_funcnames)

.debug_typenames
 *.elf(.debug_typenames)
 *(.debug_typenames)

.debug_varnames
 *.elf(.debug_varnames)
 *(.debug_varnames)

.debug_pubtypes
 *.elf(.debug_pubtypes)
 *(.debug_pubtypes)

.debug_ranges   0x0000000000000000      0xd20
 *.elf(.debug_ranges)
 *(.debug_ranges)
 .debug_ranges  0x0000000000000000      0x118 build/default/production/_ext/2128569739/drv_usbfs.o
 .debug_ranges  0x0000000000000118      0x7c8 build/default/production/_ext/2128569739/drv_usbfs_device.o
 .debug_ranges  0x00000000000008e0       0x10 build/default/production/_ext/60165520/plib_clk.o
 .debug_ranges  0x00000000000008f0       0x58 build/default/production/_ext/1865200349/plib_evic.o
 .debug_ranges  0x0000000000000948       0x50 build/default/production/_ext/1865254177/plib_gpio.o
 .debug_ranges  0x0000000000000998       0x18 build/default/production/_ext/163028504/xc32_monitor.o
 .debug_ranges  0x00000000000009b0       0x30 build/default/production/_ext/1881668453/sys_int.o
 .debug_ranges  0x00000000000009e0      0x190 build/default/production/_ext/308758920/usb_device.o
 .debug_ranges  0x0000000000000b70       0xc0 build/default/production/_ext/308758920/usb_device_cdc.o
 .debug_ranges  0x0000000000000c30       0x10 build/default/production/_ext/308758920/usb_device_cdc_acm.o
 .debug_ranges  0x0000000000000c40       0x10 build/default/production/_ext/1171490990/initialization.o
 .debug_ranges  0x0000000000000c50       0x10 build/default/production/_ext/1171490990/interrupts.o
 .debug_ranges  0x0000000000000c60       0x18 build/default/production/_ext/1171490990/exceptions.o
 .debug_ranges  0x0000000000000c78       0x10 build/default/production/_ext/1171490990/tasks.o
 .debug_ranges  0x0000000000000c88       0x10 build/default/production/_ext/1360937237/main.o
 .debug_ranges  0x0000000000000c98       0x38 build/default/production/_ext/1360937237/app.o
 .debug_ranges  0x0000000000000cd0       0x20 build/default/production/_ext/1360937237/cdc.o
 .debug_ranges  0x0000000000000cf0       0x10 /opt/microchip/xc32/v4.10/bin/bin/../../lib/gcc/pic32mx/8.3.1/../../../../pic32mx/lib/libpic32.a(default-on-reset.o)
 .debug_ranges  0x0000000000000d00       0x10 /opt/microchip/xc32/v4.10/bin/bin/../../lib/gcc/pic32mx/8.3.1/../../../../pic32mx/lib/libpic32.a(default-on-bootstrap.o)
 .debug_ranges  0x0000000000000d10       0x10 /opt/microchip/xc32/v4.10/bin/bin/../../lib/gcc/pic32mx/8.3.1/../../../../pic32mx/lib/libpic32.a(defaultinterrupt.o)

.gnu.attributes
                0x0000000000000000       0x10
 *(.gnu.attributes)
 .gnu.attributes
                0x0000000000000000       0x10 /opt/microchip/xc32/v4.10/bin/bin/../../lib/gcc/pic32mx/8.3.1/../../../../pic32mx/lib/debug-exception-return.o
 .gnu.attributes
                0x0000000000000010       0x10 build/default/production/_ext/2128569739/drv_usbfs.o
 .gnu.attributes
                0x0000000000000020       0x10 build/default/production/_ext/2128569739/drv_usbfs_device.o
 .gnu.attributes
                0x0000000000000030       0x10 build/default/production/_ext/60165520/plib_clk.o
 .gnu.attributes
                0x0000000000000040       0x10 build/default/production/_ext/1865200349/plib_evic.o
 .gnu.attributes
                0x0000000000000050       0x10 build/default/production/_ext/1865254177/plib_gpio.o
 .gnu.attributes
                0x0000000000000060       0x10 build/default/production/_ext/163028504/xc32_monitor.o
 .gnu.attributes
                0x0000000000000070       0x10 build/default/production/_ext/1881668453/sys_int.o
 .gnu.attributes
                0x0000000000000080       0x10 build/default/production/_ext/308758920/usb_device.o
 .gnu.attributes
                0x0000000000000090       0x10 build/default/production/_ext/308758920/usb_device_cdc.o
 .gnu.attributes
                0x00000000000000a0       0x10 build/default/production/_ext/308758920/usb_device_cdc_acm.o
 .gnu.attributes
                0x00000000000000b0       0x10 build/default/production/_ext/1171490990/initialization.o
 .gnu.attributes
                0x00000000000000c0       0x10 build/default/production/_ext/1171490990/interrupts.o
 .gnu.attributes
                0x00000000000000d0       0x10 build/default/production/_ext/1171490990/exceptions.o
 .gnu.attributes
                0x00000000000000e0       0x10 build/default/production/_ext/1171490990/usb_device_init_data.o
 .gnu.attributes
                0x00000000000000f0       0x10 build/default/production/_ext/1171490990/tasks.o
 .gnu.attributes
                0x0000000000000100       0x10 build/default/production/_ext/1360937237/main.o
 .gnu.attributes
                0x0000000000000110       0x10 build/default/production/_ext/1360937237/app.o
 .gnu.attributes
                0x0000000000000120       0x10 build/default/production/_ext/1360937237/cdc.o
 .gnu.attributes
                0x0000000000000130       0x10 /tmp/ccAppTAF.o
 .gnu.attributes
                0x0000000000000140       0x10 /tmp/ccY6rkIs.o
 .gnu.attributes
                0x0000000000000150       0x10 /tmp/ccJ976rW.o
 .gnu.attributes
                0x0000000000000160       0x10 /opt/microchip/xc32/v4.10/bin/bin/../../lib/gcc/pic32mx/8.3.1/../../../../pic32mx/lib/pic32_software_reset.o
 .gnu.attributes
                0x0000000000000170       0x10 /opt/microchip/xc32/v4.10/bin/bin/../../lib/gcc/pic32mx/8.3.1/../../../../pic32mx/lib/libpic32.a(memcpy.o)
 .gnu.attributes
                0x0000000000000180       0x10 /opt/microchip/xc32/v4.10/bin/bin/../../lib/gcc/pic32mx/8.3.1/../../../../pic32mx/lib/libpic32.a(default-on-reset.o)
 .gnu.attributes
                0x0000000000000190       0x10 /opt/microchip/xc32/v4.10/bin/bin/../../lib/gcc/pic32mx/8.3.1/../../../../pic32mx/lib/libpic32.a(default-on-bootstrap.o)
 .gnu.attributes
                0x00000000000001a0       0x10 /opt/microchip/xc32/v4.10/bin/bin/../../lib/gcc/pic32mx/8.3.1/../../../../pic32mx/lib/libpic32.a(default-nmi-handler.o)
 .gnu.attributes
                0x00000000000001b0       0x10 /opt/microchip/xc32/v4.10/bin/bin/../../lib/gcc/pic32mx/8.3.1/../../../../pic32mx/lib/libpic32.a(pic32_data_init.o)
 .gnu.attributes
                0x00000000000001c0       0x10 /opt/microchip/xc32/v4.10/bin/bin/../../lib/gcc/pic32mx/8.3.1/../../../../pic32mx/lib/libpic32.a(general-exception.o)
 .gnu.attributes
                0x00000000000001d0       0x10 /opt/microchip/xc32/v4.10/bin/bin/../../lib/gcc/pic32mx/8.3.1/../../../../pic32mx/lib/libpic32.a(vector0.o)
 .gnu.attributes
                0x00000000000001e0       0x10 /opt/microchip/xc32/v4.10/bin/bin/../../lib/gcc/pic32mx/8.3.1/../../../../pic32mx/lib/libpic32.a(vector1.o)
 .gnu.attributes
                0x00000000000001f0       0x10 /opt/microchip/xc32/v4.10/bin/bin/../../lib/gcc/pic32mx/8.3.1/../../../../pic32mx/lib/libpic32.a(vector2.o)
 .gnu.attributes
                0x0000000000000200       0x10 /opt/microchip/xc32/v4.10/bin/bin/../../lib/gcc/pic32mx/8.3.1/../../../../pic32mx/lib/libpic32.a(vector3.o)
 .gnu.attributes
                0x0000000000000210       0x10 /opt/microchip/xc32/v4.10/bin/bin/../../lib/gcc/pic32mx/8.3.1/../../../../pic32mx/lib/libpic32.a(vector4.o)
 .gnu.attributes
                0x0000000000000220       0x10 /opt/microchip/xc32/v4.10/bin/bin/../../lib/gcc/pic32mx/8.3.1/../../../../pic32mx/lib/libpic32.a(vector5.o)
 .gnu.attributes
                0x0000000000000230       0x10 /opt/microchip/xc32/v4.10/bin/bin/../../lib/gcc/pic32mx/8.3.1/../../../../pic32mx/lib/libpic32.a(vector6.o)
 .gnu.attributes
                0x0000000000000240       0x10 /opt/microchip/xc32/v4.10/bin/bin/../../lib/gcc/pic32mx/8.3.1/../../../../pic32mx/lib/libpic32.a(vector7.o)
 .gnu.attributes
                0x0000000000000250       0x10 /opt/microchip/xc32/v4.10/bin/bin/../../lib/gcc/pic32mx/8.3.1/../../../../pic32mx/lib/libpic32.a(vector8.o)
 .gnu.attributes
                0x0000000000000260       0x10 /opt/microchip/xc32/v4.10/bin/bin/../../lib/gcc/pic32mx/8.3.1/../../../../pic32mx/lib/libpic32.a(vector9.o)
 .gnu.attributes
                0x0000000000000270       0x10 /opt/microchip/xc32/v4.10/bin/bin/../../lib/gcc/pic32mx/8.3.1/../../../../pic32mx/lib/libpic32.a(vector10.o)
 .gnu.attributes
                0x0000000000000280       0x10 /opt/microchip/xc32/v4.10/bin/bin/../../lib/gcc/pic32mx/8.3.1/../../../../pic32mx/lib/libpic32.a(vector11.o)
 .gnu.attributes
                0x0000000000000290       0x10 /opt/microchip/xc32/v4.10/bin/bin/../../lib/gcc/pic32mx/8.3.1/../../../../pic32mx/lib/libpic32.a(vector12.o)
 .gnu.attributes
                0x00000000000002a0       0x10 /opt/microchip/xc32/v4.10/bin/bin/../../lib/gcc/pic32mx/8.3.1/../../../../pic32mx/lib/libpic32.a(vector13.o)
 .gnu.attributes
                0x00000000000002b0       0x10 /opt/microchip/xc32/v4.10/bin/bin/../../lib/gcc/pic32mx/8.3.1/../../../../pic32mx/lib/libpic32.a(vector14.o)
 .gnu.attributes
                0x00000000000002c0       0x10 /opt/microchip/xc32/v4.10/bin/bin/../../lib/gcc/pic32mx/8.3.1/../../../../pic32mx/lib/libpic32.a(vector15.o)
 .gnu.attributes
                0x00000000000002d0       0x10 /opt/microchip/xc32/v4.10/bin/bin/../../lib/gcc/pic32mx/8.3.1/../../../../pic32mx/lib/libpic32.a(vector16.o)
 .gnu.attributes
                0x00000000000002e0       0x10 /opt/microchip/xc32/v4.10/bin/bin/../../lib/gcc/pic32mx/8.3.1/../../../../pic32mx/lib/libpic32.a(vector17.o)
 .gnu.attributes
                0x00000000000002f0       0x10 /opt/microchip/xc32/v4.10/bin/bin/../../lib/gcc/pic32mx/8.3.1/../../../../pic32mx/lib/libpic32.a(vector18.o)
 .gnu.attributes
                0x0000000000000300       0x10 /opt/microchip/xc32/v4.10/bin/bin/../../lib/gcc/pic32mx/8.3.1/../../../../pic32mx/lib/libpic32.a(vector19.o)
 .gnu.attributes
                0x0000000000000310       0x10 /opt/microchip/xc32/v4.10/bin/bin/../../lib/gcc/pic32mx/8.3.1/../../../../pic32mx/lib/libpic32.a(vector20.o)
 .gnu.attributes
                0x0000000000000320       0x10 /opt/microchip/xc32/v4.10/bin/bin/../../lib/gcc/pic32mx/8.3.1/../../../../pic32mx/lib/libpic32.a(vector21.o)
 .gnu.attributes
                0x0000000000000330       0x10 /opt/microchip/xc32/v4.10/bin/bin/../../lib/gcc/pic32mx/8.3.1/../../../../pic32mx/lib/libpic32.a(vector22.o)
 .gnu.attributes
                0x0000000000000340       0x10 /opt/microchip/xc32/v4.10/bin/bin/../../lib/gcc/pic32mx/8.3.1/../../../../pic32mx/lib/libpic32.a(vector23.o)
 .gnu.attributes
                0x0000000000000350       0x10 /opt/microchip/xc32/v4.10/bin/bin/../../lib/gcc/pic32mx/8.3.1/../../../../pic32mx/lib/libpic32.a(vector24.o)
 .gnu.attributes
                0x0000000000000360       0x10 /opt/microchip/xc32/v4.10/bin/bin/../../lib/gcc/pic32mx/8.3.1/../../../../pic32mx/lib/libpic32.a(vector25.o)
 .gnu.attributes
                0x0000000000000370       0x10 /opt/microchip/xc32/v4.10/bin/bin/../../lib/gcc/pic32mx/8.3.1/../../../../pic32mx/lib/libpic32.a(vector26.o)
 .gnu.attributes
                0x0000000000000380       0x10 /opt/microchip/xc32/v4.10/bin/bin/../../lib/gcc/pic32mx/8.3.1/../../../../pic32mx/lib/libpic32.a(vector27.o)
 .gnu.attributes
                0x0000000000000390       0x10 /opt/microchip/xc32/v4.10/bin/bin/../../lib/gcc/pic32mx/8.3.1/../../../../pic32mx/lib/libpic32.a(vector28.o)
 .gnu.attributes
                0x00000000000003a0       0x10 /opt/microchip/xc32/v4.10/bin/bin/../../lib/gcc/pic32mx/8.3.1/../../../../pic32mx/lib/libpic32.a(vector30.o)
 .gnu.attributes
                0x00000000000003b0       0x10 /opt/microchip/xc32/v4.10/bin/bin/../../lib/gcc/pic32mx/8.3.1/../../../../pic32mx/lib/libpic32.a(vector31.o)
 .gnu.attributes
                0x00000000000003c0       0x10 /opt/microchip/xc32/v4.10/bin/bin/../../lib/gcc/pic32mx/8.3.1/../../../../pic32mx/lib/libpic32.a(vector32.o)
 .gnu.attributes
                0x00000000000003d0       0x10 /opt/microchip/xc32/v4.10/bin/bin/../../lib/gcc/pic32mx/8.3.1/../../../../pic32mx/lib/libpic32.a(vector33.o)
 .gnu.attributes
                0x00000000000003e0       0x10 /opt/microchip/xc32/v4.10/bin/bin/../../lib/gcc/pic32mx/8.3.1/../../../../pic32mx/lib/libpic32.a(vector34.o)
 .gnu.attributes
                0x00000000000003f0       0x10 /opt/microchip/xc32/v4.10/bin/bin/../../lib/gcc/pic32mx/8.3.1/../../../../pic32mx/lib/libpic32.a(vector35.o)
 .gnu.attributes
                0x0000000000000400       0x10 /opt/microchip/xc32/v4.10/bin/bin/../../lib/gcc/pic32mx/8.3.1/../../../../pic32mx/lib/libpic32.a(vector36.o)
 .gnu.attributes
                0x0000000000000410       0x10 /opt/microchip/xc32/v4.10/bin/bin/../../lib/gcc/pic32mx/8.3.1/../../../../pic32mx/lib/libpic32.a(vector37.o)
 .gnu.attributes
                0x0000000000000420       0x10 /opt/microchip/xc32/v4.10/bin/bin/../../lib/gcc/pic32mx/8.3.1/../../../../pic32mx/lib/libpic32.a(vector38.o)
 .gnu.attributes
                0x0000000000000430       0x10 /opt/microchip/xc32/v4.10/bin/bin/../../lib/gcc/pic32mx/8.3.1/../../../../pic32mx/lib/libpic32.a(vector39.o)
 .gnu.attributes
                0x0000000000000440       0x10 /opt/microchip/xc32/v4.10/bin/bin/../../lib/gcc/pic32mx/8.3.1/../../../../pic32mx/lib/libpic32.a(vector40.o)
 .gnu.attributes
                0x0000000000000450       0x10 /opt/microchip/xc32/v4.10/bin/bin/../../lib/gcc/pic32mx/8.3.1/../../../../pic32mx/lib/libpic32.a(vector41.o)
 .gnu.attributes
                0x0000000000000460       0x10 /opt/microchip/xc32/v4.10/bin/bin/../../lib/gcc/pic32mx/8.3.1/../../../../pic32mx/lib/libpic32.a(vector42.o)
 .gnu.attributes
                0x0000000000000470       0x10 /opt/microchip/xc32/v4.10/bin/bin/../../lib/gcc/pic32mx/8.3.1/../../../../pic32mx/lib/libpic32.a(vector43.o)
 .gnu.attributes
                0x0000000000000480       0x10 /opt/microchip/xc32/v4.10/bin/bin/../../lib/gcc/pic32mx/8.3.1/../../../../pic32mx/lib/libpic32.a(vector44.o)
 .gnu.attributes
                0x0000000000000490       0x10 /opt/microchip/xc32/v4.10/bin/bin/../../lib/gcc/pic32mx/8.3.1/../../../../pic32mx/lib/libpic32.a(vector45.o)
 .gnu.attributes
                0x00000000000004a0       0x10 /opt/microchip/xc32/v4.10/bin/bin/../../lib/gcc/pic32mx/8.3.1/../../../../pic32mx/lib/libpic32.a(defaultinterrupt.o)
                0x0000000000000200                _min_heap_size = 0x200
LOAD /tmp/ccAppTAF.o
LOAD /tmp/ccY6rkIs.o
LOAD /tmp/ccJ976rW.o
LOAD /opt/microchip/xc32/v4.10/bin/bin/../../lib/gcc/pic32mx/8.3.1/../../../../pic32mx/lib/pic32_software_reset.o
LOAD /opt/microchip/xc32/v4.10/bin/bin/../../lib/gcc/pic32mx/8.3.1/libgcc.a
START GROUP
LOAD /opt/microchip/xc32/v4.10/bin/bin/../../lib/gcc/pic32mx/8.3.1/../../../../pic32mx/lib/libpic32.a
LOAD /opt/microchip/xc32/v4.10/bin/bin/../../lib/gcc/pic32mx/8.3.1/../../../../pic32mx/lib/libdebug.a
LOAD /opt/microchip/xc32/v4.10/bin/bin/../../lib/gcc/pic32mx/8.3.1/../../../../pic32mx/lib/libc-musl.a
LOAD /opt/microchip/xc32/v4.10/bin/bin/../../lib/gcc/pic32mx/8.3.1/../../../../pic32mx/lib/libm.a
LOAD /opt/microchip/xc32/v4.10/bin/bin/../../lib/gcc/pic32mx/8.3.1/../../../../pic32mx/lib/libe.a
LOAD /opt/microchip/xc32/v4.10/bin/bin/../../lib/gcc/pic32mx/8.3.1/../../../../pic32mx/lib/libm-musl.a
LOAD /opt/microchip/xc32/v4.10/bin/bin/../../lib/gcc/pic32mx/8.3.1/../../../../pic32mx/lib/libdsp.a
LOAD /opt/microchip/xc32/v4.10/bin/bin/../../lib/gcc/pic32mx/8.3.1/libgcc.a
END GROUP
LOAD /opt/microchip/xc32/v4.10/bin/bin/../../lib/gcc/pic32mx/8.3.1/libgcc.a
OUTPUT(dist/default/production/USB_CDC_TEST.X.production.elf elf32-tradlittlemips)
LOAD stack
LOAD data_init

.reginfo        0x0000000000000000       0x18
 .reginfo       0x0000000000000000       0x18 /opt/microchip/xc32/v4.10/bin/bin/../../lib/gcc/pic32mx/8.3.1/../../../../pic32mx/lib/debug-exception-return.o

.stack          0x00000000a00007f0      0x400
 .stack         0x00000000a00007f0      0x400 stack

.bss            0x00000000a000001c      0x218
 .bss           0x00000000a000001c      0x218 build/default/production/_ext/1360937237/cdc.o
                0x00000000a000001c                receiveDataBuffer
                0x00000000a000021c                cdcData

.bss            0x00000000a0000400       0x80
 .bss           0x00000000a0000400       0x80 build/default/production/_ext/1171490990/initialization.o
                0x00000000a0000400                endPointTable1

.bss            0x00000000a0000234       0xf8
 .bss           0x00000000a0000234       0xf8 build/default/production/_ext/2128569739/drv_usbfs.o
                0x00000000a0000234                gDrvUSBGroup

.bss            0x00000000a0000480       0xf4
 .bss           0x00000000a0000480       0xf4 build/default/production/_ext/308758920/usb_device.o

.bss            0x00000000a000032c       0xbc
 .bss           0x00000000a000032c       0xbc build/default/production/_ext/308758920/usb_device_cdc.o
                0x00000000a000032c                gUSBDeviceCDCSerialStateResponse
                0x00000000a0000338                gUSBDeviceCDCInstance
                0x00000000a000037c                gUSBDeviceCDCIRP

.data           0x00000000a0000574       0x50
 .data          0x00000000a0000574       0x50 build/default/production/_ext/2128569739/drv_usbfs_device.o
                0x00000000a0000574                gDrvUSBFSDeviceInterface

.data           0x00000000a00003e8       0x18
 .data          0x00000000a00003e8       0x18 build/default/production/_ext/1360937237/cdc.o
                0x00000000a00003e8                switchPrompt

.bss            0x00000000a00005c4        0xc
 .bss           0x00000000a00005c4        0xc build/default/production/_ext/1360937237/app.o
                0x00000000a00005c4                appData

._debug_exception
                0x00000000bfc00480       0x2c
 ._debug_exception
                0x00000000bfc00480       0x2c /opt/microchip/xc32/v4.10/bin/bin/../../lib/gcc/pic32mx/8.3.1/../../../../pic32mx/lib/debug-exception-return.o
                0x00000000bfc00480                __DbgExecReturn

.text._DRV_USBFS_DEVICE_Tasks_ISR
                0x000000009d000000      0x66c
 .text._DRV_USBFS_DEVICE_Tasks_ISR
                0x000000009d000000      0x66c build/default/production/_ext/2128569739/drv_usbfs_device.o
                0x000000009d000000                _DRV_USBFS_DEVICE_Tasks_ISR

.text.DRV_USBFS_DEVICE_IRPSubmit
                0x000000009d00066c      0x234
 .text.DRV_USBFS_DEVICE_IRPSubmit
                0x000000009d00066c      0x234 build/default/production/_ext/2128569739/drv_usbfs_device.o
                0x000000009d00066c                DRV_USBFS_DEVICE_IRPSubmit

.text._USB_DEVICE_EventHandler
                0x000000009d0008a0      0x228
 .text._USB_DEVICE_EventHandler
                0x000000009d0008a0      0x228 build/default/production/_ext/308758920/usb_device.o
                0x000000009d0008a0                _USB_DEVICE_EventHandler

.text._USB_DEVICE_ProcessStandardDeviceSetRequests
                0x000000009d000ac8      0x220
 .text._USB_DEVICE_ProcessStandardDeviceSetRequests
                0x000000009d000ac8      0x220 build/default/production/_ext/308758920/usb_device.o
                0x000000009d000ac8                _USB_DEVICE_ProcessStandardDeviceSetRequests

.text._USB_DEVICE_ControlTransferHandler
                0x000000009d000ce8      0x220
 .text._USB_DEVICE_ControlTransferHandler
                0x000000009d000ce8      0x220 build/default/production/_ext/308758920/usb_device.o
                0x000000009d000ce8                _USB_DEVICE_ControlTransferHandler

.text.USB_DEVICE_Tasks
                0x000000009d000f08      0x204
 .text.USB_DEVICE_Tasks
                0x000000009d000f08      0x204 build/default/production/_ext/308758920/usb_device.o
                0x000000009d000f08                USB_DEVICE_Tasks

.text._USB_DEVICE_ProcessStandardDeviceGetRequests
                0x000000009d00110c      0x204
 .text._USB_DEVICE_ProcessStandardDeviceGetRequests
                0x000000009d00110c      0x204 build/default/production/_ext/308758920/usb_device.o
                0x000000009d00110c                _USB_DEVICE_ProcessStandardDeviceGetRequests

.text.USB_DEVICE_CDC_Write
                0x000000009d001310      0x1c8
 .text.USB_DEVICE_CDC_Write
                0x000000009d001310      0x1c8 build/default/production/_ext/308758920/usb_device_cdc.o
                0x000000009d001310                USB_DEVICE_CDC_Write

.text.DRV_USBFS_DEVICE_EndpointStallClear
                0x000000009d0014d8      0x1b0
 .text.DRV_USBFS_DEVICE_EndpointStallClear
                0x000000009d0014d8      0x1b0 build/default/production/_ext/2128569739/drv_usbfs_device.o
                0x000000009d0014d8                DRV_USBFS_DEVICE_EndpointStallClear

.text.USB_DEVICE_CDC_Read
                0x000000009d001688      0x1ac
 .text.USB_DEVICE_CDC_Read
                0x000000009d001688      0x1ac build/default/production/_ext/308758920/usb_device_cdc.o
                0x000000009d001688                USB_DEVICE_CDC_Read

.text.DRV_USBFS_DEVICE_EndpointStall
                0x000000009d001834      0x1a8
 .text.DRV_USBFS_DEVICE_EndpointStall
                0x000000009d001834      0x1a8 build/default/production/_ext/2128569739/drv_usbfs_device.o
                0x000000009d001834                DRV_USBFS_DEVICE_EndpointStall

.text.DRV_USBFS_DEVICE_EndpointEnable
                0x000000009d0019dc      0x19c
 .text.DRV_USBFS_DEVICE_EndpointEnable
                0x000000009d0019dc      0x19c build/default/production/_ext/2128569739/drv_usbfs_device.o
                0x000000009d0019dc                DRV_USBFS_DEVICE_EndpointEnable

.text._USB_DEVICE_Ep0ReceiveCompleteCallback
                0x000000009d001b78      0x190
 .text._USB_DEVICE_Ep0ReceiveCompleteCallback
                0x000000009d001b78      0x190 build/default/production/_ext/308758920/usb_device.o
                0x000000009d001b78                _USB_DEVICE_Ep0ReceiveCompleteCallback

.text._USB_DEVICE_CDC_ACMSetUpPacketHandler
                0x000000009d001d08      0x174
 .text._USB_DEVICE_CDC_ACMSetUpPacketHandler
                0x000000009d001d08      0x174 build/default/production/_ext/308758920/usb_device_cdc_acm.o
                0x000000009d001d08                _USB_DEVICE_CDC_ACMSetUpPacketHandler

.text           0x000000009d001e7c      0x168
 .text          0x000000009d001e7c      0x168 /opt/microchip/xc32/v4.10/bin/bin/../../lib/gcc/pic32mx/8.3.1/../../../../pic32mx/lib/libpic32.a(memcpy.o)
                0x000000009d001e7c                memcpy

.text.APP_USBDeviceEventHandler
                0x000000009d001fe4      0x164
 .text.APP_USBDeviceEventHandler
                0x000000009d001fe4      0x164 build/default/production/_ext/1360937237/app.o
                0x000000009d001fe4                APP_USBDeviceEventHandler

.text.USB_DEVICE_Initialize
                0x000000009d002148      0x15c
 .text.USB_DEVICE_Initialize
                0x000000009d002148      0x15c build/default/production/_ext/308758920/usb_device.o
                0x000000009d002148                USB_DEVICE_Initialize

.text._USB_DEVICE_CDC_Initialization
                0x000000009d0022a4      0x154
 .text._USB_DEVICE_CDC_Initialization
                0x000000009d0022a4      0x154 build/default/production/_ext/308758920/usb_device_cdc.o
                0x000000009d0022a4                _USB_DEVICE_CDC_Initialization

.text.DRV_USBFS_DEVICE_IRPCancelAll
                0x000000009d0023f8      0x150
 .text.DRV_USBFS_DEVICE_IRPCancelAll
                0x000000009d0023f8      0x150 build/default/production/_ext/2128569739/drv_usbfs_device.o
                0x000000009d0023f8                DRV_USBFS_DEVICE_IRPCancelAll

.rodata         0x000000009d002548      0x150
 .rodata        0x000000009d002548      0x150 build/default/production/_ext/1171490990/usb_device_init_data.o
                0x000000009d002548                usbDevInitData
                0x000000009d00257c                usbMasterDescriptor
                0x000000009d0025a8                stringDescriptors
                0x000000009d0025b4                sd002
                0x000000009d0025e4                sd001
                0x000000009d002618                sd000
                0x000000009d00261c                fullSpeedConfigDescSet
                0x000000009d002620                fullSpeedConfigurationDescriptor
                0x000000009d002664                deviceDescriptor
                0x000000009d002678                funcRegistrationTable
                0x000000009d00268c                cdcInit0

.text.DRV_USBFS_Initialize
                0x000000009d002698      0x14c
 .text.DRV_USBFS_Initialize
                0x000000009d002698      0x14c build/default/production/_ext/2128569739/drv_usbfs.o
                0x000000009d002698                DRV_USBFS_Initialize

.text.CDC_Tasks
                0x000000009d0027e4      0x14c
 .text.CDC_Tasks
                0x000000009d0027e4      0x14c build/default/production/_ext/1360937237/cdc.o
                0x000000009d0027e4                CDC_Tasks

.text.USBDeviceCDCEventHandler
                0x000000009d002930      0x140
 .text.USBDeviceCDCEventHandler
                0x000000009d002930      0x140 build/default/production/_ext/1360937237/cdc.o
                0x000000009d002930                USBDeviceCDCEventHandler

.text.DRV_USBFS_DEVICE_EndpointDisable
                0x000000009d002a70      0x128
 .text.DRV_USBFS_DEVICE_EndpointDisable
                0x000000009d002a70      0x128 build/default/production/_ext/2128569739/drv_usbfs_device.o
                0x000000009d002a70                DRV_USBFS_DEVICE_EndpointDisable

.text.DRV_USBFS_DEVICE_IRPCancel
                0x000000009d002b98      0x128
 .text.DRV_USBFS_DEVICE_IRPCancel
                0x000000009d002b98      0x128 build/default/production/_ext/2128569739/drv_usbfs_device.o
                0x000000009d002b98                DRV_USBFS_DEVICE_IRPCancel

.text.USB_1_Handler
                0x000000009d002cc0      0x110
 .text.USB_1_Handler
                0x000000009d002cc0      0x110 build/default/production/_ext/1171490990/interrupts.o
                0x000000009d002cc0                USB_1_Handler

.dinit          0x000000009d002dd0      0x110
 .dinit         0x000000009d002dd0      0x110 data_init

.text._USB_DEVICE_ConfigureDevice
                0x000000009d002ee0      0x10c
 .text._USB_DEVICE_ConfigureDevice
                0x000000009d002ee0      0x10c build/default/production/_ext/308758920/usb_device.o
                0x000000009d002ee0                _USB_DEVICE_ConfigureDevice

.text._USB_DEVICE_CDC_ControlTransferHandler
                0x000000009d002fec      0x104
 .text._USB_DEVICE_CDC_ControlTransferHandler
                0x000000009d002fec      0x104 build/default/production/_ext/308758920/usb_device_cdc.o
                0x000000009d002fec                _USB_DEVICE_CDC_ControlTransferHandler

.text._USB_DEVICE_ProcessStandardEndpointRequest
                0x000000009d0030f0      0x100
 .text._USB_DEVICE_ProcessStandardEndpointRequest
                0x000000009d0030f0      0x100 build/default/production/_ext/308758920/usb_device.o
                0x000000009d0030f0                _USB_DEVICE_ProcessStandardEndpointRequest

.text.general_exception
                0x000000009d0031f0       0xdc
 .text.general_exception
                0x000000009d0031f0       0xdc /opt/microchip/xc32/v4.10/bin/bin/../../lib/gcc/pic32mx/8.3.1/../../../../pic32mx/lib/libpic32.a(general-exception.o)
                0x000000009d0031f0                _general_exception_context

.text._DRV_USBFS_DEVICE_EndpointBDTEntryArm
                0x000000009d0032cc       0xd8
 .text._DRV_USBFS_DEVICE_EndpointBDTEntryArm
                0x000000009d0032cc       0xd8 build/default/production/_ext/2128569739/drv_usbfs_device.o
                0x000000009d0032cc                _DRV_USBFS_DEVICE_EndpointBDTEntryArm

.text._USB_DEVICE_GetStringDescriptorRequestProcess
                0x000000009d0033a4       0xd4
 .text._USB_DEVICE_GetStringDescriptorRequestProcess
                0x000000009d0033a4       0xd4 build/default/production/_ext/308758920/usb_device.o
                0x000000009d0033a4                _USB_DEVICE_GetStringDescriptorRequestProcess

.text._USB_DEVICE_Ep0TransmitCompleteCallback
                0x000000009d003478       0xc0
 .text._USB_DEVICE_Ep0TransmitCompleteCallback
                0x000000009d003478       0xc0 build/default/production/_ext/308758920/usb_device.o
                0x000000009d003478                _USB_DEVICE_Ep0TransmitCompleteCallback

.text._USB_DEVICE_CDC_ReadIRPCallback
                0x000000009d003538       0xc0
 .text._USB_DEVICE_CDC_ReadIRPCallback
                0x000000009d003538       0xc0 build/default/production/_ext/308758920/usb_device_cdc.o
                0x000000009d003538                _USB_DEVICE_CDC_ReadIRPCallback

.text._USB_DEVICE_CDC_WriteIRPCallback
                0x000000009d0035f8       0xc0
 .text._USB_DEVICE_CDC_WriteIRPCallback
                0x000000009d0035f8       0xc0 build/default/production/_ext/308758920/usb_device_cdc.o
                0x000000009d0035f8                _USB_DEVICE_CDC_WriteIRPCallback

.text.SYS_Initialize
                0x000000009d0036b8       0xb8
 .text.SYS_Initialize
                0x000000009d0036b8       0xb8 build/default/production/_ext/1171490990/initialization.o
                0x000000009d0036b8                SYS_Initialize

.text._USB_DEVICE_DeInitializeAllFunctionDrivers
                0x000000009d003770       0xb4
 .text._USB_DEVICE_DeInitializeAllFunctionDrivers
                0x000000009d003770       0xb4 build/default/production/_ext/308758920/usb_device.o
                0x000000009d003770                _USB_DEVICE_DeInitializeAllFunctionDrivers

.text._USB_DEVICE_ForwardControlXfrToFunction
                0x000000009d003824       0xa0
 .text._USB_DEVICE_ForwardControlXfrToFunction
                0x000000009d003824       0xa0 build/default/production/_ext/308758920/usb_device.o
                0x000000009d003824                _USB_DEVICE_ForwardControlXfrToFunction

.text.DRV_USBFS_DEVICE_Detach
                0x000000009d0038c4       0x94
 .text.DRV_USBFS_DEVICE_Detach
                0x000000009d0038c4       0x94 build/default/production/_ext/2128569739/drv_usbfs_device.o
                0x000000009d0038c4                DRV_USBFS_DEVICE_Detach

.text.DRV_USBFS_Tasks_ISR
                0x000000009d003958       0x8c
 .text.DRV_USBFS_Tasks_ISR
                0x000000009d003958       0x8c build/default/production/_ext/2128569739/drv_usbfs.o
                0x000000009d003958                DRV_USBFS_Tasks_ISR

.text._USB_DEVICE_GetFunctionDriverEntryByInterface
                0x000000009d0039e4       0x8c
 .text._USB_DEVICE_GetFunctionDriverEntryByInterface
                0x000000009d0039e4       0x8c build/default/production/_ext/308758920/usb_device.o
                0x000000009d0039e4                _USB_DEVICE_GetFunctionDriverEntryByInterface

.text           0x000000009d003a70       0x8c
 .text          0x000000009d003a70       0x8c /opt/microchip/xc32/v4.10/bin/bin/../../lib/gcc/pic32mx/8.3.1/../../../../pic32mx/lib/libpic32.a(pic32_data_init.o)
                0x000000009d003a70                __pic32_data_init

.text.USB_DEVICE_ControlSend
                0x000000009d003afc       0x84
 .text.USB_DEVICE_ControlSend
                0x000000009d003afc       0x84 build/default/production/_ext/308758920/usb_device.o
                0x000000009d003afc                USB_DEVICE_ControlSend

.text._USB_DEVICE_FindEndpoint
                0x000000009d003b80       0x80
 .text._USB_DEVICE_FindEndpoint
                0x000000009d003b80       0x80 build/default/production/_ext/308758920/usb_device.o
                0x000000009d003b80                _USB_DEVICE_FindEndpoint

.text.USB_DEVICE_ControlStatus
                0x000000009d003c00       0x7c
 .text.USB_DEVICE_ControlStatus
                0x000000009d003c00       0x7c build/default/production/_ext/308758920/usb_device.o
                0x000000009d003c00                USB_DEVICE_ControlStatus

.text._DRV_USBFS_DEVICE_IRPQueueFlush
                0x000000009d003c7c       0x78
 .text._DRV_USBFS_DEVICE_IRPQueueFlush
                0x000000009d003c7c       0x78 build/default/production/_ext/2128569739/drv_usbfs_device.o
                0x000000009d003c7c                _DRV_USBFS_DEVICE_IRPQueueFlush

.text.DRV_USBFS_DEVICE_Attach
                0x000000009d003cf4       0x70
 .text.DRV_USBFS_DEVICE_Attach
                0x000000009d003cf4       0x70 build/default/production/_ext/2128569739/drv_usbfs_device.o
                0x000000009d003cf4                DRV_USBFS_DEVICE_Attach

.text._USB_DEVICE_CDC_Deinitialization
                0x000000009d003d64       0x70
 .text._USB_DEVICE_CDC_Deinitialization
                0x000000009d003d64       0x70 build/default/production/_ext/308758920/usb_device_cdc.o
                0x000000009d003d64                _USB_DEVICE_CDC_Deinitialization

.text.CLK_Initialize
                0x000000009d003dd4       0x6c
 .text.CLK_Initialize
                0x000000009d003dd4       0x6c build/default/production/_ext/60165520/plib_clk.o
                0x000000009d003dd4                CLK_Initialize

.text.DRV_USBFS_ClientEventCallBackSet
                0x000000009d003e40       0x68
 .text.DRV_USBFS_ClientEventCallBackSet
                0x000000009d003e40       0x68 build/default/production/_ext/2128569739/drv_usbfs.o
                0x000000009d003e40                DRV_USBFS_ClientEventCallBackSet

.text.APP_Tasks
                0x000000009d003ea8       0x68
 .text.APP_Tasks
                0x000000009d003ea8       0x68 build/default/production/_ext/1360937237/app.o
                0x000000009d003ea8                APP_Tasks

.text.SYS_INT_SourceDisable
                0x000000009d003f10       0x58
 .text.SYS_INT_SourceDisable
                0x000000009d003f10       0x58 build/default/production/_ext/1881668453/sys_int.o
                0x000000009d003f10                SYS_INT_SourceDisable

.text.USB_DEVICE_Open
                0x000000009d003f68       0x58
 .text.USB_DEVICE_Open
                0x000000009d003f68       0x58 build/default/production/_ext/308758920/usb_device.o
                0x000000009d003f68                USB_DEVICE_Open

.text._USB_DEVICE_RedirectControlXfrToClient
                0x000000009d003fc0       0x58
 .text._USB_DEVICE_RedirectControlXfrToClient
                0x000000009d003fc0       0x58 build/default/production/_ext/308758920/usb_device.o
                0x000000009d003fc0                _USB_DEVICE_RedirectControlXfrToClient

.text.USB_DEVICE_EndpointEnable
                0x000000009d004018       0x58
 .text.USB_DEVICE_EndpointEnable
                0x000000009d004018       0x58 build/default/production/_ext/308758920/usb_device.o
                0x000000009d004018                USB_DEVICE_EndpointEnable

.text.USB_DEVICE_EventHandlerSet
                0x000000009d004070       0x58
 .text.USB_DEVICE_EventHandlerSet
                0x000000009d004070       0x58 build/default/production/_ext/308758920/usb_device.o
                0x000000009d004070                USB_DEVICE_EventHandlerSet

.text._USB_DEVICE_CDC_EndpointDisable
                0x000000009d0040c8       0x58
 .text._USB_DEVICE_CDC_EndpointDisable
                0x000000009d0040c8       0x58 build/default/production/_ext/308758920/usb_device_cdc.o
                0x000000009d0040c8                _USB_DEVICE_CDC_EndpointDisable

.text.DRV_USBFS_Open
                0x000000009d004120       0x54
 .text.DRV_USBFS_Open
                0x000000009d004120       0x54 build/default/production/_ext/2128569739/drv_usbfs.o
                0x000000009d004120                DRV_USBFS_Open

.text.DRV_USBFS_DEVICE_EndpointIsEnabled
                0x000000009d004174       0x54
 .text.DRV_USBFS_DEVICE_EndpointIsEnabled
                0x000000009d004174       0x54 build/default/production/_ext/2128569739/drv_usbfs_device.o
                0x000000009d004174                DRV_USBFS_DEVICE_EndpointIsEnabled

.text.DRV_USBFS_DEVICE_EndpointIsStalled
                0x000000009d0041c8       0x54
 .text.DRV_USBFS_DEVICE_EndpointIsStalled
                0x000000009d0041c8       0x54 build/default/production/_ext/2128569739/drv_usbfs_device.o