
Optional file libmchp_peripheral.a not found

Optional file libmchp_peripheral_32MX430F064H.a not found
Archive member included to satisfy reference by file (symbol)

/opt/microchip/xc32/v4.10/bin/bin/../../lib/gcc/pic32mx/8.3.1/../../../../pic32mx/lib/libpic32.a(memcpy.o)
                              build/default/debug/_ext/308758920/usb_device.o (memcpy)
/opt/microchip/xc32/v4.10/bin/bin/../../lib/gcc/pic32mx/8.3.1/../../../../pic32mx/lib/libpic32.a(default-on-reset.o)
                              /tmp/cc8ImnAW.o (_on_reset)
/opt/microchip/xc32/v4.10/bin/bin/../../lib/gcc/pic32mx/8.3.1/../../../../pic32mx/lib/libpic32.a(default-on-bootstrap.o)
                              /tmp/cc8ImnAW.o (_on_bootstrap)
/opt/microchip/xc32/v4.10/bin/bin/../../lib/gcc/pic32mx/8.3.1/../../../../pic32mx/lib/libpic32.a(default-nmi-handler.o)
                              /tmp/cc8ImnAW.o (_nmi_handler)
/opt/microchip/xc32/v4.10/bin/bin/../../lib/gcc/pic32mx/8.3.1/../../../../pic32mx/lib/libpic32.a(pic32_data_init.o)
                              /tmp/cc8ImnAW.o (__pic32_data_init)
/opt/microchip/xc32/v4.10/bin/bin/../../lib/gcc/pic32mx/8.3.1/../../../../pic32mx/lib/libpic32.a(general-exception.o)
                              /tmp/cc8ImnAW.o (_general_exception_context)
/opt/microchip/xc32/v4.10/bin/bin/../../lib/gcc/pic32mx/8.3.1/../../../../pic32mx/lib/libpic32.a(vector0.o)
                              /tmp/ccm9AcJ1.o (__vector_dispatch_0)
/opt/microchip/xc32/v4.10/bin/bin/../../lib/gcc/pic32mx/8.3.1/../../../../pic32mx/lib/libpic32.a(vector1.o)
                              /tmp/ccm9AcJ1.o (__vector_dispatch_1)
/opt/microchip/xc32/v4.10/bin/bin/../../lib/gcc/pic32mx/8.3.1/../../../../pic32mx/lib/libpic32.a(vector2.o)
                              /tmp/ccm9AcJ1.o (__vector_dispatch_2)
/opt/microchip/xc32/v4.10/bin/bin/../../lib/gcc/pic32mx/8.3.1/../../../../pic32mx/lib/libpic32.a(vector3.o)
                              /tmp/ccm9AcJ1.o (__vector_dispatch_3)
/opt/microchip/xc32/v4.10/bin/bin/../../lib/gcc/pic32mx/8.3.1/../../../../pic32mx/lib/libpic32.a(vector4.o)
                              /tmp/ccm9AcJ1.o (__vector_dispatch_4)
/opt/microchip/xc32/v4.10/bin/bin/../../lib/gcc/pic32mx/8.3.1/../../../../pic32mx/lib/libpic32.a(vector5.o)
                              /tmp/ccm9AcJ1.o (__vector_dispatch_5)
/opt/microchip/xc32/v4.10/bin/bin/../../lib/gcc/pic32mx/8.3.1/../../../../pic32mx/lib/libpic32.a(vector6.o)
                              /tmp/ccm9AcJ1.o (__vector_dispatch_6)
/opt/microchip/xc32/v4.10/bin/bin/../../lib/gcc/pic32mx/8.3.1/../../../../pic32mx/lib/libpic32.a(vector7.o)
                              /tmp/ccm9AcJ1.o (__vector_dispatch_7)
/opt/microchip/xc32/v4.10/bin/bin/../../lib/gcc/pic32mx/8.3.1/../../../../pic32mx/lib/libpic32.a(vector8.o)
                              /tmp/ccm9AcJ1.o (__vector_dispatch_8)
/opt/microchip/xc32/v4.10/bin/bin/../../lib/gcc/pic32mx/8.3.1/../../../../pic32mx/lib/libpic32.a(vector9.o)
                              /tmp/ccm9AcJ1.o (__vector_dispatch_9)
/opt/microchip/xc32/v4.10/bin/bin/../../lib/gcc/pic32mx/8.3.1/../../../../pic32mx/lib/libpic32.a(vector10.o)
                              /tmp/ccm9AcJ1.o (__vector_dispatch_10)
/opt/microchip/xc32/v4.10/bin/bin/../../lib/gcc/pic32mx/8.3.1/../../../../pic32mx/lib/libpic32.a(vector11.o)
                              /tmp/ccm9AcJ1.o (__vector_dispatch_11)
/opt/microchip/xc32/v4.10/bin/bin/../../lib/gcc/pic32mx/8.3.1/../../../../pic32mx/lib/libpic32.a(vector12.o)
                              /tmp/ccm9AcJ1.o (__vector_dispatch_12)
/opt/microchip/xc32/v4.10/bin/bin/../../lib/gcc/pic32mx/8.3.1/../../../../pic32mx/lib/libpic32.a(vector13.o)
                              /tmp/ccm9AcJ1.o (__vector_dispatch_13)
/opt/microchip/xc32/v4.10/bin/bin/../../lib/gcc/pic32mx/8.3.1/../../../../pic32mx/lib/libpic32.a(vector14.o)
                              /tmp/ccm9AcJ1.o (__vector_dispatch_14)
/opt/microchip/xc32/v4.10/bin/bin/../../lib/gcc/pic32mx/8.3.1/../../../../pic32mx/lib/libpic32.a(vector15.o)
                              /tmp/ccm9AcJ1.o (__vector_dispatch_15)
/opt/microchip/xc32/v4.10/bin/bin/../../lib/gcc/pic32mx/8.3.1/../../../../pic32mx/lib/libpic32.a(vector16.o)
                              /tmp/ccm9AcJ1.o (__vector_dispatch_16)
/opt/microchip/xc32/v4.10/bin/bin/../../lib/gcc/pic32mx/8.3.1/../../../../pic32mx/lib/libpic32.a(vector17.o)
                              /tmp/ccm9AcJ1.o (__vector_dispatch_17)
/opt/microchip/xc32/v4.10/bin/bin/../../lib/gcc/pic32mx/8.3.1/../../../../pic32mx/lib/libpic32.a(vector18.o)
                              /tmp/ccm9AcJ1.o (__vector_dispatch_18)
/opt/microchip/xc32/v4.10/bin/bin/../../lib/gcc/pic32mx/8.3.1/../../../../pic32mx/lib/libpic32.a(vector19.o)
                              /tmp/ccm9AcJ1.o (__vector_dispatch_19)
/opt/microchip/xc32/v4.10/bin/bin/../../lib/gcc/pic32mx/8.3.1/../../../../pic32mx/lib/libpic32.a(vector20.o)
                              /tmp/ccm9AcJ1.o (__vector_dispatch_20)
[...]
Memory Configuration

Name             Origin             Length             Attributes
kseg0_data_mem   0x0000000080000000 0x0000000000000200
kseg1_data_mem   0x00000000a0000000 0x0000000000004000 w !x
kseg0_boot_mem   0x000000009fc00490 0x0000000000000970
kseg1_boot_mem   0x00000000bfc00000 0x0000000000000490
kseg0_program_mem 0x000000009d000000 0x0000000000010000 xr
exception_mem    0x000000009fc01000 0x0000000000001000
debug_exec_mem   0x00000000bfc02000 0x0000000000000ff0
config3          0x00000000bfc02ff0 0x0000000000000004
config2          0x00000000bfc02ff4 0x0000000000000004
config1          0x00000000bfc02ff8 0x0000000000000004
config0          0x00000000bfc02ffc 0x0000000000000004
sfrs             0x00000000bf800000 0x0000000000100000
configsfrs       0x00000000bfc02ff0 0x0000000000000010
*default*        0x0000000000000000 0xffffffffffffffff

Linker script and memory map


reserve_data_0_kseg0
                0x0000000080000000      0x200
                0x0000000080000000        0x2 SHORT 0x0
                0x00000000000001fd                . = 0x1fd
 *fill*         0x0000000080000002      0x1fb 
                0x0000000080000200                . = ALIGN (0x4)
 *fill*         0x00000000800001fd        0x3 

reserve_data_0_kseg1
                0x00000000a0000000      0x200
                0x00000000a0000000        0x2 SHORT 0x0
                0x00000000000001fd                . = 0x1fd
 *fill*         0x00000000a0000002      0x1fb 
                0x00000000a0000200                . = ALIGN (0x4)
 *fill*         0x00000000a00001fd        0x3 

reserve_boot_0x1fc02000_kseg0
                0x000000009fc02000      0xff0
                0x000000009fc02000        0x2 SHORT 0x0
                0x0000000000000760                . = 0x760
 *fill*         0x000000009fc02002      0x75e 
                0x000000009fc02760                . = ALIGN (0x4)
                0x000000009fc02760        0x2 SHORT 0x0
                0x0000000000000ff0                . = 0xff0
 *fill*         0x000000009fc02762      0x88e 
                0x000000009fc02ff0                . = ALIGN (0x4)

reserve_boot_0x1fc02000_kseg1
                0x00000000bfc02000      0xff0
                0x00000000bfc02000        0x2 SHORT 0x0
                0x0000000000000760                . = 0x760
 *fill*         0x00000000bfc02002      0x75e 
                0x00000000bfc02760                . = ALIGN (0x4)
                0x00000000bfc02760        0x2 SHORT 0x0
                0x0000000000000ff0                . = 0xff0
 *fill*         0x00000000bfc02762      0x88e 
                0x00000000bfc02ff0                . = ALIGN (0x4)
LOAD /opt/microchip/xc32/v4.10/bin/bin/../../lib/gcc/pic32mx/8.3.1/../../../../pic32mx/lib/software-debug-break.o
LOAD build/default/debug/_ext/1360937237/main.o
LOAD build/default/debug/_ext/1171490990/initialization.o
LOAD build/default/debug/_ext/1171490990/interrupts.o
LOAD build/default/debug/_ext/1171490990/exceptions.o
LOAD build/default/debug/_ext/163028504/xc32_monitor.o
LOAD build/default/debug/_ext/60165520/plib_clk.o
LOAD build/default/debug/_ext/1865254177/plib_gpio.o
LOAD build/default/debug/_ext/1865200349/plib_evic.o
LOAD build/default/debug/_ext/2128569739/drv_usbfs.o
LOAD build/default/debug/_ext/2128569739/drv_usbfs_device.o
LOAD build/default/debug/_ext/1171490990/usb_device_init_data.o
LOAD build/default/debug/_ext/308758920/usb_device.o
LOAD build/default/debug/_ext/1881668453/sys_int.o
LOAD build/default/debug/_ext/1360937237/app.o
LOAD build/default/debug/_ext/1171490990/tasks.o
LOAD build/default/debug/_ext/308758920/usb_device_cdc.o
LOAD build/default/debug/_ext/308758920/usb_device_cdc_acm.o
LOAD build/default/debug/_ext/1360937237/cdc.o
                0x0000000000000001                __MPLAB_BUILD = 0x1
                0x0000000000000400                PROVIDE (_min_stack_size = 0x400)
START GROUP
LOAD libmchp_peripheral.a
END GROUP
START GROUP
LOAD libmchp_peripheral_32MX430F064H.a
END GROUP
                0x0000000000000001                PROVIDE (_vector_spacing = 0x1)
                0x000000009fc01000                PROVIDE (_ebase_address = 0x9fc01000)
                0x00000000bfc00000                _RESET_ADDR = 0xbfc00000
                0x00000000bfc00380                _BEV_EXCPT_ADDR = 0xbfc00380
                0x00000000bfc00480                _DBG_EXCPT_ADDR = 0xbfc00480
                0x00000000bfc02000                _DBG_CODE_ADDR = 0xbfc02000
                0x0000000000000ff0                _DBG_CODE_SIZE = 0xff0
                0x000000009fc01180                _GEN_EXCPT_ADDR = (_ebase_address + 0x180)

.config_BFC02FF0
                0x00000000bfc02ff0        0x4
 *(.config_BFC02FF0)
 .config_BFC02FF0
                0x00000000bfc02ff0        0x4 build/default/debug/_ext/1171490990/initialization.o
                0x00000000bfc02ff0                __config_BFC02FF0

.config_BFC02FF4
                0x00000000bfc02ff4        0x4
 *(.config_BFC02FF4)
 .config_BFC02FF4
                0x00000000bfc02ff4        0x4 build/default/debug/_ext/1171490990/initialization.o
                0x00000000bfc02ff4                __config_BFC02FF4

.config_BFC02FF8
                0x00000000bfc02ff8        0x4
 *(.config_BFC02FF8)
 .config_BFC02FF8
                0x00000000bfc02ff8        0x4 build/default/debug/_ext/1171490990/initialization.o
                0x00000000bfc02ff8                __config_BFC02FF8

.config_BFC02FFC
                0x00000000bfc02ffc        0x4
 *(.config_BFC02FFC)
 .config_BFC02FFC
                0x00000000bfc02ffc        0x4 build/default/debug/_ext/1171490990/initialization.o
                0x00000000bfc02ffc                __config_BFC02FFC

.reset          0x00000000bfc00000      0x19c
 *(.reset)
 .reset         0x00000000bfc00000        0x8 /tmp/cc8ImnAW.o
                0x00000000bfc00000                _reset
 *(.reset.startup)
 .reset.startup
                0x00000000bfc00008      0x194 /tmp/cc8ImnAW.o
                0x00000000bfc00008                _startup

.bev_excpt      0x00000000bfc00380       0x10
 *(.bev_handler)
 .bev_handler   0x00000000bfc00380       0x10 /tmp/cc8ImnAW.o

.dbg_excpt      0x00000000bfc00480        0x0
                0x00000000bfc00480                . = (. + DEFINED (_DEBUGGER)?0x8:0x0)

.dbg_code       0x00000000bfc02000        0x0
                0x00000000bfc02000                . = (. + DEFINED (_DEBUGGER)?_DBG_CODE_SIZE:0x0)

.app_excpt      0x000000009fc01180       0x10
 *(.gen_handler)
 .gen_handler   0x000000009fc01180       0x10 /tmp/cc8ImnAW.o

.vector_0       0x000000009fc01200        0x8
 *(.vector_0)
 .vector_0      0x000000009fc01200        0x8 /opt/microchip/xc32/v4.10/bin/bin/../../lib/gcc/pic32mx/8.3.1/../../../../pic32mx/lib/libpic32.a(vector0.o)
                0x000000009fc01200                __vector_dispatch_0
                0x0000000000000001                ASSERT (((_vector_spacing == 0x0) || (SIZEOF (.vector_0) <= (_vector_spacing << 0x5))), function at exception vector 0 too large)

.vector_1       0x000000009fc01220        0x8
 *(.vector_1)
 .vector_1      0x000000009fc01220        0x8 /opt/microchip/xc32/v4.10/bin/bin/../../lib/gcc/pic32mx/8.3.1/../../../../pic32mx/lib/libpic32.a(vector1.o)
                0x000000009fc01220                __vector_dispatch_1
                0x0000000000000001                ASSERT (((_vector_spacing == 0x0) || (SIZEOF (.vector_1) <= (_vector_spacing << 0x5))), function at exception vector 1 too large)

.vector_2       0x000000009fc01240        0x8
 *(.vector_2)
 .vector_2      0x000000009fc01240        0x8 /opt/microchip/xc32/v4.10/bin/bin/../../lib/gcc/pic32mx/8.3.1/../../../../pic32mx/lib/libpic32.a(vector2.o)
                0x000000009fc01240                __vector_dispatch_2
                0x0000000000000001                ASSERT (((_vector_spacing == 0x0) || (SIZEOF (.vector_2) <= (_vector_spacing << 0x5))), function at exception vector 2 too large)

.vector_3       0x000000009fc01260        0x8
 *(.vector_3)
 .vector_3      0x000000009fc01260        0x8 /opt/microchip/xc32/v4.10/bin/bin/../../lib/gcc/pic32mx/8.3.1/../../../../pic32mx/lib/libpic32.a(vector3.o)
                0x000000009fc01260                __vector_dispatch_3
                0x0000000000000001                ASSERT (((_vector_spacing == 0x0) || (SIZEOF (.vector_3) <= (_vector_spacing << 0x5))), function at exception vector 3 too large)

.vector_4       0x000000009fc01280        0x8
 *(.vector_4)
 .vector_4      0x000000009fc01280        0x8 /opt/microchip/xc32/v4.10/bin/bin/../../lib/gcc/pic32mx/8.3.1/../../../../pic32mx/lib/libpic32.a(vector4.o)
                0x000000009fc01280                __vector_dispatch_4
                0x0000000000000001                ASSERT (((_vector_spacing == 0x0) || (SIZEOF (.vector_4) <= (_vector_spacing << 0x5))), function at exception vector 4 too large)

.vector_5       0x000000009fc012a0        0x8
 *(.vector_5)
 .vector_5      0x000000009fc012a0        0x8 /opt/microchip/xc32/v4.10/bin/bin/../../lib/gcc/pic32mx/8.3.1/../../../../pic32mx/lib/libpic32.a(vector5.o)
                0x000000009fc012a0                __vector_dispatch_5
                0x0000000000000001                ASSERT (((_vector_spacing == 0x0) || (SIZEOF (.vector_5) <= (_vector_spacing << 0x5))), function at exception vector 5 too large)

.vector_6       0x000000009fc012c0        0x8
 *(.vector_6)
 .vector_6      0x000000009fc012c0        0x8 /opt/microchip/xc32/v4.10/bin/bin/../../lib/gcc/pic32mx/8.3.1/../../../../pic32mx/lib/libpic32.a(vector6.o)
                0x000000009fc012c0                __vector_dispatch_6
                0x0000000000000001                ASSERT (((_vector_spacing == 0x0) || (SIZEOF (.vector_6) <= (_vector_spacing << 0x5))), function at exception vector 6 too large)

.vector_7       0x000000009fc012e0        0x8
 *(.vector_7)
 .vector_7      0x000000009fc012e0        0x8 /opt/microchip/xc32/v4.10/bin/bin/../../lib/gcc/pic32mx/8.3.1/../../../../pic32mx/lib/libpic32.a(vector7.o)
                0x000000009fc012e0                __vector_dispatch_7
                0x0000000000000001                ASSERT (((_vector_spacing == 0x0) || (SIZEOF (.vector_7) <= (_vector_spacing << 0x5))), function at exception vector 7 too large)

.vector_8       0x000000009fc01300        0x8
 *(.vector_8)
 .vector_8      0x000000009fc01300        0x8 /opt/microchip/xc32/v4.10/bin/bin/../../lib/gcc/pic32mx/8.3.1/../../../../pic32mx/lib/libpic32.a(vector8.o)
                0x000000009fc01300                __vector_dispatch_8
                0x0000000000000001                ASSERT (((_vector_spacing == 0x0) || (SIZEOF (.vector_8) <= (_vector_spacing << 0x5))), function at exception vector 8 too large)

.vector_9       0x000000009fc01320        0x8
 *(.vector_9)
 .vector_9      0x000000009fc01320        0x8 /opt/microchip/xc32/v4.10/bin/bin/../../lib/gcc/pic32mx/8.3.1/../../../../pic32mx/lib/libpic32.a(vector9.o)
                0x000000009fc01320                __vector_dispatch_9
                0x0000000000000001                ASSERT (((_vector_spacing == 0x0) || (SIZEOF (.vector_9) <= (_vector_spacing << 0x5))), function at exception vector 9 too large)

.vector_10      0x000000009fc01340        0x8
 *(.vector_10)
 .vector_10     0x000000009fc01340        0x8 /opt/microchip/xc32/v4.10/bin/bin/../../lib/gcc/pic32mx/8.3.1/../../../../pic32mx/lib/libpic32.a(vector10.o)
                0x000000009fc01340                __vector_dispatch_10
                0x0000000000000001                ASSERT (((_vector_spacing == 0x0) || (SIZEOF (.vector_10) <= (_vector_spacing << 0x5))), function at exception vector 10 too large)

.vector_11      0x000000009fc01360        0x8
 *(.vector_11)
 .vector_11     0x000000009fc01360        0x8 /opt/microchip/xc32/v4.10/bin/bin/../../lib/gcc/pic32mx/8.3.1/../../../../pic32mx/lib/libpic32.a(vector11.o)
                0x000000009fc01360                __vector_dispatch_11
                0x0000000000000001                ASSERT (((_vector_spacing == 0x0) || (SIZEOF (.vector_11) <= (_vector_spacing << 0x5))), function at exception vector 11 too large)

.vector_12      0x000000009fc01380        0x8
 *(.vector_12)
 .vector_12     0x000000009fc01380        0x8 /opt/microchip/xc32/v4.10/bin/bin/../../lib/gcc/pic32mx/8.3.1/../../../../pic32mx/lib/libpic32.a(vector12.o)
                0x000000009fc01380                __vector_dispatch_12
                0x0000000000000001                ASSERT (((_vector_spacing == 0x0) || (SIZEOF (.vector_12) <= (_vector_spacing << 0x5))), function at exception vector 12 too large)

.vector_13      0x000000009fc013a0        0x8
 *(.vector_13)
 .vector_13     0x000000009fc013a0        0x8 /opt/microchip/xc32/v4.10/bin/bin/../../lib/gcc/pic32mx/8.3.1/../../../../pic32mx/lib/libpic32.a(vector13.o)
                0x000000009fc013a0                __vector_dispatch_13
                0x0000000000000001                ASSERT (((_vector_spacing == 0x0) || (SIZEOF (.vector_13) <= (_vector_spacing << 0x5))), function at exception vector 13 too large)

.vector_14      0x000000009fc013c0        0x8
 *(.vector_14)
 .vector_14     0x000000009fc013c0        0x8 /opt/microchip/xc32/v4.10/bin/bin/../../lib/gcc/pic32mx/8.3.1/../../../../pic32mx/lib/libpic32.a(vector14.o)
                0x000000009fc013c0                __vector_dispatch_14
                0x0000000000000001                ASSERT (((_vector_spacing == 0x0) || (SIZEOF (.vector_14) <= (_vector_spacing << 0x5))), function at exception vector 14 too large)

.vector_15      0x000000009fc013e0        0x8
 *(.vector_15)
 .vector_15     0x000000009fc013e0        0x8 /opt/microchip/xc32/v4.10/bin/bin/../../lib/gcc/pic32mx/8.3.1/../../../../pic32mx/lib/libpic32.a(vector15.o)
                0x000000009fc013e0                __vector_dispatch_15
                0x0000000000000001                ASSERT (((_vector_spacing == 0x0) || (SIZEOF (.vector_15) <= (_vector_spacing << 0x5))), function at exception vector 15 too large)

.vector_16      0x000000009fc01400        0x8
 *(.vector_16)
 .vector_16     0x000000009fc01400        0x8 /opt/microchip/xc32/v4.10/bin/bin/../../lib/gcc/pic32mx/8.3.1/../../../../pic32mx/lib/libpic32.a(vector16.o)
                0x000000009fc01400                __vector_dispatch_16
                0x0000000000000001                ASSERT (((_vector_spacing == 0x0) || (SIZEOF (.vector_16) <= (_vector_spacing << 0x5))), function at exception vector 16 too large)

.vector_17      0x000000009fc01420        0x8
 *(.vector_17)
 .vector_17     0x000000009fc01420        0x8 /opt/microchip/xc32/v4.10/bin/bin/../../lib/gcc/pic32mx/8.3.1/../../../../pic32mx/lib/libpic32.a(vector17.o)
                0x000000009fc01420                __vector_dispatch_17
                0x0000000000000001                ASSERT (((_vector_spacing == 0x0) || (SIZEOF (.vector_17) <= (_vector_spacing << 0x5))), function at exception vector 17 too large)

.vector_18      0x000000009fc01440        0x8
 *(.vector_18)
 .vector_18     0x000000009fc01440        0x8 /opt/microchip/xc32/v4.10/bin/bin/../../lib/gcc/pic32mx/8.3.1/../../../../pic32mx/lib/libpic32.a(vector18.o)
                0x000000009fc01440                __vector_dispatch_18
                0x0000000000000001                ASSERT (((_vector_spacing == 0x0) || (SIZEOF (.vector_18) <= (_vector_spacing << 0x5))), function at exception vector 18 too large)

.vector_19      0x000000009fc01460        0x8
 *(.vector_19)
 .vector_19     0x000000009fc01460        0x8 /opt/microchip/xc32/v4.10/bin/bin/../../lib/gcc/pic32mx/8.3.1/../../../../pic32mx/lib/libpic32.a(vector19.o)
                0x000000009fc01460                __vector_dispatch_19
                0x0000000000000001                ASSERT (((_vector_spacing == 0x0) || (SIZEOF (.vector_19) <= (_vector_spacing << 0x5))), function at exception vector 19 too large)

.vector_20      0x000000009fc01480        0x8
 *(.vector_20)
 .vector_20     0x000000009fc01480        0x8 /opt/microchip/xc32/v4.10/bin/bin/../../lib/gcc/pic32mx/8.3.1/../../../../pic32mx/lib/libpic32.a(vector20.o)
                0x000000009fc01480                __vector_dispatch_20
                0x0000000000000001                ASSERT (((_vector_spacing == 0x0) || (SIZEOF (.vector_20) <= (_vector_spacing << 0x5))), function at exception vector 20 too large)

.vector_21      0x000000009fc014a0        0x8
 *(.vector_21)
 .vector_21     0x000000009fc014a0        0x8 /opt/microchip/xc32/v4.10/bin/bin/../../lib/gcc/pic32mx/8.3.1/../../../../pic32mx/lib/libpic32.a(vector21.o)
                0x000000009fc014a0                __vector_dispatch_21
                0x0000000000000001                ASSERT (((_vector_spacing == 0x0) || (SIZEOF (.vector_21) <= (_vector_spacing << 0x5))), function at exception vector 21 too large)

.vector_22      0x000000009fc014c0        0x8
 *(.vector_22)
 .vector_22     0x000000009fc014c0        0x8 /opt/microchip/xc32/v4.10/bin/bin/../../lib/gcc/pic32mx/8.3.1/../../../../pic32mx/lib/libpic32.a(vector22.o)
                0x000000009fc014c0                __vector_dispatch_22
                0x0000000000000001                ASSERT (((_vector_spacing == 0x0) || (SIZEOF (.vector_22) <= (_vector_spacing << 0x5))), function at exception vector 22 too large)

.vector_23      0x000000009fc014e0        0x8
 *(.vector_23)
 .vector_23     0x000000009fc014e0        0x8 /opt/microchip/xc32/v4.10/bin/bin/../../lib/gcc/pic32mx/8.3.1/../../../../pic32mx/lib/libpic32.a(vector23.o)
                0x000000009fc014e0                __vector_dispatch_23
                0x0000000000000001                ASSERT (((_vector_spacing == 0x0) || (SIZEOF (.vector_23) <= (_vector_spacing << 0x5))), function at exception vector 23 too large)

.vector_24      0x000000009fc01500        0x8
 *(.vector_24)
 .vector_24     0x000000009fc01500        0x8 /opt/microchip/xc32/v4.10/bin/bin/../../lib/gcc/pic32mx/8.3.1/../../../../pic32mx/lib/libpic32.a(vector24.o)
                0x000000009fc01500                __vector_dispatch_24
                0x0000000000000001                ASSERT (((_vector_spacing == 0x0) || (SIZEOF (.vector_24) <= (_vector_spacing << 0x5))), function at exception vector 24 too large)

.vector_25      0x000000009fc01520        0x8
 *(.vector_25)
 .vector_25     0x000000009fc01520        0x8 /opt/microchip/xc32/v4.10/bin/bin/../../lib/gcc/pic32mx/8.3.1/../../../../pic32mx/lib/libpic32.a(vector25.o)
                0x000000009fc01520                __vector_dispatch_25
                0x0000000000000001                ASSERT (((_vector_spacing == 0x0) || (SIZEOF (.vector_25) <= (_vector_spacing << 0x5))), function at exception vector 25 too large)

.vector_26      0x000000009fc01540        0x8
 *(.vector_26)
 .vector_26     0x000000009fc01540        0x8 /opt/microchip/xc32/v4.10/bin/bin/../../lib/gcc/pic32mx/8.3.1/../../../../pic32mx/lib/libpic32.a(vector26.o)
                0x000000009fc01540                __vector_dispatch_26
                0x0000000000000001                ASSERT (((_vector_spacing == 0x0) || (SIZEOF (.vector_26) <= (_vector_spacing << 0x5))), function at exception vector 26 too large)

.vector_27      0x000000009fc01560        0x8
 *(.vector_27)
 .vector_27     0x000000009fc01560        0x8 /opt/microchip/xc32/v4.10/bin/bin/../../lib/gcc/pic32mx/8.3.1/../../../../pic32mx/lib/libpic32.a(vector27.o)
                0x000000009fc01560                __vector_dispatch_27
                0x0000000000000001                ASSERT (((_vector_spacing == 0x0) || (SIZEOF (.vector_27) <= (_vector_spacing << 0x5))), function at exception vector 27 too large)

.vector_28      0x000000009fc01580        0x8
 *(.vector_28)
 .vector_28     0x000000009fc01580        0x8 /opt/microchip/xc32/v4.10/bin/bin/../../lib/gcc/pic32mx/8.3.1/../../../../pic32mx/lib/libpic32.a(vector28.o)
                0x000000009fc01580                __vector_dispatch_28
                0x0000000000000001                ASSERT (((_vector_spacing == 0x0) || (SIZEOF (.vector_28) <= (_vector_spacing << 0x5))), function at exception vector 28 too large)

.vector_29      0x000000009fc015a0        0x8
 *(.vector_29)
 .vector_29     0x000000009fc015a0        0x8 build/default/debug/_ext/1171490990/interrupts.o
                0x000000009fc015a0                __vector_dispatch_29
                0x0000000000000001                ASSERT (((_vector_spacing == 0x0) || (SIZEOF (.vector_29) <= (_vector_spacing << 0x5))), function at exception vector 29 too large)

.vector_30      0x000000009fc015c0        0x8
 *(.vector_30)
 .vector_30     0x000000009fc015c0        0x8 /opt/microchip/xc32/v4.10/bin/bin/../../lib/gcc/pic32mx/8.3.1/../../../../pic32mx/lib/libpic32.a(vector30.o)
                0x000000009fc015c0                __vector_dispatch_30
                0x0000000000000001                ASSERT (((_vector_spacing == 0x0) || (SIZEOF (.vector_30) <= (_vector_spacing << 0x5))), function at exception vector 30 too large)

.vector_31      0x000000009fc015e0        0x8
 *(.vector_31)
 .vector_31     0x000000009fc015e0        0x8 /opt/microchip/xc32/v4.10/bin/bin/../../lib/gcc/pic32mx/8.3.1/../../../../pic32mx/lib/libpic32.a(vector31.o)
                0x000000009fc015e0                __vector_dispatch_31
                0x0000000000000001                ASSERT (((_vector_spacing == 0x0) || (SIZEOF (.vector_31) <= (_vector_spacing << 0x5))), function at exception vector 31 too large)

.vector_32      0x000000009fc01600        0x8
 *(.vector_32)
 .vector_32     0x000000009fc01600        0x8 /opt/microchip/xc32/v4.10/bin/bin/../../lib/gcc/pic32mx/8.3.1/../../../../pic32mx/lib/libpic32.a(vector32.o)
                0x000000009fc01600                __vector_dispatch_32
                0x0000000000000001                ASSERT (((_vector_spacing == 0x0) || (SIZEOF (.vector_32) <= (_vector_spacing << 0x5))), function at exception vector 32 too large)

.vector_33      0x000000009fc01620        0x8
 *(.vector_33)
 .vector_33     0x000000009fc01620        0x8 /opt/microchip/xc32/v4.10/bin/bin/../../lib/gcc/pic32mx/8.3.1/../../../../pic32mx/lib/libpic32.a(vector33.o)
                0x000000009fc01620                __vector_dispatch_33
                0x0000000000000001                ASSERT (((_vector_spacing == 0x0) || (SIZEOF (.vector_33) <= (_vector_spacing << 0x5))), function at exception vector 33 too large)

.vector_34      0x000000009fc01640        0x8
 *(.vector_34)
 .vector_34     0x000000009fc01640        0x8 /opt/microchip/xc32/v4.10/bin/bin/../../lib/gcc/pic32mx/8.3.1/../../../../pic32mx/lib/libpic32.a(vector34.o)
                0x000000009fc01640                __vector_dispatch_34
                0x0000000000000001                ASSERT (((_vector_spacing == 0x0) || (SIZEOF (.vector_34) <= (_vector_spacing << 0x5))), function at exception vector 34 too large)

.vector_35      0x000000009fc01660        0x8
 *(.vector_35)
 .vector_35     0x000000009fc01660        0x8 /opt/microchip/xc32/v4.10/bin/bin/../../lib/gcc/pic32mx/8.3.1/../../../../pic32mx/lib/libpic32.a(vector35.o)
                0x000000009fc01660                __vector_dispatch_35
                0x0000000000000001                ASSERT (((_vector_spacing == 0x0) || (SIZEOF (.vector_35) <= (_vector_spacing << 0x5))), function at exception vector 35 too large)

.vector_36      0x000000009fc01680        0x8
 *(.vector_36)
 .vector_36     0x000000009fc01680        0x8 /opt/microchip/xc32/v4.10/bin/bin/../../lib/gcc/pic32mx/8.3.1/../../../../pic32mx/lib/libpic32.a(vector36.o)
                0x000000009fc01680                __vector_dispatch_36
                0x0000000000000001                ASSERT (((_vector_spacing == 0x0) || (SIZEOF (.vector_36) <= (_vector_spacing << 0x5))), function at exception vector 36 too large)

.vector_37      0x000000009fc016a0        0x8
 *(.vector_37)
 .vector_37     0x000000009fc016a0        0x8 /opt/microchip/xc32/v4.10/bin/bin/../../lib/gcc/pic32mx/8.3.1/../../../../pic32mx/lib/libpic32.a(vector37.o)
                0x000000009fc016a0                __vector_dispatch_37
                0x0000000000000001                ASSERT (((_vector_spacing == 0x0) || (SIZEOF (.vector_37) <= (_vector_spacing << 0x5))), function at exception vector 37 too large)

.vector_38      0x000000009fc016c0        0x8
 *(.vector_38)
 .vector_38     0x000000009fc016c0        0x8 /opt/microchip/xc32/v4.10/bin/bin/../../lib/gcc/pic32mx/8.3.1/../../../../pic32mx/lib/libpic32.a(vector38.o)
                0x000000009fc016c0                __vector_dispatch_38
                0x0000000000000001                ASSERT (((_vector_spacing == 0x0) || (SIZEOF (.vector_38) <= (_vector_spacing << 0x5))), function at exception vector 38 too large)

.vector_39      0x000000009fc016e0        0x8
 *(.vector_39)
 .vector_39     0x000000009fc016e0        0x8 /opt/microchip/xc32/v4.10/bin/bin/../../lib/gcc/pic32mx/8.3.1/../../../../pic32mx/lib/libpic32.a(vector39.o)
                0x000000009fc016e0                __vector_dispatch_39
                0x0000000000000001                ASSERT (((_vector_spacing == 0x0) || (SIZEOF (.vector_39) <= (_vector_spacing << 0x5))), function at exception vector 39 too large)

.vector_40      0x000000009fc01700        0x8
 *(.vector_40)
 .vector_40     0x000000009fc01700        0x8 /opt/microchip/xc32/v4.10/bin/bin/../../lib/gcc/pic32mx/8.3.1/../../../../pic32mx/lib/libpic32.a(vector40.o)
                0x000000009fc01700                __vector_dispatch_40
                0x0000000000000001                ASSERT (((_vector_spacing == 0x0) || (SIZEOF (.vector_40) <= (_vector_spacing << 0x5))), function at exception vector 40 too large)

.vector_41      0x000000009fc01720        0x8
 *(.vector_41)
 .vector_41     0x000000009fc01720        0x8 /opt/microchip/xc32/v4.10/bin/bin/../../lib/gcc/pic32mx/8.3.1/../../../../pic32mx/lib/libpic32.a(vector41.o)
                0x000000009fc01720                __vector_dispatch_41
                0x0000000000000001                ASSERT (((_vector_spacing == 0x0) || (SIZEOF (.vector_41) <= (_vector_spacing << 0x5))), function at exception vector 41 too large)

.vector_42      0x000000009fc01740        0x8
 *(.vector_42)
 .vector_42     0x000000009fc01740        0x8 /opt/microchip/xc32/v4.10/bin/bin/../../lib/gcc/pic32mx/8.3.1/../../../../pic32mx/lib/libpic32.a(vector42.o)
                0x000000009fc01740                __vector_dispatch_42
                0x0000000000000001                ASSERT (((_vector_spacing == 0x0) || (SIZEOF (.vector_42) <= (_vector_spacing << 0x5))), function at exception vector 42 too large)

.vector_43      0x000000009fc01760        0x8
 *(.vector_43)
 .vector_43     0x000000009fc01760        0x8 /opt/microchip/xc32/v4.10/bin/bin/../../lib/gcc/pic32mx/8.3.1/../../../../pic32mx/lib/libpic32.a(vector43.o)
                0x000000009fc01760                __vector_dispatch_43
                0x0000000000000001                ASSERT (((_vector_spacing == 0x0) || (SIZEOF (.vector_43) <= (_vector_spacing << 0x5))), function at exception vector 43 too large)

.vector_44      0x000000009fc01780        0x8
 *(.vector_44)
 .vector_44     0x000000009fc01780        0x8 /opt/microchip/xc32/v4.10/bin/bin/../../lib/gcc/pic32mx/8.3.1/../../../../pic32mx/lib/libpic32.a(vector44.o)
                0x000000009fc01780                __vector_dispatch_44
                0x0000000000000001                ASSERT (((_vector_spacing == 0x0) || (SIZEOF (.vector_44) <= (_vector_spacing << 0x5))), function at exception vector 44 too large)

.vector_45      0x000000009fc017a0        0x8
 *(.vector_45)
 .vector_45     0x000000009fc017a0        0x8 /opt/microchip/xc32/v4.10/bin/bin/../../lib/gcc/pic32mx/8.3.1/../../../../pic32mx/lib/libpic32.a(vector45.o)
                0x000000009fc017a0                __vector_dispatch_45
                0x0000000000000001                ASSERT (((_vector_spacing == 0x0) || (SIZEOF (.vector_45) <= (_vector_spacing << 0x5))), function at exception vector 45 too large)

.vector_46      0x000000009fc017c0        0x0
 *(.vector_46)
                0x0000000000000001                ASSERT (((_vector_spacing == 0x0) || (SIZEOF (.vector_46) <= (_vector_spacing << 0x5))), function at exception vector 46 too large)

.vector_47      0x000000009fc017e0        0x0
 *(.vector_47)
                0x0000000000000001                ASSERT (((_vector_spacing == 0x0) || (SIZEOF (.vector_47) <= (_vector_spacing << 0x5))), function at exception vector 47 too large)

.vector_48      0x000000009fc01800        0x0
 *(.vector_48)
                0x0000000000000001                ASSERT (((_vector_spacing == 0x0) || (SIZEOF (.vector_48) <= (_vector_spacing << 0x5))), function at exception vector 48 too large)

.vector_49      0x000000009fc01820        0x0
 *(.vector_49)
                0x0000000000000001                ASSERT (((_vector_spacing == 0x0) || (SIZEOF (.vector_49) <= (_vector_spacing << 0x5))), function at exception vector 49 too large)

.vector_50      0x000000009fc01840        0x0
 *(.vector_50)
                0x0000000000000001                ASSERT (((_vector_spacing == 0x0) || (SIZEOF (.vector_50) <= (_vector_spacing << 0x5))), function at exception vector 50 too large)

.vector_51      0x000000009fc01860        0x0
 *(.vector_51)
                0x0000000000000001                ASSERT (((_vector_spacing == 0x0) || (SIZEOF (.vector_51) <= (_vector_spacing << 0x5))), function at exception vector 51 too large)

.vector_52      0x000000009fc01880        0x0
 *(.vector_52)
                0x0000000000000001                ASSERT (((_vector_spacing == 0x0) || (SIZEOF (.vector_52) <= (_vector_spacing << 0x5))), function at exception vector 52 too large)

.vector_53      0x000000009fc018a0        0x0
 *(.vector_53)
                0x0000000000000001                ASSERT (((_vector_spacing == 0x0) || (SIZEOF (.vector_53) <= (_vector_spacing << 0x5))), function at exception vector 53 too large)

.vector_54      0x000000009fc018c0        0x0
 *(.vector_54)
                0x0000000000000001                ASSERT (((_vector_spacing == 0x0) || (SIZEOF (.vector_54) <= (_vector_spacing << 0x5))), function at exception vector 54 too large)

.vector_55      0x000000009fc018e0        0x0
 *(.vector_55)
                0x0000000000000001                ASSERT (((_vector_spacing == 0x0) || (SIZEOF (.vector_55) <= (_vector_spacing << 0x5))), function at exception vector 55 too large)

.vector_56      0x000000009fc01900        0x0
 *(.vector_56)
                0x0000000000000001                ASSERT (((_vector_spacing == 0x0) || (SIZEOF (.vector_56) <= (_vector_spacing << 0x5))), function at exception vector 56 too large)

.vector_57      0x000000009fc01920        0x0
 *(.vector_57)
                0x0000000000000001                ASSERT (((_vector_spacing == 0x0) || (SIZEOF (.vector_57) <= (_vector_spacing << 0x5))), function at exception vector 57 too large)

.vector_58      0x000000009fc01940        0x0
 *(.vector_58)
                0x0000000000000001                ASSERT (((_vector_spacing == 0x0) || (SIZEOF (.vector_58) <= (_vector_spacing << 0x5))), function at exception vector 58 too large)

.vector_59      0x000000009fc01960        0x0
 *(.vector_59)
                0x0000000000000001                ASSERT (((_vector_spacing == 0x0) || (SIZEOF (.vector_59) <= (_vector_spacing << 0x5))), function at exception vector 59 too large)

.vector_60      0x000000009fc01980        0x0
 *(.vector_60)
                0x0000000000000001                ASSERT (((_vector_spacing == 0x0) || (SIZEOF (.vector_60) <= (_vector_spacing << 0x5))), function at exception vector 60 too large)

.vector_61      0x000000009fc019a0        0x0
 *(.vector_61)
                0x0000000000000001                ASSERT (((_vector_spacing == 0x0) || (SIZEOF (.vector_61) <= (_vector_spacing << 0x5))), function at exception vector 61 too large)

.vector_62      0x000000009fc019c0        0x0
 *(.vector_62)
                0x0000000000000001                ASSERT (((_vector_spacing == 0x0) || (SIZEOF (.vector_62) <= (_vector_spacing << 0x5))), function at exception vector 62 too large)

.vector_63      0x000000009fc019e0        0x0
 *(.vector_63)
                0x0000000000000001                ASSERT (((_vector_spacing == 0x0) || (SIZEOF (.vector_63) <= (_vector_spacing << 0x5))), function at exception vector 63 too large)

.startup
 *(.startup)

.text           0x000000009d000000        0x0
 *(.stub .gnu.linkonce.t.*)
 *(.text.*personality*)
 *(.mips16.fn.*)
 *(.mips16.call.*)
 *(.gnu.warning)
                0x000000009d000000                . = ALIGN (0x4)

.init           0x000000009d000000        0x0
 *crti.o(.init)
 *crtbegin.o(.init)
 *(EXCLUDE_FILE(*crtn.o *crtend?.o *crtend.o) .init)
 *crtend.o(.init)
 *crtn.o(.init)
                0x000000009d000000                . = ALIGN (0x4)

.fini           0x000000009d000000        0x0
 *(.fini)
                0x000000009d000000                . = ALIGN (0x4)

.preinit_array  0x000000009d000000        0x0
                [!provide]                        PROVIDE (__preinit_array_start = .)
 *(.preinit_array)
                [!provide]                        PROVIDE (__preinit_array_end = .)
                0x000000009d000000                . = ALIGN (0x4)

.init_array     0x000000009d000000        0x0
                [!provide]                        PROVIDE (__init_array_start = .)
 *(SORT_BY_NAME(.init_array.*))
 *(.init_array)
                [!provide]                        PROVIDE (__init_array_end = .)
                0x000000009d000000                . = ALIGN (0x4)

.fini_array     0x000000009d000000        0x0
                [!provide]                        PROVIDE (__fini_array_start = .)
 *(SORT_BY_NAME(.fini_array.*))
 *(.fini_array)
                [!provide]                        PROVIDE (__fini_array_end = .)
                0x000000009d000000                . = ALIGN (0x4)

.ctors          0x000000009d000000        0x0
 *crtbegin.o(.ctors)
 *crtbegin?.o(.ctors)
 *(EXCLUDE_FILE(*crtend?.o *crtend.o) .ctors)
 *(SORT_BY_NAME(.ctors.*))
 *(.ctors)
                0x000000009d000000                . = ALIGN (0x4)

.dtors          0x000000009d000000        0x0
 *crtbegin.o(.dtors)
 *crtbegin?.o(.dtors)
 *(EXCLUDE_FILE(*crtend?.o *crtend.o) .dtors)
 *(SORT_BY_NAME(.dtors.*))
 *(.dtors)
                0x000000009d000000                . = ALIGN (0x4)

.rodata         0x000000009d000000        0x0
 *(.gnu.linkonce.r.*)
 *(.rodata1)
                0x000000009d000000                . = ALIGN (0x4)

.sdata2         0x000000009d000000        0x0
 *(.sdata2 .sdata2.* .gnu.linkonce.s2.*)
                0x000000009d000000                . = ALIGN (0x4)

.sbss2          0x000000009d000000        0x0
 *(.sbss2 .sbss2.* .gnu.linkonce.sb2.*)
                0x000000009d000000                . = ALIGN (0x4)

.eh_frame_hdr
 *(.eh_frame_hdr)
                0x000000009d000000                . = ALIGN (0x4)

.eh_frame
 *(.eh_frame)
                0x000000009d000000                . = ALIGN (0x4)

.gcc_except_table
 *(.gcc_except_table .gcc_except_table.*)
                0x000000009d000000                . = ALIGN (0x4)

.dbg_data       0x00000000a0000200        0x0
                0x00000000a0000200                . = (. + DEFINED (_DEBUGGER)?0x200:0x0)

.jcr            0x00000000a0000200        0x0
 *(.jcr)
                0x00000000a0000200                . = ALIGN (0x4)

.eh_frame
 *(.eh_frame)
                0x00000000a0000200                . = ALIGN (0x4)

.gcc_except_table
 *(.gcc_except_table .gcc_except_table.*)
                0x00000000a0000200                . = ALIGN (0x4)

.persist        0x00000000a0000200        0x0
                0x00000000a0000200                _persist_begin = .
 *(.persist .persist.*)
                0x00000000a0000200                . = ALIGN (0x4)
                0x00000000a0000200                _persist_end = .

.data           0x00000000a0000200        0x0
 *(.gnu.linkonce.d.*)
 *(.data1)
                0x00000000a0000200                . = ALIGN (0x4)
                0x00000000a0000200                . = .
                0x00000000a00081f0                _gp = (ALIGN (0x10) + 0x7ff0)

.got            0x00000000a0000200        0x0
 *(.got.plt)
 *(.got)
                0x00000000a0000200                . = ALIGN (0x4)

.sdata          0x00000000a0000200        0x8
                0x00000000a0000200                _sdata_begin = .
 *(.sdata .sdata.* .gnu.linkonce.s.*)
 .sdata         0x00000000a0000200        0x7 build/default/debug/_ext/1360937237/cdc.o
                0x00000000a0000200                lineCoding
                0x00000000a0000208                . = ALIGN (0x4)
 *fill*         0x00000000a0000207        0x1 
                0x00000000a0000208                _sdata_end = .

.lit8
 *(.lit8)

.lit4
 *(.lit4)
                0x00000000a0000208                . = ALIGN (0x4)
                0x00000000a0000208                _data_end = .
                0x00000000a0000208                _bss_begin = .

.sbss           0x00000000a0000208       0x14
                0x00000000a0000208                _sbss_begin = .
 *(.dynsbss)
 *(.sbss .sbss.* .gnu.linkonce.sb.*)
 .sbss          0x00000000a0000208        0x8 build/default/debug/_ext/1171490990/initialization.o
                0x00000000a0000208                sysObj
 .sbss          0x00000000a0000210        0x2 build/default/debug/_ext/308758920/usb_device_cdc.o
                0x00000000a0000210                gUSBDeviceCdcCommonDataObj
 *fill*         0x00000000a0000212        0x2 
 .sbss          0x00000000a0000214        0x6 build/default/debug/_ext/1360937237/cdc.o
                0x00000000a0000214                controlLineStateData
                0x00000000a0000218                breakDuration
 *(.scommon)
                0x00000000a000021a                _sbss_end = .
                0x00000000a000021c                . = ALIGN (0x4)
 *fill*         0x00000000a000021a        0x2 

.bss            0x00000000a000021c        0x0
 *(.dynbss)
 *(COMMON)
                0x00000000a000021c                . = ALIGN ((. != 0x0)?0x4:0x1)
                0x00000000a000021c                . = ALIGN (0x4)
                0x00000000a000021c                _end = .
                0x00000000a000021c                _bss_end = .
                0x0000000000004000                _bmxdudba_address = LENGTH (kseg1_data_mem)
                0x0000000000004000                _bmxdupba_address = LENGTH (kseg1_data_mem)

/DISCARD/
 *(.pdr)
 *(.rel.dyn)
 *(.note.GNU-stack)
 *(.note.GNU-stack)
 *(.gnu_debuglink)
 *(.gnu.lto_*)
 *(.discard)

.gptab.sdata
 *(.gptab.data)
 *(.gptab.sdata)

.gptab.sbss
 *(.gptab.bss)
 *(.gptab.sbss)

.mdebug.abi32   0x0000000000000000        0x0
 *(.mdebug.abi32)
 .mdebug.abi32  0x0000000000000000        0x0 /opt/microchip/xc32/v4.10/bin/bin/../../lib/gcc/pic32mx/8.3.1/../../../../pic32mx/lib/software-debug-break.o
 .mdebug.abi32  0x0000000000000000        0x0 build/default/debug/_ext/1360937237/main.o
 .mdebug.abi32  0x0000000000000000        0x0 build/default/debug/_ext/1171490990/initialization.o
 .mdebug.abi32  0x0000000000000000        0x0 build/default/debug/_ext/1171490990/interrupts.o
 .mdebug.abi32  0x0000000000000000        0x0 build/default/debug/_ext/1171490990/exceptions.o
 .mdebug.abi32  0x0000000000000000        0x0 build/default/debug/_ext/163028504/xc32_monitor.o
 .mdebug.abi32  0x0000000000000000        0x0 build/default/debug/_ext/60165520/plib_clk.o
 .mdebug.abi32  0x0000000000000000        0x0 build/default/debug/_ext/1865254177/plib_gpio.o
 .mdebug.abi32  0x0000000000000000        0x0 build/default/debug/_ext/1865200349/plib_evic.o
 .mdebug.abi32  0x0000000000000000        0x0 build/default/debug/_ext/2128569739/drv_usbfs.o
 .mdebug.abi32  0x0000000000000000        0x0 build/default/debug/_ext/2128569739/drv_usbfs_device.o
 .mdebug.abi32  0x0000000000000000        0x0 build/default/debug/_ext/1171490990/usb_device_init_data.o
 .mdebug.abi32  0x0000000000000000        0x0 build/default/debug/_ext/308758920/usb_device.o
 .mdebug.abi32  0x0000000000000000        0x0 build/default/debug/_ext/1881668453/sys_int.o
 .mdebug.abi32  0x0000000000000000        0x0 build/default/debug/_ext/1360937237/app.o
 .mdebug.abi32  0x0000000000000000        0x0 build/default/debug/_ext/1171490990/tasks.o
 .mdebug.abi32  0x0000000000000000        0x0 build/default/debug/_ext/308758920/usb_device_cdc.o
 .mdebug.abi32  0x0000000000000000        0x0 build/default/debug/_ext/308758920/usb_device_cdc_acm.o
 .mdebug.abi32  0x0000000000000000        0x0 build/default/debug/_ext/1360937237/cdc.o
 .mdebug.abi32  0x0000000000000000        0x0 /opt/microchip/xc32/v4.10/bin/bin/../../lib/gcc/pic32mx/8.3.1/../../../../pic32mx/lib/libpic32.a(default-on-reset.o)
 .mdebug.abi32  0x0000000000000000        0x0 /opt/microchip/xc32/v4.10/bin/bin/../../lib/gcc/pic32mx/8.3.1/../../../../pic32mx/lib/libpic32.a(default-on-bootstrap.o)
 .mdebug.abi32  0x0000000000000000        0x0 /opt/microchip/xc32/v4.10/bin/bin/../../lib/gcc/pic32mx/8.3.1/../../../../pic32mx/lib/libpic32.a(defaultinterrupt.o)

.mdebug.abiN32
 *(.mdebug.abiN32)

.mdebug.abi64
 *(.mdebug.abi64)

.mdebug.abiO64
 *(.mdebug.abiO64)

.mdebug.eabi32
 *(.mdebug.eabi32)

.mdebug.eabi64
 *(.mdebug.eabi64)

.gcc_compiled_long32
 *(.gcc_compiled_long32)

.gcc_compiled_long64
 *(.gcc_compiled_long64)

.stab
 *(.stab)

.stabstr
 *(.stabstr)

.stab.excl
 *(.stab.excl)

.stab.exclstr
 *(.stab.exclstr)

.stab.index
 *(.stab.index)

.stab.indexstr
 *(.stab.indexstr)

.comment        0x0000000000000000       0x2b
 *(.comment)
 .comment       0x0000000000000000       0x2b /opt/microchip/xc32/v4.10/bin/bin/../../lib/gcc/pic32mx/8.3.1/../../../../pic32mx/lib/software-debug-break.o
                                         0x2c (size before relaxing)
 .comment       0x000000000000002b       0x2c build/default/debug/_ext/1360937237/main.o
 .comment       0x000000000000002b       0x2c build/default/debug/_ext/1171490990/initialization.o
 .comment       0x000000000000002b       0x2c build/default/debug/_ext/1171490990/interrupts.o
 .comment       0x000000000000002b       0x2c build/default/debug/_ext/1171490990/exceptions.o
 .comment       0x000000000000002b       0x2c build/default/debug/_ext/163028504/xc32_monitor.o
 .comment       0x000000000000002b       0x2c build/default/debug/_ext/60165520/plib_clk.o
 .comment       0x000000000000002b       0x2c build/default/debug/_ext/1865254177/plib_gpio.o
 .comment       0x000000000000002b       0x2c build/default/debug/_ext/1865200349/plib_evic.o
 .comment       0x000000000000002b       0x2c build/default/debug/_ext/2128569739/drv_usbfs.o
 .comment       0x000000000000002b       0x2c build/default/debug/_ext/2128569739/drv_usbfs_device.o
 .comment       0x000000000000002b       0x2c build/default/debug/_ext/1171490990/usb_device_init_data.o
 .comment       0x000000000000002b       0x2c build/default/debug/_ext/308758920/usb_device.o
 .comment       0x000000000000002b       0x2c build/default/debug/_ext/1881668453/sys_int.o
 .comment       0x000000000000002b       0x2c build/default/debug/_ext/1360937237/app.o
 .comment       0x000000000000002b       0x2c build/default/debug/_ext/1171490990/tasks.o
 .comment       0x000000000000002b       0x2c build/default/debug/_ext/308758920/usb_device_cdc.o
 .comment       0x000000000000002b       0x2c build/default/debug/_ext/308758920/usb_device_cdc_acm.o
 .comment       0x000000000000002b       0x2c build/default/debug/_ext/1360937237/cdc.o
 .comment       0x000000000000002b       0x2c /opt/microchip/xc32/v4.10/bin/bin/../../lib/gcc/pic32mx/8.3.1/../../../../pic32mx/lib/libpic32.a(default-on-reset.o)
 .comment       0x000000000000002b       0x2c /opt/microchip/xc32/v4.10/bin/bin/../../lib/gcc/pic32mx/8.3.1/../../../../pic32mx/lib/libpic32.a(default-on-bootstrap.o)
 .comment       0x000000000000002b       0x2c /opt/microchip/xc32/v4.10/bin/bin/../../lib/gcc/pic32mx/8.3.1/../../../../pic32mx/lib/libpic32.a(defaultinterrupt.o)

.debug
 *.elf(.debug)
 *(.debug)

.line
 *.elf(.line)
 *(.line)

.debug_srcinfo
 *.elf(.debug_srcinfo)
 *(.debug_srcinfo)

.debug_sfnames
 *.elf(.debug_sfnames)
 *(.debug_sfnames)

.debug_aranges  0x0000000000000000      0x6a0
 *.elf(.debug_aranges)
 *(.debug_aranges)
 .debug_aranges
                0x0000000000000000       0x20 /opt/microchip/xc32/v4.10/bin/bin/../../lib/gcc/pic32mx/8.3.1/../../../../pic32mx/lib/software-debug-break.o
 .debug_aranges
                0x0000000000000020       0x20 build/default/debug/_ext/1360937237/main.o
 .debug_aranges
                0x0000000000000040       0x20 build/default/debug/_ext/1171490990/initialization.o
 .debug_aranges
                0x0000000000000060       0x20 build/default/debug/_ext/1171490990/interrupts.o
 .debug_aranges
                0x0000000000000080       0x28 build/default/debug/_ext/1171490990/exceptions.o
 .debug_aranges
                0x00000000000000a8       0x28 build/default/debug/_ext/163028504/xc32_monitor.o
 .debug_aranges
                0x00000000000000d0       0x20 build/default/debug/_ext/60165520/plib_clk.o
 .debug_aranges
                0x00000000000000f0       0x60 build/default/debug/_ext/1865254177/plib_gpio.o
 .debug_aranges
                0x0000000000000150       0x68 build/default/debug/_ext/1865200349/plib_evic.o
 .debug_aranges
                0x00000000000001b8       0x68 build/default/debug/_ext/2128569739/drv_usbfs.o
 .debug_aranges
                0x0000000000000220       0xc0 build/default/debug/_ext/2128569739/drv_usbfs_device.o
 .debug_aranges
                0x00000000000002e0       0x18 build/default/debug/_ext/1171490990/usb_device_init_data.o
 .debug_aranges
                0x00000000000002f8      0x1a0 build/default/debug/_ext/308758920/usb_device.o
 .debug_aranges
                0x0000000000000498       0x40 build/default/debug/_ext/1881668453/sys_int.o
 .debug_aranges
                0x00000000000004d8       0x30 build/default/debug/_ext/1360937237/app.o
 .debug_aranges
                0x0000000000000508       0x20 build/default/debug/_ext/1171490990/tasks.o
 .debug_aranges
                0x0000000000000528       0x88 build/default/debug/_ext/308758920/usb_device_cdc.o
 .debug_aranges
                0x00000000000005b0       0x20 build/default/debug/_ext/308758920/usb_device_cdc_acm.o
 .debug_aranges
                0x00000000000005d0       0x30 build/default/debug/_ext/1360937237/cdc.o
 .debug_aranges
                0x0000000000000600       0x40 /tmp/cc8ImnAW.o
 .debug_aranges
                0x0000000000000640       0x20 /opt/microchip/xc32/v4.10/bin/bin/../../lib/gcc/pic32mx/8.3.1/../../../../pic32mx/lib/libpic32.a(default-on-reset.o)
 .debug_aranges
                0x0000000000000660       0x20 /opt/microchip/xc32/v4.10/bin/bin/../../lib/gcc/pic32mx/8.3.1/../../../../pic32mx/lib/libpic32.a(default-on-bootstrap.o)
 .debug_aranges
                0x0000000000000680       0x20 /opt/microchip/xc32/v4.10/bin/bin/../../lib/gcc/pic32mx/8.3.1/../../../../pic32mx/lib/libpic32.a(defaultinterrupt.o)

.debug_pubnames
 *.elf(.debug_pubnames)
 *(.debug_pubnames)

.debug_info     0x0000000000000000    0x13ccf
 *.elf(.debug_info .gnu.linkonce.wi.*)
 *(.debug_info .gnu.linkonce.wi.*)
 .debug_info    0x0000000000000000       0x3f /opt/microchip/xc32/v4.10/bin/bin/../../lib/gcc/pic32mx/8.3.1/../../../../pic32mx/lib/software-debug-break.o
 .debug_info    0x000000000000003f      0x1d4 build/default/debug/_ext/1360937237/main.o
 .debug_info    0x0000000000000213      0xe09 build/default/debug/_ext/1171490990/initialization.o
 .debug_info    0x000000000000101c       0xbf build/default/debug/_ext/1171490990/interrupts.o
 .debug_info    0x00000000000010db      0x2a5 build/default/debug/_ext/1171490990/exceptions.o
 .debug_info    0x0000000000001380       0xe9 build/default/debug/_ext/163028504/xc32_monitor.o
 .debug_info    0x0000000000001469      0x3ea build/default/debug/_ext/60165520/plib_clk.o
 .debug_info    0x0000000000001853      0x343 build/default/debug/_ext/1865254177/plib_gpio.o
 .debug_info    0x0000000000001b96      0x502 build/default/debug/_ext/1865200349/plib_evic.o
 .debug_info    0x0000000000002098     0x2c2a build/default/debug/_ext/2128569739/drv_usbfs.o
 .debug_info    0x0000000000004cc2     0x6081 build/default/debug/_ext/2128569739/drv_usbfs_device.o
 .debug_info    0x000000000000ad43     0x1697 build/default/debug/_ext/1171490990/usb_device_init_data.o
 .debug_info    0x000000000000c3da     0x3ad9 build/default/debug/_ext/308758920/usb_device.o
 .debug_info    0x000000000000feb3      0x45b build/default/debug/_ext/1881668453/sys_int.o
 .debug_info    0x000000000001030e      0x4d5 build/default/debug/_ext/1360937237/app.o
 .debug_info    0x00000000000107e3      0x148 build/default/debug/_ext/1171490990/tasks.o
 .debug_info    0x000000000001092b     0x205f build/default/debug/_ext/308758920/usb_device_cdc.o
 .debug_info    0x000000000001298a      0x956 build/default/debug/_ext/308758920/usb_device_cdc_acm.o
 .debug_info    0x00000000000132e0      0x90f build/default/debug/_ext/1360937237/cdc.o
 .debug_info    0x0000000000013bef       0x22 /tmp/cc8ImnAW.o
 .debug_info    0x0000000000013c11       0x3f /opt/microchip/xc32/v4.10/bin/bin/../../lib/gcc/pic32mx/8.3.1/../../../../pic32mx/lib/libpic32.a(default-on-reset.o)
 .debug_info    0x0000000000013c50       0x3f /opt/microchip/xc32/v4.10/bin/bin/../../lib/gcc/pic32mx/8.3.1/../../../../pic32mx/lib/libpic32.a(default-on-bootstrap.o)
 .debug_info    0x0000000000013c8f       0x40 /opt/microchip/xc32/v4.10/bin/bin/../../lib/gcc/pic32mx/8.3.1/../../../../pic32mx/lib/libpic32.a(defaultinterrupt.o)

.debug_abbrev   0x0000000000000000     0x2518
 *.elf(.debug_abbrev)
 *(.debug_abbrev)
 .debug_abbrev  0x0000000000000000       0x2e /opt/microchip/xc32/v4.10/bin/bin/../../lib/gcc/pic32mx/8.3.1/../../../../pic32mx/lib/software-debug-break.o
 .debug_abbrev  0x000000000000002e      0x114 build/default/debug/_ext/1360937237/main.o
 .debug_abbrev  0x0000000000000142      0x27b build/default/debug/_ext/1171490990/initialization.o
 .debug_abbrev  0x00000000000003bd       0x67 build/default/debug/_ext/1171490990/interrupts.o
 .debug_abbrev  0x0000000000000424       0x9f build/default/debug/_ext/1171490990/exceptions.o
 .debug_abbrev  0x00000000000004c3       0x9e build/default/debug/_ext/163028504/xc32_monitor.o
 .debug_abbrev  0x0000000000000561       0xd8 build/default/debug/_ext/60165520/plib_clk.o
 .debug_abbrev  0x0000000000000639       0xf9 build/default/debug/_ext/1865254177/plib_gpio.o
 .debug_abbrev  0x0000000000000732      0x156 build/default/debug/_ext/1865200349/plib_evic.o
 .debug_abbrev  0x0000000000000888      0x480 build/default/debug/_ext/2128569739/drv_usbfs.o
 .debug_abbrev  0x0000000000000d08      0x563 build/default/debug/_ext/2128569739/drv_usbfs_device.o
 .debug_abbrev  0x000000000000126b      0x204 build/default/debug/_ext/1171490990/usb_device_init_data.o
 .debug_abbrev  0x000000000000146f      0x3ef build/default/debug/_ext/308758920/usb_device.o
 .debug_abbrev  0x000000000000185e      0x165 build/default/debug/_ext/1881668453/sys_int.o
 .debug_abbrev  0x00000000000019c3      0x1b4 build/default/debug/_ext/1360937237/app.o
 .debug_abbrev  0x0000000000001b77       0xbd build/default/debug/_ext/1171490990/tasks.o
 .debug_abbrev  0x0000000000001c34      0x443 build/default/debug/_ext/308758920/usb_device_cdc.o
 .debug_abbrev  0x0000000000002077      0x1f6 build/default/debug/_ext/308758920/usb_device_cdc_acm.o
 .debug_abbrev  0x000000000000226d      0x20c build/default/debug/_ext/1360937237/cdc.o
 .debug_abbrev  0x0000000000002479       0x12 /tmp/cc8ImnAW.o
 .debug_abbrev  0x000000000000248b       0x2e /opt/microchip/xc32/v4.10/bin/bin/../../lib/gcc/pic32mx/8.3.1/../../../../pic32mx/lib/libpic32.a(default-on-reset.o)
 .debug_abbrev  0x00000000000024b9       0x2e /opt/microchip/xc32/v4.10/bin/bin/../../lib/gcc/pic32mx/8.3.1/../../../../pic32mx/lib/libpic32.a(default-on-bootstrap.o)
 .debug_abbrev  0x00000000000024e7       0x31 /opt/microchip/xc32/v4.10/bin/bin/../../lib/gcc/pic32mx/8.3.1/../../../../pic32mx/lib/libpic32.a(defaultinterrupt.o)

.debug_line     0x0000000000000000     0x77da
 *.elf(.debug_line)
 *(.debug_line)
 .debug_line    0x0000000000000000       0xb3 /opt/microchip/xc32/v4.10/bin/bin/../../lib/gcc/pic32mx/8.3.1/../../../../pic32mx/lib/software-debug-break.o
 .debug_line    0x00000000000000b3      0x187 build/default/debug/_ext/1360937237/main.o
 .debug_line    0x000000000000023a      0x519 build/default/debug/_ext/1171490990/initialization.o
 .debug_line    0x0000000000000753       0x90 build/default/debug/_ext/1171490990/interrupts.o
 .debug_line    0x00000000000007e3      0x17b build/default/debug/_ext/1171490990/exceptions.o
 .debug_line    0x000000000000095e       0xed build/default/debug/_ext/163028504/xc32_monitor.o
 .debug_line    0x0000000000000a4b      0x179 build/default/debug/_ext/60165520/plib_clk.o
 .debug_line    0x0000000000000bc4      0x260 build/default/debug/_ext/1865254177/plib_gpio.o
 .debug_line    0x0000000000000e24      0x2c7 build/default/debug/_ext/1865200349/plib_evic.o
 .debug_line    0x00000000000010eb      0xa9e build/default/debug/_ext/2128569739/drv_usbfs.o
 .debug_line    0x0000000000001b89     0x230d build/default/debug/_ext/2128569739/drv_usbfs_device.o
 .debug_line    0x0000000000003e96      0x3c5 build/default/debug/_ext/1171490990/usb_device_init_data.o
 .debug_line    0x000000000000425b     0x18b9 build/default/debug/_ext/308758920/usb_device.o
 .debug_line    0x0000000000005b14      0x1db build/default/debug/_ext/1881668453/sys_int.o
 .debug_line    0x0000000000005cef      0x268 build/default/debug/_ext/1360937237/app.o
 .debug_line    0x0000000000005f57      0x1e1 build/default/debug/_ext/1171490990/tasks.o
 .debug_line    0x0000000000006138      0xd66 build/default/debug/_ext/308758920/usb_device_cdc.o
 .debug_line    0x0000000000006e9e      0x266 build/default/debug/_ext/308758920/usb_device_cdc_acm.o
 .debug_line    0x0000000000007104      0x371 build/default/debug/_ext/1360937237/cdc.o
 .debug_line    0x0000000000007475      0x146 /tmp/cc8ImnAW.o
 .debug_line    0x00000000000075bb       0xa8 /opt/microchip/xc32/v4.10/bin/bin/../../lib/gcc/pic32mx/8.3.1/../../../../pic32mx/lib/libpic32.a(default-on-reset.o)
 .debug_line    0x0000000000007663       0xac /opt/microchip/xc32/v4.10/bin/bin/../../lib/gcc/pic32mx/8.3.1/../../../../pic32mx/lib/libpic32.a(default-on-bootstrap.o)
 .debug_line    0x000000000000770f       0xcb /opt/microchip/xc32/v4.10/bin/bin/../../lib/gcc/pic32mx/8.3.1/../../../../pic32mx/lib/libpic32.a(defaultinterrupt.o)

.debug_frame    0x0000000000000000      0xf70
 *.elf(.debug_frame)
 *(.debug_frame)
 .debug_frame   0x0000000000000000       0x20 /opt/microchip/xc32/v4.10/bin/bin/../../lib/gcc/pic32mx/8.3.1/../../../../pic32mx/lib/software-debug-break.o
 .debug_frame   0x0000000000000020       0x28 build/default/debug/_ext/1360937237/main.o
 .debug_frame   0x0000000000000048       0x2c build/default/debug/_ext/1171490990/initialization.o
 .debug_frame   0x0000000000000074       0x68 build/default/debug/_ext/1171490990/interrupts.o
 .debug_frame   0x00000000000000dc       0x40 build/default/debug/_ext/1171490990/exceptions.o
 .debug_frame   0x000000000000011c       0x30 build/default/debug/_ext/163028504/xc32_monitor.o
 .debug_frame   0x000000000000014c       0x20 build/default/debug/_ext/60165520/plib_clk.o
 .debug_frame   0x000000000000016c       0xa0 build/default/debug/_ext/1865254177/plib_gpio.o
 .debug_frame   0x000000000000020c       0xd4 build/default/debug/_ext/1865200349/plib_evic.o
 .debug_frame   0x00000000000002e0       0xf8 build/default/debug/_ext/2128569739/drv_usbfs.o
 .debug_frame   0x00000000000003d8      0x260 build/default/debug/_ext/2128569739/drv_usbfs_device.o
 .debug_frame   0x0000000000000638      0x588 build/default/debug/_ext/308758920/usb_device.o
 .debug_frame   0x0000000000000bc0       0xa0 build/default/debug/_ext/1881668453/sys_int.o
 .debug_frame   0x0000000000000c60       0x60 build/default/debug/_ext/1360937237/app.o
 .debug_frame   0x0000000000000cc0       0x2c build/default/debug/_ext/1171490990/tasks.o
 .debug_frame   0x0000000000000cec      0x190 build/default/debug/_ext/308758920/usb_device_cdc.o
 .debug_frame   0x0000000000000e7c       0x30 build/default/debug/_ext/308758920/usb_device_cdc_acm.o
 .debug_frame   0x0000000000000eac       0x64 build/default/debug/_ext/1360937237/cdc.o
 .debug_frame   0x0000000000000f10       0x20 /opt/microchip/xc32/v4.10/bin/bin/../../lib/gcc/pic32mx/8.3.1/../../../../pic32mx/lib/libpic32.a(default-on-reset.o)
 .debug_frame   0x0000000000000f30       0x20 /opt/microchip/xc32/v4.10/bin/bin/../../lib/gcc/pic32mx/8.3.1/../../../../pic32mx/lib/libpic32.a(default-on-bootstrap.o)
 .debug_frame   0x0000000000000f50       0x20 /opt/microchip/xc32/v4.10/bin/bin/../../lib/gcc/pic32mx/8.3.1/../../../../pic32mx/lib/libpic32.a(defaultinterrupt.o)

.debug_str      0x0000000000000000    0x15b9a
 *.elf(.debug_str)
 *(.debug_str)
 .debug_str     0x0000000000000000      0x369 /opt/microchip/xc32/v4.10/bin/bin/../../lib/gcc/pic32mx/8.3.1/../../../../pic32mx/lib/software-debug-break.o
 .debug_str     0x0000000000000369      0x33b build/default/debug/_ext/1360937237/main.o
 .debug_str     0x00000000000006a4     0x1760 build/default/debug/_ext/1171490990/initialization.o
 .debug_str     0x0000000000001e04      0x303 build/default/debug/_ext/1171490990/interrupts.o
 .debug_str     0x0000000000002107      0x93c build/default/debug/_ext/1171490990/exceptions.o
 .debug_str     0x0000000000002a43      0x299 build/default/debug/_ext/163028504/xc32_monitor.o
 .debug_str     0x0000000000002cdc      0x423 build/default/debug/_ext/60165520/plib_clk.o
 .debug_str     0x00000000000030ff      0x41f build/default/debug/_ext/1865254177/plib_gpio.o
 .debug_str     0x000000000000351e      0xaa2 build/default/debug/_ext/1865200349/plib_evic.o
 .debug_str     0x0000000000003fc0     0x275b build/default/debug/_ext/2128569739/drv_usbfs.o
 .debug_str     0x000000000000671b     0x3318 build/default/debug/_ext/2128569739/drv_usbfs_device.o
 .debug_str     0x0000000000009a33     0x25eb build/default/debug/_ext/1171490990/usb_device_init_data.o
 .debug_str     0x000000000000c01e     0x3364 build/default/debug/_ext/308758920/usb_device.o
 .debug_str     0x000000000000f382      0xa77 build/default/debug/_ext/1881668453/sys_int.o
 .debug_str     0x000000000000fdf9      0xc6d build/default/debug/_ext/1360937237/app.o
 .debug_str     0x0000000000010a66      0x355 build/default/debug/_ext/1171490990/tasks.o
 .debug_str     0x0000000000010dbb     0x250c build/default/debug/_ext/308758920/usb_device_cdc.o
 .debug_str     0x00000000000132c7      0xe04 build/default/debug/_ext/308758920/usb_device_cdc_acm.o
 .debug_str     0x00000000000140cb     0x1010 build/default/debug/_ext/1360937237/cdc.o
 .debug_str     0x00000000000150db       0xa4 /tmp/cc8ImnAW.o
 .debug_str     0x000000000001517f      0x353 /opt/microchip/xc32/v4.10/bin/bin/../../lib/gcc/pic32mx/8.3.1/../../../../pic32mx/lib/libpic32.a(default-on-reset.o)
 .debug_str     0x00000000000154d2      0x35b /opt/microchip/xc32/v4.10/bin/bin/../../lib/gcc/pic32mx/8.3.1/../../../../pic32mx/lib/libpic32.a(default-on-bootstrap.o)
 .debug_str     0x000000000001582d      0x36d /opt/microchip/xc32/v4.10/bin/bin/../../lib/gcc/pic32mx/8.3.1/../../../../pic32mx/lib/libpic32.a(defaultinterrupt.o)

.debug_loc      0x0000000000000000     0x9ad1
 *.elf(.debug_loc)
 *(.debug_loc)
 .debug_loc     0x0000000000000000       0x20 build/default/debug/_ext/1360937237/main.o
 .debug_loc     0x0000000000000020       0x51 build/default/debug/_ext/1171490990/initialization.o
 .debug_loc     0x0000000000000071       0x2d build/default/debug/_ext/1171490990/interrupts.o
 .debug_loc     0x000000000000009e       0x40 build/default/debug/_ext/1171490990/exceptions.o
 .debug_loc     0x00000000000000de      0x172 build/default/debug/_ext/1865254177/plib_gpio.o
 .debug_loc     0x0000000000000250      0x173 build/default/debug/_ext/1865200349/plib_evic.o
 .debug_loc     0x00000000000003c3      0x78e build/default/debug/_ext/2128569739/drv_usbfs.o
 .debug_loc     0x0000000000000b51     0x43e7 build/default/debug/_ext/2128569739/drv_usbfs_device.o
 .debug_loc     0x0000000000004f38     0x2c90 build/default/debug/_ext/308758920/usb_device.o
 .debug_loc     0x0000000000007bc8      0x1c4 build/default/debug/_ext/1881668453/sys_int.o
 .debug_loc     0x0000000000007d8c      0x210 build/default/debug/_ext/1360937237/app.o
 .debug_loc     0x0000000000007f9c       0x2c build/default/debug/_ext/1171490990/tasks.o
 .debug_loc     0x0000000000007fc8     0x15f5 build/default/debug/_ext/308758920/usb_device_cdc.o
 .debug_loc     0x00000000000095bd      0x27a build/default/debug/_ext/308758920/usb_device_cdc_acm.o
 .debug_loc     0x0000000000009837      0x29a build/default/debug/_ext/1360937237/cdc.o

.debug_macinfo
 *.elf(.debug_macinfo)
 *(.debug_macinfo)

.debug_weaknames
 *.elf(.debug_weaknames)
 *(.debug_weaknames)

.debug_funcnames
 *.elf(.debug_funcnames)
 *(.debug_funcnames)

.debug_typenames
 *.elf(.debug_typenames)
 *(.debug_typenames)

.debug_varnames
 *.elf(.debug_varnames)
 *(.debug_varnames)

.debug_pubtypes
 *.elf(.debug_pubtypes)
 *(.debug_pubtypes)

.debug_ranges   0x0000000000000000      0xdc0
 *.elf(.debug_ranges)
 *(.debug_ranges)
 .debug_ranges  0x0000000000000000       0x10 /opt/microchip/xc32/v4.10/bin/bin/../../lib/gcc/pic32mx/8.3.1/../../../../pic32mx/lib/software-debug-break.o
 .debug_ranges  0x0000000000000010       0x10 build/default/debug/_ext/1360937237/main.o
 .debug_ranges  0x0000000000000020       0x10 build/default/debug/_ext/1171490990/initialization.o
 .debug_ranges  0x0000000000000030       0x10 build/default/debug/_ext/1171490990/interrupts.o
 .debug_ranges  0x0000000000000040       0x18 build/default/debug/_ext/1171490990/exceptions.o
 .debug_ranges  0x0000000000000058       0x18 build/default/debug/_ext/163028504/xc32_monitor.o
 .debug_ranges  0x0000000000000070       0x10 build/default/debug/_ext/60165520/plib_clk.o
 .debug_ranges  0x0000000000000080       0x50 build/default/debug/_ext/1865254177/plib_gpio.o
 .debug_ranges  0x00000000000000d0       0x58 build/default/debug/_ext/1865200349/plib_evic.o
 .debug_ranges  0x0000000000000128      0x118 build/default/debug/_ext/2128569739/drv_usbfs.o
 .debug_ranges  0x0000000000000240      0x820 build/default/debug/_ext/2128569739/drv_usbfs_device.o
 .debug_ranges  0x0000000000000a60      0x190 build/default/debug/_ext/308758920/usb_device.o
 .debug_ranges  0x0000000000000bf0       0x30 build/default/debug/_ext/1881668453/sys_int.o
 .debug_ranges  0x0000000000000c20       0x38 build/default/debug/_ext/1360937237/app.o
 .debug_ranges  0x0000000000000c58       0x10 build/default/debug/_ext/1171490990/tasks.o
 .debug_ranges  0x0000000000000c68       0xc0 build/default/debug/_ext/308758920/usb_device_cdc.o
 .debug_ranges  0x0000000000000d28       0x10 build/default/debug/_ext/308758920/usb_device_cdc_acm.o
 .debug_ranges  0x0000000000000d38       0x20 build/default/debug/_ext/1360937237/cdc.o
 .debug_ranges  0x0000000000000d58       0x38 /tmp/cc8ImnAW.o
 .debug_ranges  0x0000000000000d90       0x10 /opt/microchip/xc32/v4.10/bin/bin/../../lib/gcc/pic32mx/8.3.1/../../../../pic32mx/lib/libpic32.a(default-on-reset.o)
 .debug_ranges  0x0000000000000da0       0x10 /opt/microchip/xc32/v4.10/bin/bin/../../lib/gcc/pic32mx/8.3.1/../../../../pic32mx/lib/libpic32.a(default-on-bootstrap.o)
 .debug_ranges  0x0000000000000db0       0x10 /opt/microchip/xc32/v4.10/bin/bin/../../lib/gcc/pic32mx/8.3.1/../../../../pic32mx/lib/libpic32.a(defaultinterrupt.o)

.gnu.attributes
                0x0000000000000000       0x10
 *(.gnu.attributes)
 .gnu.attributes
                0x0000000000000000       0x10 /opt/microchip/xc32/v4.10/bin/bin/../../lib/gcc/pic32mx/8.3.1/../../../../pic32mx/lib/software-debug-break.o
 .gnu.attributes
                0x0000000000000010       0x10 build/default/debug/_ext/1360937237/main.o
 .gnu.attributes
                0x0000000000000020       0x10 build/default/debug/_ext/1171490990/initialization.o
 .gnu.attributes
                0x0000000000000030       0x10 build/default/debug/_ext/1171490990/interrupts.o
 .gnu.attributes
                0x0000000000000040       0x10 build/default/debug/_ext/1171490990/exceptions.o
 .gnu.attributes
                0x0000000000000050       0x10 build/default/debug/_ext/163028504/xc32_monitor.o
 .gnu.attributes
                0x0000000000000060       0x10 build/default/debug/_ext/60165520/plib_clk.o
 .gnu.attributes
                0x0000000000000070       0x10 build/default/debug/_ext/1865254177/plib_gpio.o
 .gnu.attributes
                0x0000000000000080       0x10 build/default/debug/_ext/1865200349/plib_evic.o
 .gnu.attributes
                0x0000000000000090       0x10 build/default/debug/_ext/2128569739/drv_usbfs.o
 .gnu.attributes
                0x00000000000000a0       0x10 build/default/debug/_ext/2128569739/drv_usbfs_device.o
 .gnu.attributes
                0x00000000000000b0       0x10 build/default/debug/_ext/1171490990/usb_device_init_data.o
 .gnu.attributes
                0x00000000000000c0       0x10 build/default/debug/_ext/308758920/usb_device.o
 .gnu.attributes
                0x00000000000000d0       0x10 build/default/debug/_ext/1881668453/sys_int.o
 .gnu.attributes
                0x00000000000000e0       0x10 build/default/debug/_ext/1360937237/app.o
 .gnu.attributes
                0x00000000000000f0       0x10 build/default/debug/_ext/1171490990/tasks.o
 .gnu.attributes
                0x0000000000000100       0x10 build/default/debug/_ext/308758920/usb_device_cdc.o
 .gnu.attributes
                0x0000000000000110       0x10 build/default/debug/_ext/308758920/usb_device_cdc_acm.o
 .gnu.attributes
                0x0000000000000120       0x10 build/default/debug/_ext/1360937237/cdc.o
 .gnu.attributes
                0x0000000000000130       0x10 /tmp/cc8ImnAW.o
 .gnu.attributes
                0x0000000000000140       0x10 /tmp/cc6l5Qci.o
 .gnu.attributes
                0x0000000000000150       0x10 /tmp/ccm9AcJ1.o
 .gnu.attributes
                0x0000000000000160       0x10 /opt/microchip/xc32/v4.10/bin/bin/../../lib/gcc/pic32mx/8.3.1/../../../../pic32mx/lib/pic32_software_reset.o
 .gnu.attributes
                0x0000000000000170       0x10 /opt/microchip/xc32/v4.10/bin/bin/../../lib/gcc/pic32mx/8.3.1/../../../../pic32mx/lib/libpic32.a(memcpy.o)
 .gnu.attributes
                0x0000000000000180       0x10 /opt/microchip/xc32/v4.10/bin/bin/../../lib/gcc/pic32mx/8.3.1/../../../../pic32mx/lib/libpic32.a(default-on-reset.o)
 .gnu.attributes
                0x0000000000000190       0x10 /opt/microchip/xc32/v4.10/bin/bin/../../lib/gcc/pic32mx/8.3.1/../../../../pic32mx/lib/libpic32.a(default-on-bootstrap.o)
 .gnu.attributes
                0x00000000000001a0       0x10 /opt/microchip/xc32/v4.10/bin/bin/../../lib/gcc/pic32mx/8.3.1/../../../../pic32mx/lib/libpic32.a(default-nmi-handler.o)
 .gnu.attributes
                0x00000000000001b0       0x10 /opt/microchip/xc32/v4.10/bin/bin/../../lib/gcc/pic32mx/8.3.1/../../../../pic32mx/lib/libpic32.a(pic32_data_init.o)
 .gnu.attributes
                0x00000000000001c0       0x10 /opt/microchip/xc32/v4.10/bin/bin/../../lib/gcc/pic32mx/8.3.1/../../../../pic32mx/lib/libpic32.a(general-exception.o)
 .gnu.attributes
                0x00000000000001d0       0x10 /opt/microchip/xc32/v4.10/bin/bin/../../lib/gcc/pic32mx/8.3.1/../../../../pic32mx/lib/libpic32.a(vector0.o)
 .gnu.attributes
                0x00000000000001e0       0x10 /opt/microchip/xc32/v4.10/bin/bin/../../lib/gcc/pic32mx/8.3.1/../../../../pic32mx/lib/libpic32.a(vector1.o)
 .gnu.attributes
                0x00000000000001f0       0x10 /opt/microchip/xc32/v4.10/bin/bin/../../lib/gcc/pic32mx/8.3.1/../../../../pic32mx/lib/libpic32.a(vector2.o)
 .gnu.attributes
                0x0000000000000200       0x10 /opt/microchip/xc32/v4.10/bin/bin/../../lib/gcc/pic32mx/8.3.1/../../../../pic32mx/lib/libpic32.a(vector3.o)
 .gnu.attributes
                0x0000000000000210       0x10 /opt/microchip/xc32/v4.10/bin/bin/../../lib/gcc/pic32mx/8.3.1/../../../../pic32mx/lib/libpic32.a(vector4.o)
 .gnu.attributes
                0x0000000000000220       0x10 /opt/microchip/xc32/v4.10/bin/bin/../../lib/gcc/pic32mx/8.3.1/../../../../pic32mx/lib/libpic32.a(vector5.o)
 .gnu.attributes
                0x0000000000000230       0x10 /opt/microchip/xc32/v4.10/bin/bin/../../lib/gcc/pic32mx/8.3.1/../../../../pic32mx/lib/libpic32.a(vector6.o)
 .gnu.attributes
                0x0000000000000240       0x10 /opt/microchip/xc32/v4.10/bin/bin/../../lib/gcc/pic32mx/8.3.1/../../../../pic32mx/lib/libpic32.a(vector7.o)
 .gnu.attributes
                0x0000000000000250       0x10 /opt/microchip/xc32/v4.10/bin/bin/../../lib/gcc/pic32mx/8.3.1/../../../../pic32mx/lib/libpic32.a(vector8.o)
 .gnu.attributes
                0x0000000000000260       0x10 /opt/microchip/xc32/v4.10/bin/bin/../../lib/gcc/pic32mx/8.3.1/../../../../pic32mx/lib/libpic32.a(vector9.o)
 .gnu.attributes
                0x0000000000000270       0x10 /opt/microchip/xc32/v4.10/bin/bin/../../lib/gcc/pic32mx/8.3.1/../../../../pic32mx/lib/libpic32.a(vector10.o)
 .gnu.attributes
                0x0000000000000280       0x10 /opt/microchip/xc32/v4.10/bin/bin/../../lib/gcc/pic32mx/8.3.1/../../../../pic32mx/lib/libpic32.a(vector11.o)
 .gnu.attributes
                0x0000000000000290       0x10 /opt/microchip/xc32/v4.10/bin/bin/../../lib/gcc/pic32mx/8.3.1/../../../../pic32mx/lib/libpic32.a(vector12.o)
 .gnu.attributes
                0x00000000000002a0       0x10 /opt/microchip/xc32/v4.10/bin/bin/../../lib/gcc/pic32mx/8.3.1/../../../../pic32mx/lib/libpic32.a(vector13.o)
 .gnu.attributes
                0x00000000000002b0       0x10 /opt/microchip/xc32/v4.10/bin/bin/../../lib/gcc/pic32mx/8.3.1/../../../../pic32mx/lib/libpic32.a(vector14.o)
 .gnu.attributes
                0x00000000000002c0       0x10 /opt/microchip/xc32/v4.10/bin/bin/../../lib/gcc/pic32mx/8.3.1/../../../../pic32mx/lib/libpic32.a(vector15.o)
 .gnu.attributes
                0x00000000000002d0       0x10 /opt/microchip/xc32/v4.10/bin/bin/../../lib/gcc/pic32mx/8.3.1/../../../../pic32mx/lib/libpic32.a(vector16.o)
 .gnu.attributes
                0x00000000000002e0       0x10 /opt/microchip/xc32/v4.10/bin/bin/../../lib/gcc/pic32mx/8.3.1/../../../../pic32mx/lib/libpic32.a(vector17.o)
 .gnu.attributes
                0x00000000000002f0       0x10 /opt/microchip/xc32/v4.10/bin/bin/../../lib/gcc/pic32mx/8.3.1/../../../../pic32mx/lib/libpic32.a(vector18.o)
 .gnu.attributes
                0x0000000000000300       0x10 /opt/microchip/xc32/v4.10/bin/bin/../../lib/gcc/pic32mx/8.3.1/../../../../pic32mx/lib/libpic32.a(vector19.o)
 .gnu.attributes
                0x0000000000000310       0x10 /opt/microchip/xc32/v4.10/bin/bin/../../lib/gcc/pic32mx/8.3.1/../../../../pic32mx/lib/libpic32.a(vector20.o)
 .gnu.attributes
                0x0000000000000320       0x10 /opt/microchip/xc32/v4.10/bin/bin/../../lib/gcc/pic32mx/8.3.1/../../../../pic32mx/lib/libpic32.a(vector21.o)
 .gnu.attributes
                0x0000000000000330       0x10 /opt/microchip/xc32/v4.10/bin/bin/../../lib/gcc/pic32mx/8.3.1/../../../../pic32mx/lib/libpic32.a(vector22.o)
 .gnu.attributes
                0x0000000000000340       0x10 /opt/microchip/xc32/v4.10/bin/bin/../../lib/gcc/pic32mx/8.3.1/../../../../pic32mx/lib/libpic32.a(vector23.o)
 .gnu.attributes
                0x0000000000000350       0x10 /opt/microchip/xc32/v4.10/bin/bin/../../lib/gcc/pic32mx/8.3.1/../../../../pic32mx/lib/libpic32.a(vector24.o)
 .gnu.attributes
                0x0000000000000360       0x10 /opt/microchip/xc32/v4.10/bin/bin/../../lib/gcc/pic32mx/8.3.1/../../../../pic32mx/lib/libpic32.a(vector25.o)
 .gnu.attributes
                0x0000000000000370       0x10 /opt/microchip/xc32/v4.10/bin/bin/../../lib/gcc/pic32mx/8.3.1/../../../../pic32mx/lib/libpic32.a(vector26.o)
 .gnu.attributes
                0x0000000000000380       0x10 /opt/microchip/xc32/v4.10/bin/bin/../../lib/gcc/pic32mx/8.3.1/../../../../pic32mx/lib/libpic32.a(vector27.o)
 .gnu.attributes
                0x0000000000000390       0x10 /opt/microchip/xc32/v4.10/bin/bin/../../lib/gcc/pic32mx/8.3.1/../../../../pic32mx/lib/libpic32.a(vector28.o)
 .gnu.attributes
                0x00000000000003a0       0x10 /opt/microchip/xc32/v4.10/bin/bin/../../lib/gcc/pic32mx/8.3.1/../../../../pic32mx/lib/libpic32.a(vector30.o)
 .gnu.attributes
                0x00000000000003b0       0x10 /opt/microchip/xc32/v4.10/bin/bin/../../lib/gcc/pic32mx/8.3.1/../../../../pic32mx/lib/libpic32.a(vector31.o)
 .gnu.attributes
                0x00000000000003c0       0x10 /opt/microchip/xc32/v4.10/bin/bin/../../lib/gcc/pic32mx/8.3.1/../../../../pic32mx/lib/libpic32.a(vector32.o)
 .gnu.attributes
                0x00000000000003d0       0x10 /opt/microchip/xc32/v4.10/bin/bin/../../lib/gcc/pic32mx/8.3.1/../../../../pic32mx/lib/libpic32.a(vector33.o)
 .gnu.attributes
                0x00000000000003e0       0x10 /opt/microchip/xc32/v4.10/bin/bin/../../lib/gcc/pic32mx/8.3.1/../../../../pic32mx/lib/libpic32.a(vector34.o)
 .gnu.attributes
                0x00000000000003f0       0x10 /opt/microchip/xc32/v4.10/bin/bin/../../lib/gcc/pic32mx/8.3.1/../../../../pic32mx/lib/libpic32.a(vector35.o)
 .gnu.attributes
                0x0000000000000400       0x10 /opt/microchip/xc32/v4.10/bin/bin/../../lib/gcc/pic32mx/8.3.1/../../../../pic32mx/lib/libpic32.a(vector36.o)
 .gnu.attributes
                0x0000000000000410       0x10 /opt/microchip/xc32/v4.10/bin/bin/../../lib/gcc/pic32mx/8.3.1/../../../../pic32mx/lib/libpic32.a(vector37.o)
 .gnu.attributes
                0x0000000000000420       0x10 /opt/microchip/xc32/v4.10/bin/bin/../../lib/gcc/pic32mx/8.3.1/../../../../pic32mx/lib/libpic32.a(vector38.o)
 .gnu.attributes
                0x0000000000000430       0x10 /opt/microchip/xc32/v4.10/bin/bin/../../lib/gcc/pic32mx/8.3.1/../../../../pic32mx/lib/libpic32.a(vector39.o)
 .gnu.attributes
                0x0000000000000440       0x10 /opt/microchip/xc32/v4.10/bin/bin/../../lib/gcc/pic32mx/8.3.1/../../../../pic32mx/lib/libpic32.a(vector40.o)
 .gnu.attributes
                0x0000000000000450       0x10 /opt/microchip/xc32/v4.10/bin/bin/../../lib/gcc/pic32mx/8.3.1/../../../../pic32mx/lib/libpic32.a(vector41.o)
 .gnu.attributes
                0x0000000000000460       0x10 /opt/microchip/xc32/v4.10/bin/bin/../../lib/gcc/pic32mx/8.3.1/../../../../pic32mx/lib/libpic32.a(vector42.o)
 .gnu.attributes
                0x0000000000000470       0x10 /opt/microchip/xc32/v4.10/bin/bin/../../lib/gcc/pic32mx/8.3.1/../../../../pic32mx/lib/libpic32.a(vector43.o)
 .gnu.attributes
                0x0000000000000480       0x10 /opt/microchip/xc32/v4.10/bin/bin/../../lib/gcc/pic32mx/8.3.1/../../../../pic32mx/lib/libpic32.a(vector44.o)
 .gnu.attributes
                0x0000000000000490       0x10 /opt/microchip/xc32/v4.10/bin/bin/../../lib/gcc/pic32mx/8.3.1/../../../../pic32mx/lib/libpic32.a(vector45.o)
 .gnu.attributes
                0x00000000000004a0       0x10 /opt/microchip/xc32/v4.10/bin/bin/../../lib/gcc/pic32mx/8.3.1/../../../../pic32mx/lib/libpic32.a(defaultinterrupt.o)
                0x0000000000000001                __MPLAB_DEBUG = 0x1
                0x0000000000000001                __DEBUG = 0x1
                0x0000000000000200                _min_heap_size = 0x200
LOAD /tmp/cc8ImnAW.o
LOAD /tmp/cc6l5Qci.o
LOAD /tmp/ccm9AcJ1.o
LOAD /opt/microchip/xc32/v4.10/bin/bin/../../lib/gcc/pic32mx/8.3.1/../../../../pic32mx/lib/pic32_software_reset.o
LOAD /opt/microchip/xc32/v4.10/bin/bin/../../lib/gcc/pic32mx/8.3.1/libgcc.a
START GROUP
LOAD /opt/microchip/xc32/v4.10/bin/bin/../../lib/gcc/pic32mx/8.3.1/../../../../pic32mx/lib/libpic32.a
LOAD /opt/microchip/xc32/v4.10/bin/bin/../../lib/gcc/pic32mx/8.3.1/../../../../pic32mx/lib/libdebug.a
LOAD /opt/microchip/xc32/v4.10/bin/bin/../../lib/gcc/pic32mx/8.3.1/../../../../pic32mx/lib/libc-musl.a
LOAD /opt/microchip/xc32/v4.10/bin/bin/../../lib/gcc/pic32mx/8.3.1/../../../../pic32mx/lib/libm.a
LOAD /opt/microchip/xc32/v4.10/bin/bin/../../lib/gcc/pic32mx/8.3.1/../../../../pic32mx/lib/libe.a
LOAD /opt/microchip/xc32/v4.10/bin/bin/../../lib/gcc/pic32mx/8.3.1/../../../../pic32mx/lib/libm-musl.a
LOAD /opt/microchip/xc32/v4.10/bin/bin/../../lib/gcc/pic32mx/8.3.1/../../../../pic32mx/lib/libdsp.a
LOAD /opt/microchip/xc32/v4.10/bin/bin/../../lib/gcc/pic32mx/8.3.1/libgcc.a
END GROUP
LOAD /opt/microchip/xc32/v4.10/bin/bin/../../lib/gcc/pic32mx/8.3.1/libgcc.a
OUTPUT(dist/default/debug/USB_CDC_TEST.X.debug.elf elf32-tradlittlemips)
LOAD stack
LOAD data_init

.reginfo        0x0000000000000000       0x18
 .reginfo       0x0000000000000000       0x18 /opt/microchip/xc32/v4.10/bin/bin/../../lib/gcc/pic32mx/8.3.1/../../../../pic32mx/lib/software-debug-break.o

.stack          0x00000000a0000ca0      0x400
 .stack         0x00000000a0000ca0      0x400 stack

.bss            0x00000000a000021c      0x504
 .bss           0x00000000a000021c      0x410 build/default/debug/_ext/1360937237/cdc.o
                0x00000000a000021c                transferDataBuffer
                0x00000000a000041c                receiveDataBuffer
                0x00000000a000061c                cdcData
 .bss           0x00000000a000062c       0xf4 build/default/debug/_ext/308758920/usb_device.o

.bss            0x00000000a0000720      0x154
 .bss           0x00000000a0000720       0xbc build/default/debug/_ext/308758920/usb_device_cdc.o
                0x00000000a0000720                gUSBDeviceCDCSerialStateResponse
                0x00000000a000072c                gUSBDeviceCDCInstance
                0x00000000a0000770                gUSBDeviceCDCIRP
 .bss           0x00000000a00007dc       0x98 build/default/debug/_ext/2128569739/drv_usbfs.o
                0x00000000a00007dc                gDrvUSBGroup

.bss            0x00000000a0000a00       0x80
 .bss           0x00000000a0000a00       0x80 build/default/debug/_ext/1171490990/initialization.o
                0x00000000a0000a00                endPointTable1

.data           0x00000000a0000874       0x50
 .data          0x00000000a0000874       0x50 build/default/debug/_ext/2128569739/drv_usbfs_device.o
                0x00000000a0000874                gDrvUSBFSDeviceInterface

.bss            0x00000000a00008c4        0xc
 .bss           0x00000000a00008c4        0xc build/default/debug/_ext/1360937237/app.o
                0x00000000a00008c4                appData

.text._DRV_USBFS_DEVICE_Tasks_ISR
                0x000000009d000000      0x65c
 .text._DRV_USBFS_DEVICE_Tasks_ISR
                0x000000009d000000      0x65c build/default/debug/_ext/2128569739/drv_usbfs_device.o
                0x000000009d000000                _DRV_USBFS_DEVICE_Tasks_ISR

.text.DRV_USBFS_DEVICE_IRPSubmit
                0x000000009d00065c      0x234
 .text.DRV_USBFS_DEVICE_IRPSubmit
                0x000000009d00065c      0x234 build/default/debug/_ext/2128569739/drv_usbfs_device.o
                0x000000009d00065c                DRV_USBFS_DEVICE_IRPSubmit

.text._USB_DEVICE_ProcessStandardDeviceSetRequests
                0x000000009d000890      0x220
 .text._USB_DEVICE_ProcessStandardDeviceSetRequests
                0x000000009d000890      0x220 build/default/debug/_ext/308758920/usb_device.o
                0x000000009d000890                _USB_DEVICE_ProcessStandardDeviceSetRequests

.text._USB_DEVICE_ControlTransferHandler
                0x000000009d000ab0      0x220
 .text._USB_DEVICE_ControlTransferHandler
                0x000000009d000ab0      0x220 build/default/debug/_ext/308758920/usb_device.o
                0x000000009d000ab0                _USB_DEVICE_ControlTransferHandler

.text._USB_DEVICE_EventHandler
                0x000000009d000cd0      0x20c
 .text._USB_DEVICE_EventHandler
                0x000000009d000cd0      0x20c build/default/debug/_ext/308758920/usb_device.o
                0x000000009d000cd0                _USB_DEVICE_EventHandler

.text.USB_DEVICE_Tasks
                0x000000009d000edc      0x204
 .text.USB_DEVICE_Tasks
                0x000000009d000edc      0x204 build/default/debug/_ext/308758920/usb_device.o
                0x000000009d000edc                USB_DEVICE_Tasks

.text._USB_DEVICE_ProcessStandardDeviceGetRequests
                0x000000009d0010e0      0x204
 .text._USB_DEVICE_ProcessStandardDeviceGetRequests
                0x000000009d0010e0      0x204 build/default/debug/_ext/308758920/usb_device.o
                0x000000009d0010e0                _USB_DEVICE_ProcessStandardDeviceGetRequests

.text.USB_DEVICE_CDC_Write
                0x000000009d0012e4      0x1c8
 .text.USB_DEVICE_CDC_Write
                0x000000009d0012e4      0x1c8 build/default/debug/_ext/308758920/usb_device_cdc.o
                0x000000009d0012e4                USB_DEVICE_CDC_Write

.text.DRV_USBFS_DEVICE_EndpointStallClear
                0x000000009d0014ac      0x1b0
 .text.DRV_USBFS_DEVICE_EndpointStallClear
                0x000000009d0014ac      0x1b0 build/default/debug/_ext/2128569739/drv_usbfs_device.o
                0x000000009d0014ac                DRV_USBFS_DEVICE_EndpointStallClear

.text.USB_DEVICE_CDC_Read
                0x000000009d00165c      0x1ac
 .text.USB_DEVICE_CDC_Read
                0x000000009d00165c      0x1ac build/default/debug/_ext/308758920/usb_device_cdc.o
                0x000000009d00165c                USB_DEVICE_CDC_Read

.text.DRV_USBFS_DEVICE_EndpointStall
                0x000000009d001808      0x1a8
 .text.DRV_USBFS_DEVICE_EndpointStall
                0x000000009d001808      0x1a8 build/default/debug/_ext/2128569739/drv_usbfs_device.o
                0x000000009d001808                DRV_USBFS_DEVICE_EndpointStall

.text.DRV_USBFS_DEVICE_EndpointEnable
                0x000000009d0019b0      0x19c
 .text.DRV_USBFS_DEVICE_EndpointEnable
                0x000000009d0019b0      0x19c build/default/debug/_ext/2128569739/drv_usbfs_device.o
                0x000000009d0019b0                DRV_USBFS_DEVICE_EndpointEnable

.text._USB_DEVICE_Ep0ReceiveCompleteCallback
                0x000000009d001b4c      0x190
 .text._USB_DEVICE_Ep0ReceiveCompleteCallback
                0x000000009d001b4c      0x190 build/default/debug/_ext/308758920/usb_device.o
                0x000000009d001b4c                _USB_DEVICE_Ep0ReceiveCompleteCallback

.text._USB_DEVICE_CDC_ACMSetUpPacketHandler
                0x000000009d001cdc      0x174
 .text._USB_DEVICE_CDC_ACMSetUpPacketHandler
                0x000000009d001cdc      0x174 build/default/debug/_ext/308758920/usb_device_cdc_acm.o
                0x000000009d001cdc                _USB_DEVICE_CDC_ACMSetUpPacketHandler

.text           0x000000009d001e50      0x168
 .text          0x000000009d001e50      0x168 /opt/microchip/xc32/v4.10/bin/bin/../../lib/gcc/pic32mx/8.3.1/../../../../pic32mx/lib/libpic32.a(memcpy.o)
                0x000000009d001e50                memcpy

.text.USB_DEVICE_Initialize
                0x000000009d001fb8      0x15c
 .text.USB_DEVICE_Initialize
                0x000000009d001fb8      0x15c build/default/debug/_ext/308758920/usb_device.o
                0x000000009d001fb8                USB_DEVICE_Initialize

.text.CDC_Tasks
                0x000000009d002114      0x15c
 .text.CDC_Tasks
                0x000000009d002114      0x15c build/default/debug/_ext/1360937237/cdc.o
                0x000000009d002114                CDC_Tasks

.text._USB_DEVICE_CDC_Initialization
                0x000000009d002270      0x154
 .text._USB_DEVICE_CDC_Initialization
                0x000000009d002270      0x154 build/default/debug/_ext/308758920/usb_device_cdc.o
                0x000000009d002270                _USB_DEVICE_CDC_Initialization

.text.DRV_USBFS_DEVICE_IRPCancelAll
                0x000000009d0023c4      0x150
 .text.DRV_USBFS_DEVICE_IRPCancelAll
                0x000000009d0023c4      0x150 build/default/debug/_ext/2128569739/drv_usbfs_device.o
                0x000000009d0023c4                DRV_USBFS_DEVICE_IRPCancelAll

.rodata         0x000000009d002514      0x150
 .rodata        0x000000009d002514      0x150 build/default/debug/_ext/1171490990/usb_device_init_data.o
                0x000000009d002514                usbDevInitData
                0x000000009d002548                usbMasterDescriptor
                0x000000009d002574                stringDescriptors
                0x000000009d002580                sd002
                0x000000009d0025b0                sd001
                0x000000009d0025e4                sd000
                0x000000009d0025e8                fullSpeedConfigDescSet
                0x000000009d0025ec                fullSpeedConfigurationDescriptor
                0x000000009d002630                deviceDescriptor
                0x000000009d002644                funcRegistrationTable
                0x000000009d002658                cdcInit0

.text.DRV_USBFS_Initialize
                0x000000009d002664      0x14c
 .text.DRV_USBFS_Initialize
                0x000000009d002664      0x14c build/default/debug/_ext/2128569739/drv_usbfs.o
                0x000000009d002664                DRV_USBFS_Initialize

.text.DRV_USBFS_DEVICE_EndpointDisable
                0x000000009d0027b0      0x140
 .text.DRV_USBFS_DEVICE_EndpointDisable
                0x000000009d0027b0      0x140 build/default/debug/_ext/2128569739/drv_usbfs_device.o
                0x000000009d0027b0                DRV_USBFS_DEVICE_EndpointDisable

.text.USBDeviceCDCEventHandler
                0x000000009d0028f0      0x140
 .text.USBDeviceCDCEventHandler
                0x000000009d0028f0      0x140 build/default/debug/_ext/1360937237/cdc.o
                0x000000009d0028f0                USBDeviceCDCEventHandler

.text.DRV_USBFS_DEVICE_IRPCancel
                0x000000009d002a30      0x128
 .text.DRV_USBFS_DEVICE_IRPCancel
                0x000000009d002a30      0x128 build/default/debug/_ext/2128569739/drv_usbfs_device.o
                0x000000009d002a30                DRV_USBFS_DEVICE_IRPCancel

.text.USB_1_Handler
                0x000000009d002b58      0x110
 .text.USB_1_Handler
                0x000000009d002b58      0x110 build/default/debug/_ext/1171490990/interrupts.o
                0x000000009d002b58                USB_1_Handler

.text._USB_DEVICE_ConfigureDevice
                0x000000009d002c68      0x10c
 .text._USB_DEVICE_ConfigureDevice
                0x000000009d002c68      0x10c build/default/debug/_ext/308758920/usb_device.o
                0x000000009d002c68                _USB_DEVICE_ConfigureDevice

.text._USB_DEVICE_CDC_ControlTransferHandler
                0x000000009d002d74      0x104
 .text._USB_DEVICE_CDC_ControlTransferHandler
                0x000000009d002d74      0x104 build/default/debug/_ext/308758920/usb_device_cdc.o
                0x000000009d002d74                _USB_DEVICE_CDC_ControlTransferHandler

.text._USB_DEVICE_ProcessStandardEndpointRequest
                0x000000009d002e78      0x100
 .text._USB_DEVICE_ProcessStandardEndpointRequest
                0x000000009d002e78      0x100 build/default/debug/_ext/308758920/usb_device.o
                0x000000009d002e78                _USB_DEVICE_ProcessStandardEndpointRequest

.dinit          0x000000009d002f78       0xe0
 .dinit         0x000000009d002f78       0xe0 data_init

.text.general_exception
                0x000000009d003058       0xdc
 .text.general_exception
                0x000000009d003058       0xdc /opt/microchip/xc32/v4.10/bin/bin/../../lib/gcc/pic32mx/8.3.1/../../../../pic32mx/lib/libpic32.a(general-exception.o)
                0x000000009d003058                _general_exception_context

.text._DRV_USBFS_DEVICE_EndpointBDTEntryArm
                0x000000009d003134       0xd8
 .text._DRV_USBFS_DEVICE_EndpointBDTEntryArm
                0x000000009d003134       0xd8 build/default/debug/_ext/2128569739/drv_usbfs_device.o
                0x000000009d003134                _DRV_USBFS_DEVICE_EndpointBDTEntryArm

.text._USB_DEVICE_GetStringDescriptorRequestProcess
                0x000000009d00320c       0xd4
 .text._USB_DEVICE_GetStringDescriptorRequestProcess
                0x000000009d00320c       0xd4 build/default/debug/_ext/308758920/usb_device.o
                0x000000009d00320c                _USB_DEVICE_GetStringDescriptorRequestProcess

.text._USB_DEVICE_Ep0TransmitCompleteCallback
                0x000000009d0032e0       0xc0
 .text._USB_DEVICE_Ep0TransmitCompleteCallback
                0x000000009d0032e0       0xc0 build/default/debug/_ext/308758920/usb_device.o
                0x000000009d0032e0                _USB_DEVICE_Ep0TransmitCompleteCallback

.text._USB_DEVICE_CDC_ReadIRPCallback
                0x000000009d0033a0       0xc0
 .text._USB_DEVICE_CDC_ReadIRPCallback
                0x000000009d0033a0       0xc0 build/default/debug/_ext/308758920/usb_device_cdc.o
                0x000000009d0033a0                _USB_DEVICE_CDC_ReadIRPCallback

.text._USB_DEVICE_CDC_WriteIRPCallback
                0x000000009d003460       0xc0
 .text._USB_DEVICE_CDC_WriteIRPCallback
                0x000000009d003460       0xc0 build/default/debug/_ext/308758920/usb_device_cdc.o
                0x000000009d003460                _USB_DEVICE_CDC_WriteIRPCallback

.text.SYS_Initialize
                0x000000009d003520       0xb8
 .text.SYS_Initialize
                0x000000009d003520       0xb8 build/default/debug/_ext/1171490990/initialization.o
                0x000000009d003520                SYS_Initialize

.text.APP_USBDeviceEventHandler
                0x000000009d0035d8       0xb8
 .text.APP_USBDeviceEventHandler
                0x000000009d0035d8       0xb8 build/default/debug/_ext/1360937237/app.o
                0x000000009d0035d8                APP_USBDeviceEventHandler

.text._USB_DEVICE_DeInitializeAllFunctionDrivers
                0x000000009d003690       0xb4
 .text._USB_DEVICE_DeInitializeAllFunctionDrivers
                0x000000009d003690       0xb4 build/default/debug/_ext/308758920/usb_device.o
                0x000000009d003690                _USB_DEVICE_DeInitializeAllFunctionDrivers

.text._USB_DEVICE_ForwardControlXfrToFunction
                0x000000009d003744       0xa0
 .text._USB_DEVICE_ForwardControlXfrToFunction
                0x000000009d003744       0xa0 build/default/debug/_ext/308758920/usb_device.o
                0x000000009d003744                _USB_DEVICE_ForwardControlXfrToFunction

.text.DRV_USBFS_Tasks_ISR
                0x000000009d0037e4       0x9c
 .text.DRV_USBFS_Tasks_ISR
                0x000000009d0037e4       0x9c build/default/debug/_ext/2128569739/drv_usbfs.o
                0x000000009d0037e4                DRV_USBFS_Tasks_ISR

.text.DRV_USBFS_DEVICE_Detach
                0x000000009d003880       0x94
 .text.DRV_USBFS_DEVICE_Detach
                0x000000009d003880       0x94 build/default/debug/_ext/2128569739/drv_usbfs_device.o
                0x000000009d003880                DRV_USBFS_DEVICE_Detach

.text._USB_DEVICE_GetFunctionDriverEntryByInterface
                0x000000009d003914       0x8c
 .text._USB_DEVICE_GetFunctionDriverEntryByInterface
                0x000000009d003914       0x8c build/default/debug/_ext/308758920/usb_device.o
                0x000000009d003914                _USB_DEVICE_GetFunctionDriverEntryByInterface

.text           0x000000009d0039a0       0x8c
 .text          0x000000009d0039a0       0x8c /opt/microchip/xc32/v4.10/bin/bin/../../lib/gcc/pic32mx/8.3.1/../../../../pic32mx/lib/libpic32.a(pic32_data_init.o)
                0x000000009d0039a0                __pic32_data_init

.text.USB_DEVICE_ControlSend
                0x000000009d003a2c       0x84
 .text.USB_DEVICE_ControlSend
                0x000000009d003a2c       0x84 build/default/debug/_ext/308758920/usb_device.o
                0x000000009d003a2c                USB_DEVICE_ControlSend

.text._USB_DEVICE_FindEndpoint
                0x000000009d003ab0       0x80
 .text._USB_DEVICE_FindEndpoint
                0x000000009d003ab0       0x80 build/default/debug/_ext/308758920/usb_device.o
                0x000000009d003ab0                _USB_DEVICE_FindEndpoint

.text.APP_Tasks
                0x000000009d003b30       0x80
 .text.APP_Tasks
                0x000000009d003b30       0x80 build/default/debug/_ext/1360937237/app.o
                0x000000009d003b30                APP_Tasks

.text.USB_DEVICE_ControlStatus
                0x000000009d003bb0       0x7c
 .text.USB_DEVICE_ControlStatus
                0x000000009d003bb0       0x7c build/default/debug/_ext/308758920/usb_device.o
                0x000000009d003bb0                USB_DEVICE_ControlStatus

.text._DRV_USBFS_DEVICE_IRPQueueFlush
                0x000000009d003c2c       0x78
 .text._DRV_USBFS_DEVICE_IRPQueueFlush
                0x000000009d003c2c       0x78 build/default/debug/_ext/2128569739/drv_usbfs_device.o
                0x000000009d003c2c                _DRV_USBFS_DEVICE_IRPQueueFlush

.text.DRV_USBFS_DEVICE_Attach
                0x000000009d003ca4       0x70
 .text.DRV_USBFS_DEVICE_Attach
                0x000000009d003ca4       0x70 build/default/debug/_ext/2128569739/drv_usbfs_device.o
                0x000000009d003ca4                DRV_USBFS_DEVICE_Attach

.text._USB_DEVICE_CDC_Deinitialization
                0x000000009d003d14       0x70
 .text._USB_DEVICE_CDC_Deinitialization
                0x000000009d003d14       0x70 build/default/debug/_ext/308758920/usb_device_cdc.o
                0x000000009d003d14                _USB_DEVICE_CDC_Deinitialization

.text.CLK_Initialize
                0x000000009d003d84       0x6c
 .text.CLK_Initialize
                0x000000009d003d84       0x6c build/default/debug/_ext/60165520/plib_clk.o
                0x000000009d003d84                CLK_Initialize

.text.DRV_USBFS_ClientEventCallBackSet
                0x000000009d003df0       0x68
 .text.DRV_USBFS_ClientEventCallBackSet
                0x000000009d003df0       0x68 build/default/debug/_ext/2128569739/drv_usbfs.o
                0x000000009d003df0                DRV_USBFS_ClientEventCallBackSet

.text.USB_DEVICE_Open
                0x000000009d003e58       0x58
 .text.USB_DEVICE_Open
                0x000000009d003e58       0x58 build/default/debug/_ext/308758920/usb_device.o
                0x000000009d003e58                USB_DEVICE_Open

.text._USB_DEVICE_RedirectControlXfrToClient
                0x000000009d003eb0       0x58
 .text._USB_DEVICE_RedirectControlXfrToClient